{
    "isDeclaration": false,
    "languageVersion": "EcmaScript5",
    "sourceUnit": {
        "kind": "SourceUnit",
        "fullStart": 0,
        "fullEnd": 748,
        "start": 476,
        "fullWidth": 748,
        "width": 272,
        "moduleElements": [
            {
                "kind": "IfStatement",
                "fullStart": 0,
                "fullEnd": 664,
                "start": 476,
                "fullWidth": 664,
                "width": 188,
                "ifKeyword": {
                    "kind": "IfKeyword",
                    "fullStart": 0,
                    "start": 476,
                    "fullWidth": 478,
                    "width": 2,
                    "text": "if",
                    "value": "if",
                    "valueText": "if",
                    "hasLeadingTrivia": true,
                    "hasLeadingComment": true,
                    "hasLeadingNewLine": true,
                    "leadingTrivia": [
                        {
                            "kind": "SingleLineCommentTrivia",
                            "fullStart": 0,
                            "fullEnd": 60,
                            "text": "// Copyright 2009 the Sputnik authors.  All rights reserved."
                        },
                        {
                            "kind": "NewLineTrivia",
                            "fullStart": 60,
                            "fullEnd": 61,
                            "text": "\n"
                        },
                        {
                            "kind": "SingleLineCommentTrivia",
                            "fullStart": 61,
                            "fullEnd": 131,
                            "text": "// This code is governed by the BSD license found in the LICENSE file."
                        },
                        {
                            "kind": "NewLineTrivia",
                            "fullStart": 131,
                            "fullEnd": 132,
                            "text": "\n"
                        },
                        {
                            "kind": "NewLineTrivia",
                            "fullStart": 132,
                            "fullEnd": 133,
                            "text": "\n"
                        },
                        {
                            "kind": "MultiLineCommentTrivia",
                            "fullStart": 133,
                            "fullEnd": 309,
                            "text": "/**\n * String.prototype.charAt(pos)\n *\n * @path ch15/15.5/15.5.4/15.5.4.4/S15.5.4.4_A1_T7.js\n * @description Call charAt() function with undefined argument of string object\n */"
                        },
                        {
                            "kind": "NewLineTrivia",
                            "fullStart": 309,
                            "fullEnd": 310,
                            "text": "\n"
                        },
                        {
                            "kind": "NewLineTrivia",
                            "fullStart": 310,
                            "fullEnd": 311,
                            "text": "\n"
                        },
                        {
                            "kind": "SingleLineCommentTrivia",
                            "fullStart": 311,
                            "fullEnd": 389,
                            "text": "//////////////////////////////////////////////////////////////////////////////"
                        },
                        {
                            "kind": "NewLineTrivia",
                            "fullStart": 389,
                            "fullEnd": 390,
                            "text": "\n"
                        },
                        {
                            "kind": "SingleLineCommentTrivia",
                            "fullStart": 390,
                            "fullEnd": 399,
                            "text": "//CHECK#1"
                        },
                        {
                            "kind": "NewLineTrivia",
                            "fullStart": 399,
                            "fullEnd": 400,
                            "text": "\n"
                        },
                        {
                            "kind": "SingleLineCommentTrivia",
                            "fullStart": 400,
                            "fullEnd": 475,
                            "text": "//since ToInteger(undefined) evaluates to 0 charAt() evaluates to charAt(0)"
                        },
                        {
                            "kind": "NewLineTrivia",
                            "fullStart": 475,
                            "fullEnd": 476,
                            "text": "\n"
                        }
                    ]
                },
                "openParenToken": {
                    "kind": "OpenParenToken",
                    "fullStart": 478,
                    "start": 479,
                    "fullWidth": 2,
                    "width": 1,
                    "text": "(",
                    "value": "(",
                    "valueText": "(",
                    "hasLeadingTrivia": true,
                    "leadingTrivia": [
                        {
                            "kind": "WhitespaceTrivia",
                            "fullStart": 478,
                            "fullEnd": 479,
                            "text": " "
                        }
                    ]
                },
                "condition": {
                    "kind": "BinaryExpression",
                    "fullStart": 480,
                    "fullEnd": 520,
                    "start": 480,
                    "fullWidth": 40,
                    "width": 40,
                    "left": {
                        "kind": "InvocationExpression",
                        "fullStart": 480,
                        "fullEnd": 512,
                        "start": 480,
                        "fullWidth": 32,
                        "width": 32,
                        "expression": {
                            "kind": "MemberAccessExpression",
                            "fullStart": 480,
                            "fullEnd": 501,
                            "start": 480,
                            "fullWidth": 21,
                            "width": 21,
                            "expression": {
                                "kind": "InvocationExpression",
                                "fullStart": 480,
                                "fullEnd": 494,
                                "start": 480,
                                "fullWidth": 14,
                                "width": 14,
                                "expression": {
                                    "kind": "IdentifierName",
                                    "fullStart": 480,
                                    "start": 480,
                                    "fullWidth": 6,
                                    "width": 6,
                                    "text": "String",
                                    "value": "String",
                                    "valueText": "String"
                                },
                                "argumentList": {
                                    "kind": "ArgumentList",
                                    "fullStart": 486,
                                    "fullEnd": 494,
                                    "start": 486,
                                    "fullWidth": 8,
                                    "width": 8,
                                    "openParenToken": {
                                        "kind": "OpenParenToken",
                                        "fullStart": 486,
                                        "start": 486,
                                        "fullWidth": 1,
                                        "width": 1,
                                        "text": "(",
                                        "value": "(",
                                        "valueText": "("
                                    },
                                    "arguments": [
                                        {
                                            "kind": "StringLiteral",
                                            "fullStart": 487,
                                            "start": 487,
                                            "fullWidth": 6,
                                            "width": 6,
                                            "text": "\"lego\"",
                                            "value": "lego",
                                            "valueText": "lego"
                                        }
                                    ],
                                    "closeParenToken": {
                                        "kind": "CloseParenToken",
                                        "fullStart": 493,
                                        "start": 493,
                                        "fullWidth": 1,
                                        "width": 1,
                                        "text": ")",
                                        "value": ")",
                                        "valueText": ")"
                                    }
                                }
                            },
                            "dotToken": {
                                "kind": "DotToken",
                                "fullStart": 494,
                                "start": 494,
                                "fullWidth": 1,
                                "width": 1,
                                "text": ".",
                                "value": ".",
                                "valueText": "."
                            },
                            "name": {
                                "kind": "IdentifierName",
                                "fullStart": 495,
                                "start": 495,
                                "fullWidth": 6,
                                "width": 6,
                                "text": "charAt",
                                "value": "charAt",
                                "valueText": "charAt"
                            }
                        },
                        "argumentList": {
                            "kind": "ArgumentList",
                            "fullStart": 501,
                            "fullEnd": 512,
                            "start": 501,
                            "fullWidth": 11,
                            "width": 11,
                            "openParenToken": {
                                "kind": "OpenParenToken",
                                "fullStart": 501,
                                "start": 501,
                                "fullWidth": 1,
                                "width": 1,
                                "text": "(",
                                "value": "(",
                                "valueText": "("
                            },
                            "arguments": [
                                {
                                    "kind": "IdentifierName",
                                    "fullStart": 502,
                                    "start": 502,
                                    "fullWidth": 9,
                                    "width": 9,
                                    "text": "undefined",
                                    "value": "undefined",
                                    "valueText": "undefined"
                                }
                            ],
                            "closeParenToken": {
                                "kind": "CloseParenToken",
                                "fullStart": 511,
                                "start": 511,
                                "fullWidth": 1,
                                "width": 1,
                                "text": ")",
                                "value": ")",
                                "valueText": ")"
                            }
                        }
                    },
                    "operatorToken": {
                        "kind": "ExclamationEqualsEqualsToken",
                        "fullStart": 512,
                        "start": 513,
                        "fullWidth": 4,
                        "width": 3,
                        "text": "!==",
                        "value": "!==",
                        "valueText": "!==",
                        "hasLeadingTrivia": true,
                        "leadingTrivia": [
                            {
                                "kind": "WhitespaceTrivia",
                                "fullStart": 512,
                                "fullEnd": 513,
                                "text": " "
                            }
                        ]
                    },
                    "right": {
                        "kind": "StringLiteral",
                        "fullStart": 516,
                        "start": 517,
                        "fullWidth": 4,
                        "width": 3,
                        "text": "\"l\"",
                        "value": "l",
                        "valueText": "l",
                        "hasLeadingTrivia": true,
                        "leadingTrivia": [
                            {
                                "kind": "WhitespaceTrivia",
                                "fullStart": 516,
                                "fullEnd": 517,
                                "text": " "
                            }
                        ]
                    }
                },
                "closeParenToken": {
                    "kind": "CloseParenToken",
                    "fullStart": 520,
                    "start": 520,
                    "fullWidth": 1,
                    "width": 1,
                    "text": ")",
                    "value": ")",
                    "valueText": ")"
                },
                "statement": {
                    "kind": "Block",
                    "fullStart": 521,
                    "fullEnd": 664,
                    "start": 522,
                    "fullWidth": 143,
                    "width": 142,
                    "openBraceToken": {
                        "kind": "OpenBraceToken",
                        "fullStart": 521,
                        "start": 522,
                        "fullWidth": 2,
                        "width": 1,
                        "text": "{",
                        "value": "{",
                        "valueText": "{",
                        "hasLeadingTrivia": true,
                        "leadingTrivia": [
                            {
                                "kind": "WhitespaceTrivia",
                                "fullStart": 521,
                                "fullEnd": 522,
                                "text": " "
                            }
                        ]
                    },
                    "statements": [
                        {
                            "kind": "ExpressionStatement",
                            "fullStart": 523,
                            "fullEnd": 661,
                            "start": 526,
                            "fullWidth": 138,
                            "width": 135,
                            "expression": {
                                "kind": "InvocationExpression",
                                "fullStart": 523,
                                "fullEnd": 660,
                                "start": 526,
                                "fullWidth": 137,
                                "width": 134,
                                "expression": {
                                    "kind": "IdentifierName",
                                    "fullStart": 523,
                                    "start": 526,
                                    "fullWidth": 9,
                                    "width": 6,
                                    "text": "$ERROR",
                                    "value": "$ERROR",
                                    "valueText": "$ERROR",
                                    "hasLeadingTrivia": true,
                                    "hasLeadingNewLine": true,
                                    "leadingTrivia": [
                                        {
                                            "kind": "NewLineTrivia",
                                            "fullStart": 523,
                                            "fullEnd": 524,
                                            "text": "\n"
                                        },
                                        {
                                            "kind": "WhitespaceTrivia",
                                            "fullStart": 524,
                                            "fullEnd": 526,
                                            "text": "  "
                                        }
                                    ]
                                },
                                "argumentList": {
                                    "kind": "ArgumentList",
                                    "fullStart": 532,
                                    "fullEnd": 660,
                                    "start": 532,
                                    "fullWidth": 128,
                                    "width": 128,
                                    "openParenToken": {
                                        "kind": "OpenParenToken",
                                        "fullStart": 532,
                                        "start": 532,
                                        "fullWidth": 1,
                                        "width": 1,
                                        "text": "(",
                                        "value": "(",
                                        "valueText": "("
                                    },
                                    "arguments": [
                                        {
                                            "kind": "BinaryExpression",
                                            "fullStart": 533,
                                            "fullEnd": 658,
                                            "start": 533,
                                            "fullWidth": 125,
                                            "width": 125,
                                            "left": {
                                                "kind": "StringLiteral",
                                                "fullStart": 533,
                                                "start": 533,
                                                "fullWidth": 92,
                                                "width": 92,
                                                "text": "'#1: String(\"lego\").charAt(undefined) === \"l\". Actual: String(\"lego\").charAt(undefined) ==='",
                                                "value": "#1: String(\"lego\").charAt(undefined) === \"l\". Actual: String(\"lego\").charAt(undefined) ===",
                                                "valueText": "#1: String(\"lego\").charAt(undefined) === \"l\". Actual: String(\"lego\").charAt(undefined) ==="
                                            },
                                            "operatorToken": {
                                                "kind": "PlusToken",
                                                "fullStart": 625,
                                                "start": 625,
                                                "fullWidth": 1,
                                                "width": 1,
                                                "text": "+",
                                                "value": "+",
                                                "valueText": "+"
                                            },
                                            "right": {
                                                "kind": "InvocationExpression",
                                                "fullStart": 626,
                                                "fullEnd": 658,
                                                "start": 626,
                                                "fullWidth": 32,
                                                "width": 32,
                                                "expression": {
                                                    "kind": "MemberAccessExpression",
                                                    "fullStart": 626,
                                                    "fullEnd": 647,
                                                    "start": 626,
                                                    "fullWidth": 21,
                                                    "width": 21,
                                                    "expression": {
                                                        "kind": "InvocationExpression",
                                                        "fullStart": 626,
                                                        "fullEnd": 640,
                                                        "start": 626,
                                                        "fullWidth": 14,
                                                        "width": 14,
                                                        "expression": {
                                                            "kind": "IdentifierName",
                                                            "fullStart": 626,
                                                            "start": 626,
                                                            "fullWidth": 6,
                                                            "width": 6,
                                                            "text": "String",
                                                            "value": "String",
                                                            "valueText": "String"
                                                        },
                                                        "argumentList": {
                                                            "kind": "ArgumentList",
                                                            "fullStart": 632,
                                                            "fullEnd": 640,
                                                            "start": 632,
                                                            "fullWidth": 8,
                                                            "width": 8,
                                                            "openParenToken": {
                                                                "kind": "OpenParenToken",
                                                                "fullStart": 632,
                                                                "start": 632,
                                                                "fullWidth": 1,
                                                                "width": 1,
                                                                "text": "(",
                                                                "value": "(",
                                                                "valueText": "("
                                                            },
                                                            "arguments": [
                                                                {
                                                                    "kind": "StringLiteral",
                                                                    "fullStart": 633,
                                                                    "start": 633,
                                                                    "fullWidth": 6,
                                                                    "width": 6,
                                                                    "text": "\"lego\"",
                                                                    "value": "lego",
                                                                    "valueText": "lego"
                                                                }
                                                            ],
                                                            "closeParenToken": {
                                                                "kind": "CloseParenToken",
                                                                "fullStart": 639,
                                                                "start": 639,
                                                                "fullWidth": 1,
                                                                "width": 1,
                                                                "text": ")",
                                                                "value": ")",
                                                                "valueText": ")"
                                                            }
                                                        }
                                                    },
                                                    "dotToken": {
                                                        "kind": "DotToken",
                                                        "fullStart": 640,
                                                        "start": 640,
                                                        "fullWidth": 1,
                                                        "width": 1,
                                                        "text": ".",
                                                        "value": ".",
                                                        "valueText": "."
                                                    },
                                                    "name": {
                                                        "kind": "IdentifierName",
                                                        "fullStart": 641,
                                                        "start": 641,
                                                        "fullWidth": 6,
                                                        "width": 6,
                                                        "text": "charAt",
                                                        "value": "charAt",
                                                        "valueText": "charAt"
                                                    }
                                                },
                                                "argumentList": {
                                                    "kind": "ArgumentList",
                                                    "fullStart": 647,
                                                    "fullEnd": 658,
                                                    "start": 647,
                                                    "fullWidth": 11,
                                                    "width": 11,
                                                    "openParenToken": {
                                                        "kind": "OpenParenToken",
                                                        "fullStart": 647,
                                                        "start": 647,
                                                        "fullWidth": 1,
                                                        "width": 1,
                                                        "text": "(",
                                                        "value": "(",
                                                        "valueText": "("
                                                    },
                                                    "arguments": [
                                                        {
                                                            "kind": "IdentifierName",
                                                            "fullStart": 648,
                                                            "start": 648,
                                                            "fullWidth": 9,
                                                            "width": 9,
                                                            "text": "undefined",
                                                            "value": "undefined",
                                                            "valueText": "undefined"
                                                        }
                                                    ],
                                                    "closeParenToken": {
                                                        "kind": "CloseParenToken",
                                                        "fullStart": 657,
                                                        "start": 657,
                                                        "fullWidth": 1,
                                                        "width": 1,
                                                        "text": ")",
                                                        "value": ")",
                                                        "valueText": ")"
                                                    }
                                                }
                                            }
                                        }
                                    ],
                                    "closeParenToken": {
                                        "kind": "CloseParenToken",
                                        "fullStart": 658,
                                        "start": 659,
                                        "fullWidth": 2,
                                        "width": 1,
                                        "text": ")",
                                        "value": ")",
                                        "valueText": ")",
                                        "hasLeadingTrivia": true,
                                        "leadingTrivia": [
                                            {
                                                "kind": "WhitespaceTrivia",
                                                "fullStart": 658,
                                                "fullEnd": 659,
                                                "text": " "
                                            }
                                        ]
                                    }
                                }
                            },
                            "semicolonToken": {
                                "kind": "SemicolonToken",
                                "fullStart": 660,
                                "start": 660,
                                "fullWidth": 1,
                                "width": 1,
                                "text": ";",
                                "value": ";",
                                "valueText": ";"
                            }
                        }
                    ],
                    "closeBraceToken": {
                        "kind": "CloseBraceToken",
                        "fullStart": 661,
                        "start": 663,
                        "fullWidth": 3,
                        "width": 1,
                        "text": "}",
                        "value": "}",
                        "valueText": "}",
                        "hasLeadingTrivia": true,
                        "hasLeadingNewLine": true,
                        "leadingTrivia": [
                            {
                                "kind": "WhitespaceTrivia",
                                "fullStart": 661,
                                "fullEnd": 662,
                                "text": " "
                            },
                            {
                                "kind": "NewLineTrivia",
                                "fullStart": 662,
                                "fullEnd": 663,
                                "text": "\n"
                            }
                        ]
                    }
                }
            }
        ],
        "endOfFileToken": {
            "kind": "EndOfFileToken",
            "fullStart": 664,
            "start": 748,
            "fullWidth": 84,
            "width": 0,
            "text": "",
            "hasLeadingTrivia": true,
            "hasLeadingComment": true,
            "hasLeadingNewLine": true,
            "leadingTrivia": [
                {
                    "kind": "NewLineTrivia",
                    "fullStart": 664,
                    "fullEnd": 665,
                    "text": "\n"
                },
                {
                    "kind": "SingleLineCommentTrivia",
                    "fullStart": 665,
                    "fullEnd": 667,
                    "text": "//"
                },
                {
                    "kind": "NewLineTrivia",
                    "fullStart": 667,
                    "fullEnd": 668,
                    "text": "\n"
                },
                {
                    "kind": "SingleLineCommentTrivia",
                    "fullStart": 668,
                    "fullEnd": 746,
                    "text": "//////////////////////////////////////////////////////////////////////////////"
                },
                {
                    "kind": "NewLineTrivia",
                    "fullStart": 746,
                    "fullEnd": 747,
                    "text": "\n"
                },
                {
                    "kind": "NewLineTrivia",
                    "fullStart": 747,
                    "fullEnd": 748,
                    "text": "\n"
                }
            ]
        }
    },
    "lineMap": {
        "lineStarts": [
            0,
            61,
            132,
            133,
            137,
            169,
            172,
            226,
            306,
            310,
            311,
            390,
            400,
            476,
            524,
            663,
            665,
            668,
            747,
            748
        ],
        "length": 748
    }
}