{
    "isDeclaration": false,
    "languageVersion": "EcmaScript5",
    "sourceUnit": {
        "kind": "SourceUnit",
        "start": 422,
        "end": 565,
        "width": 143,
        "moduleElements": [
            {
                "kind": "ExpressionStatement",
                "start": 422,
                "end": 469,
                "width": 47,
                "expression": {
                    "kind": "BinaryExpression",
                    "start": 422,
                    "end": 468,
                    "width": 46,
                    "left": {
                        "kind": "IdentifierName",
                        "fullStart": 0,
                        "start": 422,
                        "fullWidth": 432,
                        "width": 10,
                        "text": "__executed",
                        "value": "__executed",
                        "valueText": "___executed",
                        "hasLeadingTrivia": true,
                        "hasLeadingComment": true,
                        "hasLeadingNewLine": true,
                        "leadingTrivia": [
                            {
                                "kind": "SingleLineCommentTrivia",
                                "fullStart": 0,
                                "fullEnd": 60,
                                "text": "// Copyright 2009 the Sputnik authors.  All rights reserved."
                            },
                            {
                                "kind": "NewLineTrivia",
                                "fullStart": 60,
                                "fullEnd": 61,
                                "text": "\n"
                            },
                            {
                                "kind": "SingleLineCommentTrivia",
                                "fullStart": 61,
                                "fullEnd": 131,
                                "text": "// This code is governed by the BSD license found in the LICENSE file."
                            },
                            {
                                "kind": "NewLineTrivia",
                                "fullStart": 131,
                                "fullEnd": 132,
                                "text": "\n"
                            },
                            {
                                "kind": "NewLineTrivia",
                                "fullStart": 132,
                                "fullEnd": 133,
                                "text": "\n"
                            },
                            {
                                "kind": "MultiLineCommentTrivia",
                                "fullStart": 133,
                                "fullEnd": 420,
                                "text": "/**\n * The production Assertion :: ^ evaluates by returning an internal AssertionTester closure that takes a State argument x and performs the ...\n *\n * @path ch15/15.10/15.10.2/15.10.2.6/S15.10.2.6_A2_T1.js\n * @description Execute /^m/.test(\"pairs\\nmakes\\tdouble\") and check results\n */"
                            },
                            {
                                "kind": "NewLineTrivia",
                                "fullStart": 420,
                                "fullEnd": 421,
                                "text": "\n"
                            },
                            {
                                "kind": "NewLineTrivia",
                                "fullStart": 421,
                                "fullEnd": 422,
                                "text": "\n"
                            }
                        ]
                    },
                    "operatorToken": {
                        "kind": "EqualsToken",
                        "fullStart": 432,
                        "start": 433,
                        "fullWidth": 2,
                        "width": 1,
                        "text": "=",
                        "value": "=",
                        "valueText": "=",
                        "hasLeadingTrivia": true,
                        "leadingTrivia": [
                            {
                                "kind": "WhitespaceTrivia",
                                "fullStart": 432,
                                "fullEnd": 433,
                                "text": " "
                            }
                        ]
                    },
                    "right": {
                        "kind": "InvocationExpression",
                        "start": 435,
                        "end": 468,
                        "width": 33,
                        "expression": {
                            "kind": "MemberAccessExpression",
                            "start": 435,
                            "end": 444,
                            "width": 9,
                            "expression": {
                                "kind": "RegularExpressionLiteral",
                                "fullStart": 434,
                                "start": 435,
                                "fullWidth": 5,
                                "width": 4,
                                "text": "/^m/",
                                "value": {},
                                "valueText": "/^m/",
                                "hasLeadingTrivia": true,
                                "leadingTrivia": [
                                    {
                                        "kind": "WhitespaceTrivia",
                                        "fullStart": 434,
                                        "fullEnd": 435,
                                        "text": " "
                                    }
                                ]
                            },
                            "dotToken": {
                                "kind": "DotToken",
                                "fullStart": 439,
                                "start": 439,
                                "fullWidth": 1,
                                "width": 1,
                                "text": ".",
                                "value": ".",
                                "valueText": "."
                            },
                            "name": {
                                "kind": "IdentifierName",
                                "fullStart": 440,
                                "start": 440,
                                "fullWidth": 4,
                                "width": 4,
                                "text": "test",
                                "value": "test",
                                "valueText": "test"
                            }
                        },
                        "argumentList": {
                            "kind": "ArgumentList",
                            "start": 444,
                            "end": 468,
                            "width": 24,
                            "openParenToken": {
                                "kind": "OpenParenToken",
                                "fullStart": 444,
                                "start": 444,
                                "fullWidth": 1,
                                "width": 1,
                                "text": "(",
                                "value": "(",
                                "valueText": "("
                            },
                            "arguments": [
                                {
                                    "kind": "StringLiteral",
                                    "fullStart": 445,
                                    "start": 445,
                                    "fullWidth": 22,
                                    "width": 22,
                                    "text": "\"pairs\\nmakes\\tdouble\"",
                                    "value": "pairs\nmakes\tdouble",
                                    "valueText": "pairs\nmakes\tdouble"
                                }
                            ],
                            "closeParenToken": {
                                "kind": "CloseParenToken",
                                "fullStart": 467,
                                "start": 467,
                                "fullWidth": 1,
                                "width": 1,
                                "text": ")",
                                "value": ")",
                                "valueText": ")"
                            }
                        }
                    }
                },
                "semicolonToken": {
                    "kind": "SemicolonToken",
                    "fullStart": 468,
                    "start": 468,
                    "fullWidth": 1,
                    "width": 1,
                    "text": ";",
                    "value": ";",
                    "valueText": ";"
                }
            },
            {
                "kind": "IfStatement",
                "start": 481,
                "end": 562,
                "width": 81,
                "ifKeyword": {
                    "kind": "IfKeyword",
                    "fullStart": 469,
                    "start": 481,
                    "fullWidth": 14,
                    "width": 2,
                    "text": "if",
                    "value": "if",
                    "valueText": "if",
                    "hasLeadingTrivia": true,
                    "hasLeadingComment": true,
                    "hasLeadingNewLine": true,
                    "leadingTrivia": [
                        {
                            "kind": "NewLineTrivia",
                            "fullStart": 469,
                            "fullEnd": 470,
                            "text": "\n"
                        },
                        {
                            "kind": "NewLineTrivia",
                            "fullStart": 470,
                            "fullEnd": 471,
                            "text": "\n"
                        },
                        {
                            "kind": "SingleLineCommentTrivia",
                            "fullStart": 471,
                            "fullEnd": 480,
                            "text": "//CHECK#1"
                        },
                        {
                            "kind": "NewLineTrivia",
                            "fullStart": 480,
                            "fullEnd": 481,
                            "text": "\n"
                        }
                    ]
                },
                "openParenToken": {
                    "kind": "OpenParenToken",
                    "fullStart": 483,
                    "start": 484,
                    "fullWidth": 2,
                    "width": 1,
                    "text": "(",
                    "value": "(",
                    "valueText": "(",
                    "hasLeadingTrivia": true,
                    "leadingTrivia": [
                        {
                            "kind": "WhitespaceTrivia",
                            "fullStart": 483,
                            "fullEnd": 484,
                            "text": " "
                        }
                    ]
                },
                "condition": {
                    "kind": "IdentifierName",
                    "fullStart": 485,
                    "start": 485,
                    "fullWidth": 10,
                    "width": 10,
                    "text": "__executed",
                    "value": "__executed",
                    "valueText": "___executed"
                },
                "closeParenToken": {
                    "kind": "CloseParenToken",
                    "fullStart": 495,
                    "start": 495,
                    "fullWidth": 1,
                    "width": 1,
                    "text": ")",
                    "value": ")",
                    "valueText": ")"
                },
                "statement": {
                    "kind": "Block",
                    "start": 497,
                    "end": 562,
                    "width": 65,
                    "openBraceToken": {
                        "kind": "OpenBraceToken",
                        "fullStart": 496,
                        "start": 497,
                        "fullWidth": 2,
                        "width": 1,
                        "text": "{",
                        "value": "{",
                        "valueText": "{",
                        "hasLeadingTrivia": true,
                        "leadingTrivia": [
                            {
                                "kind": "WhitespaceTrivia",
                                "fullStart": 496,
                                "fullEnd": 497,
                                "text": " "
                            }
                        ]
                    },
                    "statements": [
                        {
                            "kind": "ExpressionStatement",
                            "start": 500,
                            "end": 560,
                            "width": 60,
                            "expression": {
                                "kind": "InvocationExpression",
                                "start": 500,
                                "end": 559,
                                "width": 59,
                                "expression": {
                                    "kind": "IdentifierName",
                                    "fullStart": 498,
                                    "start": 500,
                                    "fullWidth": 8,
                                    "width": 6,
                                    "text": "$ERROR",
                                    "value": "$ERROR",
                                    "valueText": "$ERROR",
                                    "hasLeadingTrivia": true,
                                    "hasLeadingNewLine": true,
                                    "leadingTrivia": [
                                        {
                                            "kind": "NewLineTrivia",
                                            "fullStart": 498,
                                            "fullEnd": 499,
                                            "text": "\n"
                                        },
                                        {
                                            "kind": "WhitespaceTrivia",
                                            "fullStart": 499,
                                            "fullEnd": 500,
                                            "text": "\t"
                                        }
                                    ]
                                },
                                "argumentList": {
                                    "kind": "ArgumentList",
                                    "start": 506,
                                    "end": 559,
                                    "width": 53,
                                    "openParenToken": {
                                        "kind": "OpenParenToken",
                                        "fullStart": 506,
                                        "start": 506,
                                        "fullWidth": 1,
                                        "width": 1,
                                        "text": "(",
                                        "value": "(",
                                        "valueText": "("
                                    },
                                    "arguments": [
                                        {
                                            "kind": "StringLiteral",
                                            "fullStart": 507,
                                            "start": 507,
                                            "fullWidth": 51,
                                            "width": 51,
                                            "text": "'#1: /^m/.test(\"pairs\\\\nmakes\\\\tdouble\") === false'",
                                            "value": "#1: /^m/.test(\"pairs\\nmakes\\tdouble\") === false",
                                            "valueText": "#1: /^m/.test(\"pairs\\nmakes\\tdouble\") === false"
                                        }
                                    ],
                                    "closeParenToken": {
                                        "kind": "CloseParenToken",
                                        "fullStart": 558,
                                        "start": 558,
                                        "fullWidth": 1,
                                        "width": 1,
                                        "text": ")",
                                        "value": ")",
                                        "valueText": ")"
                                    }
                                }
                            },
                            "semicolonToken": {
                                "kind": "SemicolonToken",
                                "fullStart": 559,
                                "start": 559,
                                "fullWidth": 1,
                                "width": 1,
                                "text": ";",
                                "value": ";",
                                "valueText": ";"
                            }
                        }
                    ],
                    "closeBraceToken": {
                        "kind": "CloseBraceToken",
                        "fullStart": 560,
                        "start": 561,
                        "fullWidth": 2,
                        "width": 1,
                        "text": "}",
                        "value": "}",
                        "valueText": "}",
                        "hasLeadingTrivia": true,
                        "hasLeadingNewLine": true,
                        "leadingTrivia": [
                            {
                                "kind": "NewLineTrivia",
                                "fullStart": 560,
                                "fullEnd": 561,
                                "text": "\n"
                            }
                        ]
                    }
                }
            }
        ],
        "endOfFileToken": {
            "kind": "EndOfFileToken",
            "fullStart": 562,
            "start": 565,
            "fullWidth": 3,
            "width": 0,
            "text": "",
            "hasLeadingTrivia": true,
            "hasLeadingNewLine": true,
            "leadingTrivia": [
                {
                    "kind": "NewLineTrivia",
                    "fullStart": 562,
                    "fullEnd": 563,
                    "text": "\n"
                },
                {
                    "kind": "NewLineTrivia",
                    "fullStart": 563,
                    "fullEnd": 564,
                    "text": "\n"
                },
                {
                    "kind": "NewLineTrivia",
                    "fullStart": 564,
                    "fullEnd": 565,
                    "text": "\n"
                }
            ]
        }
    },
    "lineMap": {
        "lineStarts": [
            0,
            61,
            132,
            133,
            137,
            280,
            283,
            341,
            417,
            421,
            422,
            470,
            471,
            481,
            499,
            561,
            563,
            564,
            565
        ],
        "length": 565
    }
}