{
    "isDeclaration": false,
    "languageVersion": "EcmaScript5",
    "sourceUnit": {
        "kind": "SourceUnit",
        "start": 487,
        "end": 634,
        "width": 147,
        "moduleElements": [
            {
                "kind": "FunctionDeclaration",
                "start": 487,
                "end": 608,
                "width": 121,
                "functionKeyword": {
                    "kind": "FunctionKeyword",
                    "fullStart": 0,
                    "start": 487,
                    "fullWidth": 495,
                    "width": 8,
                    "text": "function",
                    "value": "function",
                    "valueText": "function",
                    "hasLeadingTrivia": true,
                    "hasLeadingComment": true,
                    "hasLeadingNewLine": true,
                    "leadingTrivia": [
                        {
                            "kind": "SingleLineCommentTrivia",
                            "fullStart": 0,
                            "fullEnd": 65,
                            "text": "/// Copyright (c) 2012 Ecma International.  All rights reserved. "
                        },
                        {
                            "kind": "NewLineTrivia",
                            "fullStart": 65,
                            "fullEnd": 67,
                            "text": "\r\n"
                        },
                        {
                            "kind": "SingleLineCommentTrivia",
                            "fullStart": 67,
                            "fullEnd": 150,
                            "text": "/// Ecma International makes this code available under the terms and conditions set"
                        },
                        {
                            "kind": "NewLineTrivia",
                            "fullStart": 150,
                            "fullEnd": 152,
                            "text": "\r\n"
                        },
                        {
                            "kind": "SingleLineCommentTrivia",
                            "fullStart": 152,
                            "fullEnd": 230,
                            "text": "/// forth on http://hg.ecmascript.org/tests/test262/raw-file/tip/LICENSE (the "
                        },
                        {
                            "kind": "NewLineTrivia",
                            "fullStart": 230,
                            "fullEnd": 232,
                            "text": "\r\n"
                        },
                        {
                            "kind": "SingleLineCommentTrivia",
                            "fullStart": 232,
                            "fullEnd": 306,
                            "text": "/// \"Use Terms\").   Any redistribution of this code must retain the above "
                        },
                        {
                            "kind": "NewLineTrivia",
                            "fullStart": 306,
                            "fullEnd": 308,
                            "text": "\r\n"
                        },
                        {
                            "kind": "SingleLineCommentTrivia",
                            "fullStart": 308,
                            "fullEnd": 378,
                            "text": "/// copyright and this notice and otherwise comply with the Use Terms."
                        },
                        {
                            "kind": "NewLineTrivia",
                            "fullStart": 378,
                            "fullEnd": 380,
                            "text": "\r\n"
                        },
                        {
                            "kind": "MultiLineCommentTrivia",
                            "fullStart": 380,
                            "fullEnd": 481,
                            "text": "/**\r\n * @path ch15/15.10/15.10.6/15.10.6.js\r\n * @description RegExp.prototype is itself a RegExp\r\n */"
                        },
                        {
                            "kind": "NewLineTrivia",
                            "fullStart": 481,
                            "fullEnd": 483,
                            "text": "\r\n"
                        },
                        {
                            "kind": "NewLineTrivia",
                            "fullStart": 483,
                            "fullEnd": 485,
                            "text": "\r\n"
                        },
                        {
                            "kind": "NewLineTrivia",
                            "fullStart": 485,
                            "fullEnd": 487,
                            "text": "\r\n"
                        }
                    ]
                },
                "identifier": {
                    "kind": "IdentifierName",
                    "fullStart": 495,
                    "start": 496,
                    "fullWidth": 9,
                    "width": 8,
                    "text": "testcase",
                    "value": "testcase",
                    "valueText": "testcase",
                    "hasLeadingTrivia": true,
                    "leadingTrivia": [
                        {
                            "kind": "WhitespaceTrivia",
                            "fullStart": 495,
                            "fullEnd": 496,
                            "text": " "
                        }
                    ]
                },
                "callSignature": {
                    "kind": "CallSignature",
                    "start": 504,
                    "end": 506,
                    "width": 2,
                    "parameterList": {
                        "kind": "ParameterList",
                        "start": 504,
                        "end": 506,
                        "width": 2,
                        "openParenToken": {
                            "kind": "OpenParenToken",
                            "fullStart": 504,
                            "start": 504,
                            "fullWidth": 1,
                            "width": 1,
                            "text": "(",
                            "value": "(",
                            "valueText": "("
                        },
                        "closeParenToken": {
                            "kind": "CloseParenToken",
                            "fullStart": 505,
                            "start": 505,
                            "fullWidth": 1,
                            "width": 1,
                            "text": ")",
                            "value": ")",
                            "valueText": ")"
                        }
                    }
                },
                "body": {
                    "kind": "Block",
                    "start": 507,
                    "end": 608,
                    "width": 101,
                    "openBraceToken": {
                        "kind": "OpenBraceToken",
                        "fullStart": 506,
                        "start": 507,
                        "fullWidth": 2,
                        "width": 1,
                        "text": "{",
                        "value": "{",
                        "valueText": "{",
                        "hasLeadingTrivia": true,
                        "leadingTrivia": [
                            {
                                "kind": "WhitespaceTrivia",
                                "fullStart": 506,
                                "fullEnd": 507,
                                "text": " "
                            }
                        ]
                    },
                    "statements": [
                        {
                            "kind": "VariableStatement",
                            "start": 512,
                            "end": 569,
                            "width": 57,
                            "variableDeclaration": {
                                "kind": "VariableDeclaration",
                                "start": 512,
                                "end": 568,
                                "width": 56,
                                "varConstOrLetKeyword": {
                                    "kind": "VarKeyword",
                                    "fullStart": 508,
                                    "start": 512,
                                    "fullWidth": 7,
                                    "width": 3,
                                    "text": "var",
                                    "value": "var",
                                    "valueText": "var",
                                    "hasLeadingTrivia": true,
                                    "hasLeadingNewLine": true,
                                    "leadingTrivia": [
                                        {
                                            "kind": "NewLineTrivia",
                                            "fullStart": 508,
                                            "fullEnd": 510,
                                            "text": "\r\n"
                                        },
                                        {
                                            "kind": "WhitespaceTrivia",
                                            "fullStart": 510,
                                            "fullEnd": 512,
                                            "text": "  "
                                        }
                                    ]
                                },
                                "variableDeclarators": [
                                    {
                                        "kind": "VariableDeclarator",
                                        "start": 516,
                                        "end": 568,
                                        "width": 52,
                                        "propertyName": {
                                            "kind": "IdentifierName",
                                            "fullStart": 515,
                                            "start": 516,
                                            "fullWidth": 2,
                                            "width": 1,
                                            "text": "s",
                                            "value": "s",
                                            "valueText": "s",
                                            "hasLeadingTrivia": true,
                                            "leadingTrivia": [
                                                {
                                                    "kind": "WhitespaceTrivia",
                                                    "fullStart": 515,
                                                    "fullEnd": 516,
                                                    "text": " "
                                                }
                                            ]
                                        },
                                        "equalsValueClause": {
                                            "kind": "EqualsValueClause",
                                            "start": 518,
                                            "end": 568,
                                            "width": 50,
                                            "equalsToken": {
                                                "kind": "EqualsToken",
                                                "fullStart": 517,
                                                "start": 518,
                                                "fullWidth": 2,
                                                "width": 1,
                                                "text": "=",
                                                "value": "=",
                                                "valueText": "=",
                                                "hasLeadingTrivia": true,
                                                "leadingTrivia": [
                                                    {
                                                        "kind": "WhitespaceTrivia",
                                                        "fullStart": 517,
                                                        "fullEnd": 518,
                                                        "text": " "
                                                    }
                                                ]
                                            },
                                            "value": {
                                                "kind": "InvocationExpression",
                                                "start": 520,
                                                "end": 568,
                                                "width": 48,
                                                "expression": {
                                                    "kind": "PropertyAccessExpression",
                                                    "start": 520,
                                                    "end": 550,
                                                    "width": 30,
                                                    "expression": {
                                                        "kind": "PropertyAccessExpression",
                                                        "start": 520,
                                                        "end": 545,
                                                        "width": 25,
                                                        "expression": {
                                                            "kind": "PropertyAccessExpression",
                                                            "start": 520,
                                                            "end": 536,
                                                            "width": 16,
                                                            "expression": {
                                                                "kind": "IdentifierName",
                                                                "fullStart": 519,
                                                                "start": 520,
                                                                "fullWidth": 7,
                                                                "width": 6,
                                                                "text": "Object",
                                                                "value": "Object",
                                                                "valueText": "Object",
                                                                "hasLeadingTrivia": true,
                                                                "leadingTrivia": [
                                                                    {
                                                                        "kind": "WhitespaceTrivia",
                                                                        "fullStart": 519,
                                                                        "fullEnd": 520,
                                                                        "text": " "
                                                                    }
                                                                ]
                                                            },
                                                            "dotToken": {
                                                                "kind": "DotToken",
                                                                "fullStart": 526,
                                                                "start": 526,
                                                                "fullWidth": 1,
                                                                "width": 1,
                                                                "text": ".",
                                                                "value": ".",
                                                                "valueText": "."
                                                            },
                                                            "name": {
                                                                "kind": "IdentifierName",
                                                                "fullStart": 527,
                                                                "start": 527,
                                                                "fullWidth": 9,
                                                                "width": 9,
                                                                "text": "prototype",
                                                                "value": "prototype",
                                                                "valueText": "prototype"
                                                            }
                                                        },
                                                        "dotToken": {
                                                            "kind": "DotToken",
                                                            "fullStart": 536,
                                                            "start": 536,
                                                            "fullWidth": 1,
                                                            "width": 1,
                                                            "text": ".",
                                                            "value": ".",
                                                            "valueText": "."
                                                        },
                                                        "name": {
                                                            "kind": "IdentifierName",
                                                            "fullStart": 537,
                                                            "start": 537,
                                                            "fullWidth": 8,
                                                            "width": 8,
                                                            "text": "toString",
                                                            "value": "toString",
                                                            "valueText": "toString"
                                                        }
                                                    },
                                                    "dotToken": {
                                                        "kind": "DotToken",
                                                        "fullStart": 545,
                                                        "start": 545,
                                                        "fullWidth": 1,
                                                        "width": 1,
                                                        "text": ".",
                                                        "value": ".",
                                                        "valueText": "."
                                                    },
                                                    "name": {
                                                        "kind": "IdentifierName",
                                                        "fullStart": 546,
                                                        "start": 546,
                                                        "fullWidth": 4,
                                                        "width": 4,
                                                        "text": "call",
                                                        "value": "call",
                                                        "valueText": "call"
                                                    }
                                                },
                                                "argumentList": {
                                                    "kind": "ArgumentList",
                                                    "start": 550,
                                                    "end": 568,
                                                    "width": 18,
                                                    "openParenToken": {
                                                        "kind": "OpenParenToken",
                                                        "fullStart": 550,
                                                        "start": 550,
                                                        "fullWidth": 1,
                                                        "width": 1,
                                                        "text": "(",
                                                        "value": "(",
                                                        "valueText": "("
                                                    },
                                                    "arguments": [
                                                        {
                                                            "kind": "PropertyAccessExpression",
                                                            "start": 551,
                                                            "end": 567,
                                                            "width": 16,
                                                            "expression": {
                                                                "kind": "IdentifierName",
                                                                "fullStart": 551,
                                                                "start": 551,
                                                                "fullWidth": 6,
                                                                "width": 6,
                                                                "text": "RegExp",
                                                                "value": "RegExp",
                                                                "valueText": "RegExp"
                                                            },
                                                            "dotToken": {
                                                                "kind": "DotToken",
                                                                "fullStart": 557,
                                                                "start": 557,
                                                                "fullWidth": 1,
                                                                "width": 1,
                                                                "text": ".",
                                                                "value": ".",
                                                                "valueText": "."
                                                            },
                                                            "name": {
                                                                "kind": "IdentifierName",
                                                                "fullStart": 558,
                                                                "start": 558,
                                                                "fullWidth": 9,
                                                                "width": 9,
                                                                "text": "prototype",
                                                                "value": "prototype",
                                                                "valueText": "prototype"
                                                            }
                                                        }
                                                    ],
                                                    "closeParenToken": {
                                                        "kind": "CloseParenToken",
                                                        "fullStart": 567,
                                                        "start": 567,
                                                        "fullWidth": 1,
                                                        "width": 1,
                                                        "text": ")",
                                                        "value": ")",
                                                        "valueText": ")"
                                                    }
                                                }
                                            }
                                        }
                                    }
                                ]
                            },
                            "semicolonToken": {
                                "kind": "SemicolonToken",
                                "fullStart": 568,
                                "start": 568,
                                "fullWidth": 1,
                                "width": 1,
                                "text": ";",
                                "value": ";",
                                "valueText": ";"
                            }
                        },
                        {
                            "kind": "ReturnStatement",
                            "start": 573,
                            "end": 604,
                            "width": 31,
                            "returnKeyword": {
                                "kind": "ReturnKeyword",
                                "fullStart": 569,
                                "start": 573,
                                "fullWidth": 10,
                                "width": 6,
                                "text": "return",
                                "value": "return",
                                "valueText": "return",
                                "hasLeadingTrivia": true,
                                "hasLeadingNewLine": true,
                                "leadingTrivia": [
                                    {
                                        "kind": "NewLineTrivia",
                                        "fullStart": 569,
                                        "fullEnd": 571,
                                        "text": "\r\n"
                                    },
                                    {
                                        "kind": "WhitespaceTrivia",
                                        "fullStart": 571,
                                        "fullEnd": 573,
                                        "text": "  "
                                    }
                                ]
                            },
                            "expression": {
                                "kind": "BinaryExpression",
                                "start": 580,
                                "end": 603,
                                "width": 23,
                                "left": {
                                    "kind": "IdentifierName",
                                    "fullStart": 579,
                                    "start": 580,
                                    "fullWidth": 2,
                                    "width": 1,
                                    "text": "s",
                                    "value": "s",
                                    "valueText": "s",
                                    "hasLeadingTrivia": true,
                                    "leadingTrivia": [
                                        {
                                            "kind": "WhitespaceTrivia",
                                            "fullStart": 579,
                                            "fullEnd": 580,
                                            "text": " "
                                        }
                                    ]
                                },
                                "operatorToken": {
                                    "kind": "EqualsEqualsEqualsToken",
                                    "fullStart": 581,
                                    "start": 582,
                                    "fullWidth": 4,
                                    "width": 3,
                                    "text": "===",
                                    "value": "===",
                                    "valueText": "===",
                                    "hasLeadingTrivia": true,
                                    "leadingTrivia": [
                                        {
                                            "kind": "WhitespaceTrivia",
                                            "fullStart": 581,
                                            "fullEnd": 582,
                                            "text": " "
                                        }
                                    ]
                                },
                                "right": {
                                    "kind": "StringLiteral",
                                    "fullStart": 585,
                                    "start": 586,
                                    "fullWidth": 18,
                                    "width": 17,
                                    "text": "'[object RegExp]'",
                                    "value": "[object RegExp]",
                                    "valueText": "[object RegExp]",
                                    "hasLeadingTrivia": true,
                                    "leadingTrivia": [
                                        {
                                            "kind": "WhitespaceTrivia",
                                            "fullStart": 585,
                                            "fullEnd": 586,
                                            "text": " "
                                        }
                                    ]
                                }
                            },
                            "semicolonToken": {
                                "kind": "SemicolonToken",
                                "fullStart": 603,
                                "start": 603,
                                "fullWidth": 1,
                                "width": 1,
                                "text": ";",
                                "value": ";",
                                "valueText": ";"
                            }
                        }
                    ],
                    "closeBraceToken": {
                        "kind": "CloseBraceToken",
                        "fullStart": 604,
                        "start": 607,
                        "fullWidth": 4,
                        "width": 1,
                        "text": "}",
                        "value": "}",
                        "valueText": "}",
                        "hasLeadingTrivia": true,
                        "hasLeadingNewLine": true,
                        "leadingTrivia": [
                            {
                                "kind": "NewLineTrivia",
                                "fullStart": 604,
                                "fullEnd": 606,
                                "text": "\r\n"
                            },
                            {
                                "kind": "WhitespaceTrivia",
                                "fullStart": 606,
                                "fullEnd": 607,
                                "text": " "
                            }
                        ]
                    }
                }
            },
            {
                "kind": "ExpressionStatement",
                "start": 610,
                "end": 632,
                "width": 22,
                "expression": {
                    "kind": "InvocationExpression",
                    "start": 610,
                    "end": 631,
                    "width": 21,
                    "expression": {
                        "kind": "IdentifierName",
                        "fullStart": 608,
                        "start": 610,
                        "fullWidth": 13,
                        "width": 11,
                        "text": "runTestCase",
                        "value": "runTestCase",
                        "valueText": "runTestCase",
                        "hasLeadingTrivia": true,
                        "hasLeadingNewLine": true,
                        "leadingTrivia": [
                            {
                                "kind": "NewLineTrivia",
                                "fullStart": 608,
                                "fullEnd": 610,
                                "text": "\r\n"
                            }
                        ]
                    },
                    "argumentList": {
                        "kind": "ArgumentList",
                        "start": 621,
                        "end": 631,
                        "width": 10,
                        "openParenToken": {
                            "kind": "OpenParenToken",
                            "fullStart": 621,
                            "start": 621,
                            "fullWidth": 1,
                            "width": 1,
                            "text": "(",
                            "value": "(",
                            "valueText": "("
                        },
                        "arguments": [
                            {
                                "kind": "IdentifierName",
                                "fullStart": 622,
                                "start": 622,
                                "fullWidth": 8,
                                "width": 8,
                                "text": "testcase",
                                "value": "testcase",
                                "valueText": "testcase"
                            }
                        ],
                        "closeParenToken": {
                            "kind": "CloseParenToken",
                            "fullStart": 630,
                            "start": 630,
                            "fullWidth": 1,
                            "width": 1,
                            "text": ")",
                            "value": ")",
                            "valueText": ")"
                        }
                    }
                },
                "semicolonToken": {
                    "kind": "SemicolonToken",
                    "fullStart": 631,
                    "start": 631,
                    "fullWidth": 1,
                    "width": 1,
                    "text": ";",
                    "value": ";",
                    "valueText": ";"
                }
            }
        ],
        "endOfFileToken": {
            "kind": "EndOfFileToken",
            "fullStart": 632,
            "start": 634,
            "fullWidth": 2,
            "width": 0,
            "text": "",
            "hasLeadingTrivia": true,
            "hasLeadingNewLine": true,
            "leadingTrivia": [
                {
                    "kind": "NewLineTrivia",
                    "fullStart": 632,
                    "fullEnd": 634,
                    "text": "\r\n"
                }
            ]
        }
    },
    "lineMap": {
        "lineStarts": [
            0,
            67,
            152,
            232,
            308,
            380,
            385,
            425,
            478,
            483,
            485,
            487,
            510,
            571,
            606,
            610,
            634
        ],
        "length": 634
    }
}