{
    "isDeclaration": false,
    "languageVersion": "EcmaScript5",
    "diagnostics": [
        {
            "start": 20,
            "length": 1,
            "diagnosticCode": "A parameter list must follow a generic type argument list. '(' expected."
        }
    ],
    "sourceUnit": {
        "kind": "SourceUnit",
        "start": 0,
        "end": 33,
        "width": 33,
        "isIncrementallyUnusable": true,
        "moduleElements": [
            {
                "kind": "VariableStatement",
                "start": 0,
                "end": 33,
                "width": 33,
                "isIncrementallyUnusable": true,
                "variableDeclaration": {
                    "kind": "VariableDeclaration",
                    "start": 0,
                    "end": 32,
                    "width": 32,
                    "isIncrementallyUnusable": true,
                    "varKeyword": {
                        "kind": "VarKeyword",
                        "fullStart": 0,
                        "start": 0,
                        "fullWidth": 3,
                        "width": 3,
                        "text": "var",
                        "value": "var",
                        "valueText": "var"
                    },
                    "variableDeclarators": [
                        {
                            "kind": "VariableDeclarator",
                            "start": 4,
                            "end": 32,
                            "width": 28,
                            "isIncrementallyUnusable": true,
                            "propertyName": {
                                "kind": "IdentifierName",
                                "fullStart": 3,
                                "start": 4,
                                "fullWidth": 2,
                                "width": 1,
                                "text": "v",
                                "value": "v",
                                "valueText": "v",
                                "hasLeadingTrivia": true,
                                "leadingTrivia": [
                                    {
                                        "kind": "WhitespaceTrivia",
                                        "fullStart": 3,
                                        "fullEnd": 4,
                                        "text": " "
                                    }
                                ]
                            },
                            "equalsValueClause": {
                                "kind": "EqualsValueClause",
                                "start": 6,
                                "end": 32,
                                "width": 26,
                                "isIncrementallyUnusable": true,
                                "equalsToken": {
                                    "kind": "EqualsToken",
                                    "fullStart": 5,
                                    "start": 6,
                                    "fullWidth": 2,
                                    "width": 1,
                                    "text": "=",
                                    "value": "=",
                                    "valueText": "=",
                                    "hasLeadingTrivia": true,
                                    "leadingTrivia": [
                                        {
                                            "kind": "WhitespaceTrivia",
                                            "fullStart": 5,
                                            "fullEnd": 6,
                                            "text": " "
                                        }
                                    ]
                                },
                                "value": {
                                    "kind": "InvocationExpression",
                                    "start": 8,
                                    "end": 32,
                                    "width": 24,
                                    "isIncrementallyUnusable": true,
                                    "expression": {
                                        "kind": "MemberAccessExpression",
                                        "start": 8,
                                        "end": 30,
                                        "width": 22,
                                        "isIncrementallyUnusable": true,
                                        "expression": {
                                            "kind": "InvocationExpression",
                                            "start": 8,
                                            "end": 20,
                                            "width": 12,
                                            "isIncrementallyUnusable": true,
                                            "expression": {
                                                "kind": "IdentifierName",
                                                "fullStart": 7,
                                                "start": 8,
                                                "fullWidth": 5,
                                                "width": 4,
                                                "text": "List",
                                                "value": "List",
                                                "valueText": "List",
                                                "hasLeadingTrivia": true,
                                                "leadingTrivia": [
                                                    {
                                                        "kind": "WhitespaceTrivia",
                                                        "fullStart": 7,
                                                        "fullEnd": 8,
                                                        "text": " "
                                                    }
                                                ]
                                            },
                                            "argumentList": {
                                                "kind": "ArgumentList",
                                                "start": 12,
                                                "end": 20,
                                                "width": 8,
                                                "isIncrementallyUnusable": true,
                                                "typeArgumentList": {
                                                    "kind": "TypeArgumentList",
                                                    "start": 12,
                                                    "end": 20,
                                                    "width": 8,
                                                    "lessThanToken": {
                                                        "kind": "LessThanToken",
                                                        "fullStart": 12,
                                                        "start": 12,
                                                        "fullWidth": 1,
                                                        "width": 1,
                                                        "text": "<",
                                                        "value": "<",
                                                        "valueText": "<"
                                                    },
                                                    "typeArguments": [
                                                        {
                                                            "kind": "NumberKeyword",
                                                            "fullStart": 13,
                                                            "start": 13,
                                                            "fullWidth": 6,
                                                            "width": 6,
                                                            "text": "number",
                                                            "value": "number",
                                                            "valueText": "number"
                                                        }
                                                    ],
                                                    "greaterThanToken": {
                                                        "kind": "GreaterThanToken",
                                                        "fullStart": 19,
                                                        "start": 19,
                                                        "fullWidth": 1,
                                                        "width": 1,
                                                        "text": ">",
                                                        "value": ">",
                                                        "valueText": ">"
                                                    }
                                                },
                                                "openParenToken": {
                                                    "kind": "OpenParenToken",
                                                    "fullStart": 20,
                                                    "start": 20,
                                                    "fullWidth": 0,
                                                    "width": 0,
                                                    "text": "",
                                                    "isIncrementallyUnusable": true
                                                },
                                                "closeParenToken": {
                                                    "kind": "CloseParenToken",
                                                    "fullStart": 20,
                                                    "start": 20,
                                                    "fullWidth": 0,
                                                    "width": 0,
                                                    "text": "",
                                                    "isIncrementallyUnusable": true
                                                }
                                            }
                                        },
                                        "dotToken": {
                                            "kind": "DotToken",
                                            "fullStart": 20,
                                            "start": 20,
                                            "fullWidth": 1,
                                            "width": 1,
                                            "text": ".",
                                            "value": ".",
                                            "valueText": "."
                                        },
                                        "name": {
                                            "kind": "IdentifierName",
                                            "fullStart": 21,
                                            "start": 21,
                                            "fullWidth": 9,
                                            "width": 9,
                                            "text": "makeChild",
                                            "value": "makeChild",
                                            "valueText": "makeChild"
                                        }
                                    },
                                    "argumentList": {
                                        "kind": "ArgumentList",
                                        "start": 30,
                                        "end": 32,
                                        "width": 2,
                                        "openParenToken": {
                                            "kind": "OpenParenToken",
                                            "fullStart": 30,
                                            "start": 30,
                                            "fullWidth": 1,
                                            "width": 1,
                                            "text": "(",
                                            "value": "(",
                                            "valueText": "("
                                        },
                                        "closeParenToken": {
                                            "kind": "CloseParenToken",
                                            "fullStart": 31,
                                            "start": 31,
                                            "fullWidth": 1,
                                            "width": 1,
                                            "text": ")",
                                            "value": ")",
                                            "valueText": ")"
                                        }
                                    }
                                }
                            }
                        }
                    ]
                },
                "semicolonToken": {
                    "kind": "SemicolonToken",
                    "fullStart": 32,
                    "start": 32,
                    "fullWidth": 1,
                    "width": 1,
                    "text": ";",
                    "value": ";",
                    "valueText": ";"
                }
            }
        ],
        "endOfFileToken": {
            "kind": "EndOfFileToken",
            "fullStart": 33,
            "start": 33,
            "fullWidth": 0,
            "width": 0,
            "text": ""
        }
    },
    "lineMap": {
        "lineStarts": [
            0
        ],
        "length": 33
    }
}