{
    "isDeclaration": false,
    "languageVersion": "EcmaScript5",
    "sourceUnit": {
        "kind": "SourceUnit",
        "start": 0,
        "end": 42,
        "width": 42,
        "moduleElements": [
            {
                "kind": "ClassDeclaration",
                "start": 0,
                "end": 40,
                "width": 40,
                "classKeyword": {
                    "kind": "ClassKeyword",
                    "fullStart": 0,
                    "start": 0,
                    "fullWidth": 5,
                    "width": 5,
                    "text": "class",
                    "value": "class",
                    "valueText": "class"
                },
                "identifier": {
                    "kind": "IdentifierName",
                    "fullStart": 5,
                    "start": 6,
                    "fullWidth": 6,
                    "width": 5,
                    "text": "Outer",
                    "value": "Outer",
                    "valueText": "Outer",
                    "hasLeadingTrivia": true,
                    "leadingTrivia": [
                        {
                            "kind": "WhitespaceTrivia",
                            "fullStart": 5,
                            "fullEnd": 6,
                            "text": " "
                        }
                    ]
                },
                "openBraceToken": {
                    "kind": "OpenBraceToken",
                    "fullStart": 11,
                    "start": 13,
                    "fullWidth": 3,
                    "width": 1,
                    "text": "{",
                    "value": "{",
                    "valueText": "{",
                    "hasLeadingTrivia": true,
                    "hasLeadingNewLine": true,
                    "leadingTrivia": [
                        {
                            "kind": "NewLineTrivia",
                            "fullStart": 11,
                            "fullEnd": 13,
                            "text": "\r\n"
                        }
                    ]
                },
                "classElements": [
                    {
                        "kind": "MemberFunctionDeclaration",
                        "start": 16,
                        "end": 37,
                        "width": 21,
                        "modifiers": [
                            {
                                "kind": "StaticKeyword",
                                "fullStart": 14,
                                "start": 16,
                                "fullWidth": 8,
                                "width": 6,
                                "text": "static",
                                "value": "static",
                                "valueText": "static",
                                "hasLeadingTrivia": true,
                                "hasLeadingNewLine": true,
                                "leadingTrivia": [
                                    {
                                        "kind": "NewLineTrivia",
                                        "fullStart": 14,
                                        "fullEnd": 16,
                                        "text": "\r\n"
                                    }
                                ]
                            }
                        ],
                        "propertyName": {
                            "kind": "IdentifierName",
                            "fullStart": 22,
                            "start": 23,
                            "fullWidth": 7,
                            "width": 6,
                            "text": "public",
                            "value": "public",
                            "valueText": "public",
                            "isKeywordConvertedToIdentifier": true,
                            "hasLeadingTrivia": true,
                            "leadingTrivia": [
                                {
                                    "kind": "WhitespaceTrivia",
                                    "fullStart": 22,
                                    "fullEnd": 23,
                                    "text": " "
                                }
                            ]
                        },
                        "callSignature": {
                            "kind": "CallSignature",
                            "start": 29,
                            "end": 34,
                            "width": 5,
                            "typeParameterList": {
                                "kind": "TypeParameterList",
                                "start": 29,
                                "end": 32,
                                "width": 3,
                                "lessThanToken": {
                                    "kind": "LessThanToken",
                                    "fullStart": 29,
                                    "start": 29,
                                    "fullWidth": 1,
                                    "width": 1,
                                    "text": "<",
                                    "value": "<",
                                    "valueText": "<"
                                },
                                "typeParameters": [
                                    {
                                        "kind": "TypeParameter",
                                        "start": 30,
                                        "end": 31,
                                        "width": 1,
                                        "identifier": {
                                            "kind": "IdentifierName",
                                            "fullStart": 30,
                                            "start": 30,
                                            "fullWidth": 1,
                                            "width": 1,
                                            "text": "T",
                                            "value": "T",
                                            "valueText": "T"
                                        }
                                    }
                                ],
                                "greaterThanToken": {
                                    "kind": "GreaterThanToken",
                                    "fullStart": 31,
                                    "start": 31,
                                    "fullWidth": 1,
                                    "width": 1,
                                    "text": ">",
                                    "value": ">",
                                    "valueText": ">"
                                }
                            },
                            "parameterList": {
                                "kind": "ParameterList",
                                "start": 32,
                                "end": 34,
                                "width": 2,
                                "openParenToken": {
                                    "kind": "OpenParenToken",
                                    "fullStart": 32,
                                    "start": 32,
                                    "fullWidth": 1,
                                    "width": 1,
                                    "text": "(",
                                    "value": "(",
                                    "valueText": "("
                                },
                                "closeParenToken": {
                                    "kind": "CloseParenToken",
                                    "fullStart": 33,
                                    "start": 33,
                                    "fullWidth": 1,
                                    "width": 1,
                                    "text": ")",
                                    "value": ")",
                                    "valueText": ")"
                                }
                            }
                        },
                        "block": {
                            "kind": "Block",
                            "start": 35,
                            "end": 37,
                            "width": 2,
                            "openBraceToken": {
                                "kind": "OpenBraceToken",
                                "fullStart": 34,
                                "start": 35,
                                "fullWidth": 2,
                                "width": 1,
                                "text": "{",
                                "value": "{",
                                "valueText": "{",
                                "hasLeadingTrivia": true,
                                "leadingTrivia": [
                                    {
                                        "kind": "WhitespaceTrivia",
                                        "fullStart": 34,
                                        "fullEnd": 35,
                                        "text": " "
                                    }
                                ]
                            },
                            "closeBraceToken": {
                                "kind": "CloseBraceToken",
                                "fullStart": 36,
                                "start": 36,
                                "fullWidth": 1,
                                "width": 1,
                                "text": "}",
                                "value": "}",
                                "valueText": "}"
                            }
                        }
                    }
                ],
                "closeBraceToken": {
                    "kind": "CloseBraceToken",
                    "fullStart": 37,
                    "start": 39,
                    "fullWidth": 3,
                    "width": 1,
                    "text": "}",
                    "value": "}",
                    "valueText": "}",
                    "hasLeadingTrivia": true,
                    "hasLeadingNewLine": true,
                    "leadingTrivia": [
                        {
                            "kind": "NewLineTrivia",
                            "fullStart": 37,
                            "fullEnd": 39,
                            "text": "\r\n"
                        }
                    ]
                }
            }
        ],
        "endOfFileToken": {
            "kind": "EndOfFileToken",
            "fullStart": 40,
            "start": 42,
            "fullWidth": 2,
            "width": 0,
            "text": "",
            "hasLeadingTrivia": true,
            "hasLeadingNewLine": true,
            "leadingTrivia": [
                {
                    "kind": "NewLineTrivia",
                    "fullStart": 40,
                    "fullEnd": 42,
                    "text": "\r\n"
                }
            ]
        }
    },
    "lineMap": {
        "lineStarts": [
            0,
            13,
            16,
            39,
            42
        ],
        "length": 42
    }
}