{
    "isDeclaration": false,
    "languageVersion": "EcmaScript5",
    "sourceUnit": {
        "kind": "SourceUnit",
        "fullStart": 0,
        "fullEnd": 399,
        "start": 305,
        "end": 399,
        "fullWidth": 399,
        "width": 94,
        "moduleElements": [
            {
                "kind": "VariableStatement",
                "fullStart": 0,
                "fullEnd": 317,
                "start": 305,
                "end": 316,
                "fullWidth": 317,
                "width": 11,
                "modifiers": [],
                "variableDeclaration": {
                    "kind": "VariableDeclaration",
                    "fullStart": 0,
                    "fullEnd": 315,
                    "start": 305,
                    "end": 315,
                    "fullWidth": 315,
                    "width": 10,
                    "varKeyword": {
                        "kind": "VarKeyword",
                        "fullStart": 0,
                        "start": 305,
                        "fullWidth": 308,
                        "width": 3,
                        "text": "var",
                        "value": "var",
                        "valueText": "var",
                        "hasLeadingTrivia": true,
                        "hasLeadingComment": true,
                        "hasLeadingNewLine": true,
                        "leadingTrivia": [
                            {
                                "kind": "SingleLineCommentTrivia",
                                "fullStart": 0,
                                "fullEnd": 60,
                                "text": "// Copyright 2009 the Sputnik authors.  All rights reserved."
                            },
                            {
                                "kind": "NewLineTrivia",
                                "fullStart": 60,
                                "fullEnd": 61,
                                "text": "\n"
                            },
                            {
                                "kind": "SingleLineCommentTrivia",
                                "fullStart": 61,
                                "fullEnd": 131,
                                "text": "// This code is governed by the BSD license found in the LICENSE file."
                            },
                            {
                                "kind": "NewLineTrivia",
                                "fullStart": 131,
                                "fullEnd": 132,
                                "text": "\n"
                            },
                            {
                                "kind": "NewLineTrivia",
                                "fullStart": 132,
                                "fullEnd": 133,
                                "text": "\n"
                            },
                            {
                                "kind": "MultiLineCommentTrivia",
                                "fullStart": 133,
                                "fullEnd": 292,
                                "text": "/**\n * If x is +0, Math.floor(x) is +0\n *\n * @path ch15/15.8/15.8.2/15.8.2.9/S15.8.2.9_A2.js\n * @description Checking if Math.floor(x) is +0, where x is +0\n */"
                            },
                            {
                                "kind": "NewLineTrivia",
                                "fullStart": 292,
                                "fullEnd": 293,
                                "text": "\n"
                            },
                            {
                                "kind": "NewLineTrivia",
                                "fullStart": 293,
                                "fullEnd": 294,
                                "text": "\n"
                            },
                            {
                                "kind": "SingleLineCommentTrivia",
                                "fullStart": 294,
                                "fullEnd": 304,
                                "text": "// CHECK#1"
                            },
                            {
                                "kind": "NewLineTrivia",
                                "fullStart": 304,
                                "fullEnd": 305,
                                "text": "\n"
                            }
                        ]
                    },
                    "variableDeclarators": [
                        {
                            "kind": "VariableDeclarator",
                            "fullStart": 309,
                            "fullEnd": 315,
                            "start": 309,
                            "end": 315,
                            "fullWidth": 6,
                            "width": 6,
                            "propertyName": {
                                "kind": "IdentifierName",
                                "fullStart": 308,
                                "start": 309,
                                "fullWidth": 2,
                                "width": 1,
                                "text": "x",
                                "value": "x",
                                "valueText": "x",
                                "hasLeadingTrivia": true,
                                "leadingTrivia": [
                                    {
                                        "kind": "WhitespaceTrivia",
                                        "fullStart": 308,
                                        "fullEnd": 309,
                                        "text": " "
                                    }
                                ]
                            },
                            "equalsValueClause": {
                                "kind": "EqualsValueClause",
                                "fullStart": 311,
                                "fullEnd": 315,
                                "start": 311,
                                "end": 315,
                                "fullWidth": 4,
                                "width": 4,
                                "equalsToken": {
                                    "kind": "EqualsToken",
                                    "fullStart": 310,
                                    "start": 311,
                                    "fullWidth": 2,
                                    "width": 1,
                                    "text": "=",
                                    "value": "=",
                                    "valueText": "=",
                                    "hasLeadingTrivia": true,
                                    "leadingTrivia": [
                                        {
                                            "kind": "WhitespaceTrivia",
                                            "fullStart": 310,
                                            "fullEnd": 311,
                                            "text": " "
                                        }
                                    ]
                                },
                                "value": {
                                    "kind": "PrefixUnaryExpression",
                                    "fullStart": 313,
                                    "fullEnd": 315,
                                    "start": 313,
                                    "end": 315,
                                    "fullWidth": 2,
                                    "width": 2,
                                    "operatorToken": {
                                        "kind": "PlusToken",
                                        "fullStart": 312,
                                        "start": 313,
                                        "fullWidth": 2,
                                        "width": 1,
                                        "text": "+",
                                        "value": "+",
                                        "valueText": "+",
                                        "hasLeadingTrivia": true,
                                        "leadingTrivia": [
                                            {
                                                "kind": "WhitespaceTrivia",
                                                "fullStart": 312,
                                                "fullEnd": 313,
                                                "text": " "
                                            }
                                        ]
                                    },
                                    "operand": {
                                        "kind": "NumericLiteral",
                                        "fullStart": 314,
                                        "start": 314,
                                        "fullWidth": 1,
                                        "width": 1,
                                        "text": "0",
                                        "value": 0,
                                        "valueText": "0"
                                    }
                                }
                            }
                        }
                    ]
                },
                "semicolonToken": {
                    "kind": "SemicolonToken",
                    "fullStart": 315,
                    "start": 315,
                    "fullWidth": 1,
                    "width": 1,
                    "text": ";",
                    "value": ";",
                    "valueText": ";"
                }
            },
            {
                "kind": "IfStatement",
                "fullStart": 317,
                "fullEnd": 398,
                "start": 317,
                "end": 397,
                "fullWidth": 81,
                "width": 80,
                "ifKeyword": {
                    "kind": "IfKeyword",
                    "fullStart": 316,
                    "start": 317,
                    "fullWidth": 3,
                    "width": 2,
                    "text": "if",
                    "value": "if",
                    "valueText": "if",
                    "hasLeadingTrivia": true,
                    "hasLeadingNewLine": true,
                    "leadingTrivia": [
                        {
                            "kind": "NewLineTrivia",
                            "fullStart": 316,
                            "fullEnd": 317,
                            "text": "\n"
                        }
                    ]
                },
                "openParenToken": {
                    "kind": "OpenParenToken",
                    "fullStart": 319,
                    "start": 320,
                    "fullWidth": 2,
                    "width": 1,
                    "text": "(",
                    "value": "(",
                    "valueText": "(",
                    "hasLeadingTrivia": true,
                    "leadingTrivia": [
                        {
                            "kind": "WhitespaceTrivia",
                            "fullStart": 319,
                            "fullEnd": 320,
                            "text": " "
                        }
                    ]
                },
                "condition": {
                    "kind": "BinaryExpression",
                    "fullStart": 321,
                    "fullEnd": 341,
                    "start": 321,
                    "end": 341,
                    "fullWidth": 20,
                    "width": 20,
                    "left": {
                        "kind": "InvocationExpression",
                        "fullStart": 321,
                        "fullEnd": 335,
                        "start": 321,
                        "end": 334,
                        "fullWidth": 14,
                        "width": 13,
                        "expression": {
                            "kind": "MemberAccessExpression",
                            "fullStart": 321,
                            "fullEnd": 331,
                            "start": 321,
                            "end": 331,
                            "fullWidth": 10,
                            "width": 10,
                            "expression": {
                                "kind": "IdentifierName",
                                "fullStart": 321,
                                "start": 321,
                                "fullWidth": 4,
                                "width": 4,
                                "text": "Math",
                                "value": "Math",
                                "valueText": "Math"
                            },
                            "dotToken": {
                                "kind": "DotToken",
                                "fullStart": 325,
                                "start": 325,
                                "fullWidth": 1,
                                "width": 1,
                                "text": ".",
                                "value": ".",
                                "valueText": "."
                            },
                            "name": {
                                "kind": "IdentifierName",
                                "fullStart": 326,
                                "start": 326,
                                "fullWidth": 5,
                                "width": 5,
                                "text": "floor",
                                "value": "floor",
                                "valueText": "floor"
                            }
                        },
                        "argumentList": {
                            "kind": "ArgumentList",
                            "fullStart": 331,
                            "fullEnd": 335,
                            "start": 331,
                            "end": 334,
                            "fullWidth": 4,
                            "width": 3,
                            "openParenToken": {
                                "kind": "OpenParenToken",
                                "fullStart": 331,
                                "start": 331,
                                "fullWidth": 1,
                                "width": 1,
                                "text": "(",
                                "value": "(",
                                "valueText": "("
                            },
                            "arguments": [
                                {
                                    "kind": "IdentifierName",
                                    "fullStart": 332,
                                    "start": 332,
                                    "fullWidth": 1,
                                    "width": 1,
                                    "text": "x",
                                    "value": "x",
                                    "valueText": "x"
                                }
                            ],
                            "closeParenToken": {
                                "kind": "CloseParenToken",
                                "fullStart": 333,
                                "start": 333,
                                "fullWidth": 1,
                                "width": 1,
                                "text": ")",
                                "value": ")",
                                "valueText": ")"
                            }
                        }
                    },
                    "operatorToken": {
                        "kind": "ExclamationEqualsEqualsToken",
                        "fullStart": 334,
                        "start": 335,
                        "fullWidth": 4,
                        "width": 3,
                        "text": "!==",
                        "value": "!==",
                        "valueText": "!==",
                        "hasLeadingTrivia": true,
                        "leadingTrivia": [
                            {
                                "kind": "WhitespaceTrivia",
                                "fullStart": 334,
                                "fullEnd": 335,
                                "text": " "
                            }
                        ]
                    },
                    "right": {
                        "kind": "PrefixUnaryExpression",
                        "fullStart": 339,
                        "fullEnd": 341,
                        "start": 339,
                        "end": 341,
                        "fullWidth": 2,
                        "width": 2,
                        "operatorToken": {
                            "kind": "PlusToken",
                            "fullStart": 338,
                            "start": 339,
                            "fullWidth": 2,
                            "width": 1,
                            "text": "+",
                            "value": "+",
                            "valueText": "+",
                            "hasLeadingTrivia": true,
                            "leadingTrivia": [
                                {
                                    "kind": "WhitespaceTrivia",
                                    "fullStart": 338,
                                    "fullEnd": 339,
                                    "text": " "
                                }
                            ]
                        },
                        "operand": {
                            "kind": "NumericLiteral",
                            "fullStart": 340,
                            "start": 340,
                            "fullWidth": 1,
                            "width": 1,
                            "text": "0",
                            "value": 0,
                            "valueText": "0"
                        }
                    }
                },
                "closeParenToken": {
                    "kind": "CloseParenToken",
                    "fullStart": 341,
                    "start": 341,
                    "fullWidth": 1,
                    "width": 1,
                    "text": ")",
                    "value": ")",
                    "valueText": ")"
                },
                "statement": {
                    "kind": "Block",
                    "fullStart": 343,
                    "fullEnd": 398,
                    "start": 343,
                    "end": 397,
                    "fullWidth": 55,
                    "width": 54,
                    "openBraceToken": {
                        "kind": "OpenBraceToken",
                        "fullStart": 342,
                        "start": 343,
                        "fullWidth": 2,
                        "width": 1,
                        "text": "{",
                        "value": "{",
                        "valueText": "{",
                        "hasLeadingTrivia": true,
                        "hasLeadingNewLine": true,
                        "leadingTrivia": [
                            {
                                "kind": "NewLineTrivia",
                                "fullStart": 342,
                                "fullEnd": 343,
                                "text": "\n"
                            }
                        ]
                    },
                    "statements": [
                        {
                            "kind": "ExpressionStatement",
                            "fullStart": 345,
                            "fullEnd": 396,
                            "start": 346,
                            "end": 395,
                            "fullWidth": 51,
                            "width": 49,
                            "expression": {
                                "kind": "InvocationExpression",
                                "fullStart": 345,
                                "fullEnd": 394,
                                "start": 346,
                                "end": 394,
                                "fullWidth": 49,
                                "width": 48,
                                "expression": {
                                    "kind": "IdentifierName",
                                    "fullStart": 344,
                                    "start": 346,
                                    "fullWidth": 8,
                                    "width": 6,
                                    "text": "$ERROR",
                                    "value": "$ERROR",
                                    "valueText": "$ERROR",
                                    "hasLeadingTrivia": true,
                                    "hasLeadingNewLine": true,
                                    "leadingTrivia": [
                                        {
                                            "kind": "NewLineTrivia",
                                            "fullStart": 344,
                                            "fullEnd": 345,
                                            "text": "\n"
                                        },
                                        {
                                            "kind": "WhitespaceTrivia",
                                            "fullStart": 345,
                                            "fullEnd": 346,
                                            "text": "\t"
                                        }
                                    ]
                                },
                                "argumentList": {
                                    "kind": "ArgumentList",
                                    "fullStart": 352,
                                    "fullEnd": 394,
                                    "start": 352,
                                    "end": 394,
                                    "fullWidth": 42,
                                    "width": 42,
                                    "openParenToken": {
                                        "kind": "OpenParenToken",
                                        "fullStart": 352,
                                        "start": 352,
                                        "fullWidth": 1,
                                        "width": 1,
                                        "text": "(",
                                        "value": "(",
                                        "valueText": "("
                                    },
                                    "arguments": [
                                        {
                                            "kind": "StringLiteral",
                                            "fullStart": 353,
                                            "start": 353,
                                            "fullWidth": 40,
                                            "width": 40,
                                            "text": "\"#1: 'var x = +0; Math.floor(x) !== +0'\"",
                                            "value": "#1: 'var x = +0; Math.floor(x) !== +0'",
                                            "valueText": "#1: 'var x = +0; Math.floor(x) !== +0'"
                                        }
                                    ],
                                    "closeParenToken": {
                                        "kind": "CloseParenToken",
                                        "fullStart": 393,
                                        "start": 393,
                                        "fullWidth": 1,
                                        "width": 1,
                                        "text": ")",
                                        "value": ")",
                                        "valueText": ")"
                                    }
                                }
                            },
                            "semicolonToken": {
                                "kind": "SemicolonToken",
                                "fullStart": 394,
                                "start": 394,
                                "fullWidth": 1,
                                "width": 1,
                                "text": ";",
                                "value": ";",
                                "valueText": ";"
                            }
                        }
                    ],
                    "closeBraceToken": {
                        "kind": "CloseBraceToken",
                        "fullStart": 395,
                        "start": 396,
                        "fullWidth": 2,
                        "width": 1,
                        "text": "}",
                        "value": "}",
                        "valueText": "}",
                        "hasLeadingTrivia": true,
                        "hasLeadingNewLine": true,
                        "leadingTrivia": [
                            {
                                "kind": "NewLineTrivia",
                                "fullStart": 395,
                                "fullEnd": 396,
                                "text": "\n"
                            }
                        ]
                    }
                }
            }
        ],
        "endOfFileToken": {
            "kind": "EndOfFileToken",
            "fullStart": 397,
            "start": 399,
            "fullWidth": 2,
            "width": 0,
            "text": "",
            "hasLeadingTrivia": true,
            "hasLeadingNewLine": true,
            "leadingTrivia": [
                {
                    "kind": "NewLineTrivia",
                    "fullStart": 397,
                    "fullEnd": 398,
                    "text": "\n"
                },
                {
                    "kind": "NewLineTrivia",
                    "fullStart": 398,
                    "fullEnd": 399,
                    "text": "\n"
                }
            ]
        }
    },
    "lineMap": {
        "lineStarts": [
            0,
            61,
            132,
            133,
            137,
            172,
            175,
            226,
            289,
            293,
            294,
            305,
            317,
            343,
            345,
            396,
            398,
            399
        ],
        "length": 399
    }
}