{
    "isDeclaration": false,
    "languageVersion": "EcmaScript5",
    "diagnostics": [
        {
            "start": 2,
            "length": 1,
            "diagnosticCode": "Unexpected character {0}.",
            "arguments": [
                "\"\\\""
            ]
        },
        {
            "start": 2,
            "length": 1,
            "diagnosticCode": "Unexpected token; '{0}' expected.",
            "arguments": [
                "module, class, interface, enum, import or statement"
            ]
        },
        {
            "start": 4,
            "length": 1,
            "diagnosticCode": "Unexpected character {0}.",
            "arguments": [
                "\"\\\""
            ]
        },
        {
            "start": 4,
            "length": 1,
            "diagnosticCode": "Unexpected token; '{0}' expected.",
            "arguments": [
                "module, class, interface, enum, import or statement"
            ]
        },
        {
            "start": 6,
            "length": 1,
            "diagnosticCode": "Unexpected character {0}.",
            "arguments": [
                "\"\\\""
            ]
        },
        {
            "start": 6,
            "length": 1,
            "diagnosticCode": "Unexpected token; '{0}' expected.",
            "arguments": [
                "module, class, interface, enum, import or statement"
            ]
        }
    ],
    "sourceUnit": {
        "kind": "SourceUnit",
        "start": 0,
        "end": 8,
        "width": 8,
        "isIncrementallyUnusable": true,
        "moduleElements": [
            {
                "kind": "EmptyStatement",
                "start": 0,
                "end": 1,
                "width": 1,
                "semicolonToken": {
                    "kind": "SemicolonToken",
                    "fullStart": 0,
                    "start": 0,
                    "fullWidth": 1,
                    "width": 1,
                    "text": ";",
                    "value": ";",
                    "valueText": ";"
                }
            }
        ],
        "endOfFileToken": {
            "kind": "EndOfFileToken",
            "fullStart": 1,
            "start": 8,
            "fullWidth": 7,
            "width": 0,
            "text": "",
            "isIncrementallyUnusable": true,
            "hasLeadingTrivia": true,
            "hasLeadingSkippedToken": true,
            "leadingTrivia": [
                {
                    "kind": "WhitespaceTrivia",
                    "fullStart": 1,
                    "fullEnd": 2,
                    "text": " "
                },
                {
                    "kind": "SkippedTokenTrivia",
                    "skippedToken": {
                        "kind": "ErrorToken",
                        "fullStart": 2,
                        "start": 2,
                        "fullWidth": 1,
                        "width": 1,
                        "text": "\\",
                        "isIncrementallyUnusable": true
                    }
                },
                {
                    "kind": "WhitespaceTrivia",
                    "fullStart": 3,
                    "fullEnd": 4,
                    "text": " "
                },
                {
                    "kind": "SkippedTokenTrivia",
                    "skippedToken": {
                        "kind": "ErrorToken",
                        "fullStart": 4,
                        "start": 4,
                        "fullWidth": 1,
                        "width": 1,
                        "text": "\\",
                        "isIncrementallyUnusable": true
                    }
                },
                {
                    "kind": "WhitespaceTrivia",
                    "fullStart": 5,
                    "fullEnd": 6,
                    "text": " "
                },
                {
                    "kind": "SkippedTokenTrivia",
                    "skippedToken": {
                        "kind": "ErrorToken",
                        "fullStart": 6,
                        "start": 6,
                        "fullWidth": 1,
                        "width": 1,
                        "text": "\\",
                        "isIncrementallyUnusable": true
                    }
                },
                {
                    "kind": "WhitespaceTrivia",
                    "fullStart": 7,
                    "fullEnd": 8,
                    "text": " "
                }
            ]
        }
    },
    "lineMap": {
        "lineStarts": [
            0
        ],
        "length": 8
    }
}