{
    "isDeclaration": false,
    "languageVersion": "EcmaScript5",
    "sourceUnit": {
        "kind": "SourceUnit",
        "start": 522,
        "end": 626,
        "width": 104,
        "moduleElements": [
            {
                "kind": "FunctionDeclaration",
                "start": 522,
                "end": 600,
                "width": 78,
                "modifiers": [],
                "functionKeyword": {
                    "kind": "FunctionKeyword",
                    "fullStart": 0,
                    "start": 522,
                    "fullWidth": 530,
                    "width": 8,
                    "text": "function",
                    "value": "function",
                    "valueText": "function",
                    "hasLeadingTrivia": true,
                    "hasLeadingComment": true,
                    "hasLeadingNewLine": true,
                    "leadingTrivia": [
                        {
                            "kind": "SingleLineCommentTrivia",
                            "fullStart": 0,
                            "fullEnd": 65,
                            "text": "/// Copyright (c) 2012 Ecma International.  All rights reserved. "
                        },
                        {
                            "kind": "NewLineTrivia",
                            "fullStart": 65,
                            "fullEnd": 67,
                            "text": "\r\n"
                        },
                        {
                            "kind": "SingleLineCommentTrivia",
                            "fullStart": 67,
                            "fullEnd": 150,
                            "text": "/// Ecma International makes this code available under the terms and conditions set"
                        },
                        {
                            "kind": "NewLineTrivia",
                            "fullStart": 150,
                            "fullEnd": 152,
                            "text": "\r\n"
                        },
                        {
                            "kind": "SingleLineCommentTrivia",
                            "fullStart": 152,
                            "fullEnd": 230,
                            "text": "/// forth on http://hg.ecmascript.org/tests/test262/raw-file/tip/LICENSE (the "
                        },
                        {
                            "kind": "NewLineTrivia",
                            "fullStart": 230,
                            "fullEnd": 232,
                            "text": "\r\n"
                        },
                        {
                            "kind": "SingleLineCommentTrivia",
                            "fullStart": 232,
                            "fullEnd": 306,
                            "text": "/// \"Use Terms\").   Any redistribution of this code must retain the above "
                        },
                        {
                            "kind": "NewLineTrivia",
                            "fullStart": 306,
                            "fullEnd": 308,
                            "text": "\r\n"
                        },
                        {
                            "kind": "SingleLineCommentTrivia",
                            "fullStart": 308,
                            "fullEnd": 378,
                            "text": "/// copyright and this notice and otherwise comply with the Use Terms."
                        },
                        {
                            "kind": "NewLineTrivia",
                            "fullStart": 378,
                            "fullEnd": 380,
                            "text": "\r\n"
                        },
                        {
                            "kind": "MultiLineCommentTrivia",
                            "fullStart": 380,
                            "fullEnd": 516,
                            "text": "/**\r\n * @path ch15/15.4/15.4.4/15.4.4.14/15.4.4.14-7-4.js\r\n * @description Array.prototype.indexOf returns -1 when 'fromIndex' is 1\r\n */"
                        },
                        {
                            "kind": "NewLineTrivia",
                            "fullStart": 516,
                            "fullEnd": 518,
                            "text": "\r\n"
                        },
                        {
                            "kind": "NewLineTrivia",
                            "fullStart": 518,
                            "fullEnd": 520,
                            "text": "\r\n"
                        },
                        {
                            "kind": "NewLineTrivia",
                            "fullStart": 520,
                            "fullEnd": 522,
                            "text": "\r\n"
                        }
                    ]
                },
                "identifier": {
                    "kind": "IdentifierName",
                    "fullStart": 530,
                    "start": 531,
                    "fullWidth": 9,
                    "width": 8,
                    "text": "testcase",
                    "value": "testcase",
                    "valueText": "testcase",
                    "hasLeadingTrivia": true,
                    "leadingTrivia": [
                        {
                            "kind": "WhitespaceTrivia",
                            "fullStart": 530,
                            "fullEnd": 531,
                            "text": " "
                        }
                    ]
                },
                "callSignature": {
                    "kind": "CallSignature",
                    "start": 539,
                    "end": 541,
                    "width": 2,
                    "parameterList": {
                        "kind": "ParameterList",
                        "start": 539,
                        "end": 541,
                        "width": 2,
                        "openParenToken": {
                            "kind": "OpenParenToken",
                            "fullStart": 539,
                            "start": 539,
                            "fullWidth": 1,
                            "width": 1,
                            "text": "(",
                            "value": "(",
                            "valueText": "("
                        },
                        "parameters": [],
                        "closeParenToken": {
                            "kind": "CloseParenToken",
                            "fullStart": 540,
                            "start": 540,
                            "fullWidth": 1,
                            "width": 1,
                            "text": ")",
                            "value": ")",
                            "valueText": ")"
                        }
                    }
                },
                "block": {
                    "kind": "Block",
                    "start": 542,
                    "end": 600,
                    "width": 58,
                    "openBraceToken": {
                        "kind": "OpenBraceToken",
                        "fullStart": 541,
                        "start": 542,
                        "fullWidth": 2,
                        "width": 1,
                        "text": "{",
                        "value": "{",
                        "valueText": "{",
                        "hasLeadingTrivia": true,
                        "leadingTrivia": [
                            {
                                "kind": "WhitespaceTrivia",
                                "fullStart": 541,
                                "fullEnd": 542,
                                "text": " "
                            }
                        ]
                    },
                    "statements": [
                        {
                            "kind": "ReturnStatement",
                            "start": 555,
                            "end": 593,
                            "width": 38,
                            "returnKeyword": {
                                "kind": "ReturnKeyword",
                                "fullStart": 543,
                                "start": 555,
                                "fullWidth": 18,
                                "width": 6,
                                "text": "return",
                                "value": "return",
                                "valueText": "return",
                                "hasLeadingTrivia": true,
                                "hasLeadingNewLine": true,
                                "leadingTrivia": [
                                    {
                                        "kind": "NewLineTrivia",
                                        "fullStart": 543,
                                        "fullEnd": 545,
                                        "text": "\r\n"
                                    },
                                    {
                                        "kind": "NewLineTrivia",
                                        "fullStart": 545,
                                        "fullEnd": 547,
                                        "text": "\r\n"
                                    },
                                    {
                                        "kind": "WhitespaceTrivia",
                                        "fullStart": 547,
                                        "fullEnd": 555,
                                        "text": "        "
                                    }
                                ]
                            },
                            "expression": {
                                "kind": "BinaryExpression",
                                "start": 562,
                                "end": 592,
                                "width": 30,
                                "left": {
                                    "kind": "InvocationExpression",
                                    "start": 562,
                                    "end": 585,
                                    "width": 23,
                                    "expression": {
                                        "kind": "MemberAccessExpression",
                                        "start": 562,
                                        "end": 579,
                                        "width": 17,
                                        "expression": {
                                            "kind": "ArrayLiteralExpression",
                                            "start": 562,
                                            "end": 571,
                                            "width": 9,
                                            "openBracketToken": {
                                                "kind": "OpenBracketToken",
                                                "fullStart": 561,
                                                "start": 562,
                                                "fullWidth": 2,
                                                "width": 1,
                                                "text": "[",
                                                "value": "[",
                                                "valueText": "[",
                                                "hasLeadingTrivia": true,
                                                "leadingTrivia": [
                                                    {
                                                        "kind": "WhitespaceTrivia",
                                                        "fullStart": 561,
                                                        "fullEnd": 562,
                                                        "text": " "
                                                    }
                                                ]
                                            },
                                            "expressions": [
                                                {
                                                    "kind": "NumericLiteral",
                                                    "fullStart": 563,
                                                    "start": 563,
                                                    "fullWidth": 1,
                                                    "width": 1,
                                                    "text": "1",
                                                    "value": 1,
                                                    "valueText": "1"
                                                },
                                                {
                                                    "kind": "CommaToken",
                                                    "fullStart": 564,
                                                    "start": 564,
                                                    "fullWidth": 1,
                                                    "width": 1,
                                                    "text": ",",
                                                    "value": ",",
                                                    "valueText": ","
                                                },
                                                {
                                                    "kind": "NumericLiteral",
                                                    "fullStart": 565,
                                                    "start": 566,
                                                    "fullWidth": 2,
                                                    "width": 1,
                                                    "text": "2",
                                                    "value": 2,
                                                    "valueText": "2",
                                                    "hasLeadingTrivia": true,
                                                    "leadingTrivia": [
                                                        {
                                                            "kind": "WhitespaceTrivia",
                                                            "fullStart": 565,
                                                            "fullEnd": 566,
                                                            "text": " "
                                                        }
                                                    ]
                                                },
                                                {
                                                    "kind": "CommaToken",
                                                    "fullStart": 567,
                                                    "start": 567,
                                                    "fullWidth": 1,
                                                    "width": 1,
                                                    "text": ",",
                                                    "value": ",",
                                                    "valueText": ","
                                                },
                                                {
                                                    "kind": "NumericLiteral",
                                                    "fullStart": 568,
                                                    "start": 569,
                                                    "fullWidth": 2,
                                                    "width": 1,
                                                    "text": "3",
                                                    "value": 3,
                                                    "valueText": "3",
                                                    "hasLeadingTrivia": true,
                                                    "leadingTrivia": [
                                                        {
                                                            "kind": "WhitespaceTrivia",
                                                            "fullStart": 568,
                                                            "fullEnd": 569,
                                                            "text": " "
                                                        }
                                                    ]
                                                }
                                            ],
                                            "closeBracketToken": {
                                                "kind": "CloseBracketToken",
                                                "fullStart": 570,
                                                "start": 570,
                                                "fullWidth": 1,
                                                "width": 1,
                                                "text": "]",
                                                "value": "]",
                                                "valueText": "]"
                                            }
                                        },
                                        "dotToken": {
                                            "kind": "DotToken",
                                            "fullStart": 571,
                                            "start": 571,
                                            "fullWidth": 1,
                                            "width": 1,
                                            "text": ".",
                                            "value": ".",
                                            "valueText": "."
                                        },
                                        "name": {
                                            "kind": "IdentifierName",
                                            "fullStart": 572,
                                            "start": 572,
                                            "fullWidth": 7,
                                            "width": 7,
                                            "text": "indexOf",
                                            "value": "indexOf",
                                            "valueText": "indexOf"
                                        }
                                    },
                                    "argumentList": {
                                        "kind": "ArgumentList",
                                        "start": 579,
                                        "end": 585,
                                        "width": 6,
                                        "openParenToken": {
                                            "kind": "OpenParenToken",
                                            "fullStart": 579,
                                            "start": 579,
                                            "fullWidth": 1,
                                            "width": 1,
                                            "text": "(",
                                            "value": "(",
                                            "valueText": "("
                                        },
                                        "arguments": [
                                            {
                                                "kind": "NumericLiteral",
                                                "fullStart": 580,
                                                "start": 580,
                                                "fullWidth": 1,
                                                "width": 1,
                                                "text": "1",
                                                "value": 1,
                                                "valueText": "1"
                                            },
                                            {
                                                "kind": "CommaToken",
                                                "fullStart": 581,
                                                "start": 581,
                                                "fullWidth": 1,
                                                "width": 1,
                                                "text": ",",
                                                "value": ",",
                                                "valueText": ","
                                            },
                                            {
                                                "kind": "NumericLiteral",
                                                "fullStart": 582,
                                                "start": 583,
                                                "fullWidth": 2,
                                                "width": 1,
                                                "text": "1",
                                                "value": 1,
                                                "valueText": "1",
                                                "hasLeadingTrivia": true,
                                                "leadingTrivia": [
                                                    {
                                                        "kind": "WhitespaceTrivia",
                                                        "fullStart": 582,
                                                        "fullEnd": 583,
                                                        "text": " "
                                                    }
                                                ]
                                            }
                                        ],
                                        "closeParenToken": {
                                            "kind": "CloseParenToken",
                                            "fullStart": 584,
                                            "start": 584,
                                            "fullWidth": 1,
                                            "width": 1,
                                            "text": ")",
                                            "value": ")",
                                            "valueText": ")"
                                        }
                                    }
                                },
                                "operatorToken": {
                                    "kind": "EqualsEqualsEqualsToken",
                                    "fullStart": 585,
                                    "start": 586,
                                    "fullWidth": 4,
                                    "width": 3,
                                    "text": "===",
                                    "value": "===",
                                    "valueText": "===",
                                    "hasLeadingTrivia": true,
                                    "leadingTrivia": [
                                        {
                                            "kind": "WhitespaceTrivia",
                                            "fullStart": 585,
                                            "fullEnd": 586,
                                            "text": " "
                                        }
                                    ]
                                },
                                "right": {
                                    "kind": "PrefixUnaryExpression",
                                    "start": 590,
                                    "end": 592,
                                    "width": 2,
                                    "operatorToken": {
                                        "kind": "MinusToken",
                                        "fullStart": 589,
                                        "start": 590,
                                        "fullWidth": 2,
                                        "width": 1,
                                        "text": "-",
                                        "value": "-",
                                        "valueText": "-",
                                        "hasLeadingTrivia": true,
                                        "leadingTrivia": [
                                            {
                                                "kind": "WhitespaceTrivia",
                                                "fullStart": 589,
                                                "fullEnd": 590,
                                                "text": " "
                                            }
                                        ]
                                    },
                                    "operand": {
                                        "kind": "NumericLiteral",
                                        "fullStart": 591,
                                        "start": 591,
                                        "fullWidth": 1,
                                        "width": 1,
                                        "text": "1",
                                        "value": 1,
                                        "valueText": "1"
                                    }
                                }
                            },
                            "semicolonToken": {
                                "kind": "SemicolonToken",
                                "fullStart": 592,
                                "start": 592,
                                "fullWidth": 1,
                                "width": 1,
                                "text": ";",
                                "value": ";",
                                "valueText": ";"
                            }
                        }
                    ],
                    "closeBraceToken": {
                        "kind": "CloseBraceToken",
                        "fullStart": 593,
                        "start": 599,
                        "fullWidth": 7,
                        "width": 1,
                        "text": "}",
                        "value": "}",
                        "valueText": "}",
                        "hasLeadingTrivia": true,
                        "hasLeadingNewLine": true,
                        "leadingTrivia": [
                            {
                                "kind": "NewLineTrivia",
                                "fullStart": 593,
                                "fullEnd": 595,
                                "text": "\r\n"
                            },
                            {
                                "kind": "WhitespaceTrivia",
                                "fullStart": 595,
                                "fullEnd": 599,
                                "text": "    "
                            }
                        ]
                    }
                }
            },
            {
                "kind": "ExpressionStatement",
                "start": 602,
                "end": 624,
                "width": 22,
                "expression": {
                    "kind": "InvocationExpression",
                    "start": 602,
                    "end": 623,
                    "width": 21,
                    "expression": {
                        "kind": "IdentifierName",
                        "fullStart": 600,
                        "start": 602,
                        "fullWidth": 13,
                        "width": 11,
                        "text": "runTestCase",
                        "value": "runTestCase",
                        "valueText": "runTestCase",
                        "hasLeadingTrivia": true,
                        "hasLeadingNewLine": true,
                        "leadingTrivia": [
                            {
                                "kind": "NewLineTrivia",
                                "fullStart": 600,
                                "fullEnd": 602,
                                "text": "\r\n"
                            }
                        ]
                    },
                    "argumentList": {
                        "kind": "ArgumentList",
                        "start": 613,
                        "end": 623,
                        "width": 10,
                        "openParenToken": {
                            "kind": "OpenParenToken",
                            "fullStart": 613,
                            "start": 613,
                            "fullWidth": 1,
                            "width": 1,
                            "text": "(",
                            "value": "(",
                            "valueText": "("
                        },
                        "arguments": [
                            {
                                "kind": "IdentifierName",
                                "fullStart": 614,
                                "start": 614,
                                "fullWidth": 8,
                                "width": 8,
                                "text": "testcase",
                                "value": "testcase",
                                "valueText": "testcase"
                            }
                        ],
                        "closeParenToken": {
                            "kind": "CloseParenToken",
                            "fullStart": 622,
                            "start": 622,
                            "fullWidth": 1,
                            "width": 1,
                            "text": ")",
                            "value": ")",
                            "valueText": ")"
                        }
                    }
                },
                "semicolonToken": {
                    "kind": "SemicolonToken",
                    "fullStart": 623,
                    "start": 623,
                    "fullWidth": 1,
                    "width": 1,
                    "text": ";",
                    "value": ";",
                    "valueText": ";"
                }
            }
        ],
        "endOfFileToken": {
            "kind": "EndOfFileToken",
            "fullStart": 624,
            "start": 626,
            "fullWidth": 2,
            "width": 0,
            "text": "",
            "hasLeadingTrivia": true,
            "hasLeadingNewLine": true,
            "leadingTrivia": [
                {
                    "kind": "NewLineTrivia",
                    "fullStart": 624,
                    "fullEnd": 626,
                    "text": "\r\n"
                }
            ]
        }
    },
    "lineMap": {
        "lineStarts": [
            0,
            67,
            152,
            232,
            308,
            380,
            385,
            439,
            513,
            518,
            520,
            522,
            545,
            547,
            595,
            602,
            626
        ],
        "length": 626
    }
}