{
    "isDeclaration": false,
    "languageVersion": "EcmaScript5",
    "sourceUnit": {
        "kind": "SourceUnit",
        "start": 538,
        "end": 678,
        "width": 140,
        "moduleElements": [
            {
                "kind": "FunctionDeclaration",
                "start": 538,
                "end": 652,
                "width": 114,
                "functionKeyword": {
                    "kind": "FunctionKeyword",
                    "fullStart": 0,
                    "start": 538,
                    "fullWidth": 546,
                    "width": 8,
                    "text": "function",
                    "value": "function",
                    "valueText": "function",
                    "hasLeadingTrivia": true,
                    "hasLeadingComment": true,
                    "hasLeadingNewLine": true,
                    "leadingTrivia": [
                        {
                            "kind": "SingleLineCommentTrivia",
                            "fullStart": 0,
                            "fullEnd": 65,
                            "text": "/// Copyright (c) 2012 Ecma International.  All rights reserved. "
                        },
                        {
                            "kind": "NewLineTrivia",
                            "fullStart": 65,
                            "fullEnd": 67,
                            "text": "\r\n"
                        },
                        {
                            "kind": "SingleLineCommentTrivia",
                            "fullStart": 67,
                            "fullEnd": 150,
                            "text": "/// Ecma International makes this code available under the terms and conditions set"
                        },
                        {
                            "kind": "NewLineTrivia",
                            "fullStart": 150,
                            "fullEnd": 152,
                            "text": "\r\n"
                        },
                        {
                            "kind": "SingleLineCommentTrivia",
                            "fullStart": 152,
                            "fullEnd": 230,
                            "text": "/// forth on http://hg.ecmascript.org/tests/test262/raw-file/tip/LICENSE (the "
                        },
                        {
                            "kind": "NewLineTrivia",
                            "fullStart": 230,
                            "fullEnd": 232,
                            "text": "\r\n"
                        },
                        {
                            "kind": "SingleLineCommentTrivia",
                            "fullStart": 232,
                            "fullEnd": 306,
                            "text": "/// \"Use Terms\").   Any redistribution of this code must retain the above "
                        },
                        {
                            "kind": "NewLineTrivia",
                            "fullStart": 306,
                            "fullEnd": 308,
                            "text": "\r\n"
                        },
                        {
                            "kind": "SingleLineCommentTrivia",
                            "fullStart": 308,
                            "fullEnd": 378,
                            "text": "/// copyright and this notice and otherwise comply with the Use Terms."
                        },
                        {
                            "kind": "NewLineTrivia",
                            "fullStart": 378,
                            "fullEnd": 380,
                            "text": "\r\n"
                        },
                        {
                            "kind": "MultiLineCommentTrivia",
                            "fullStart": 380,
                            "fullEnd": 532,
                            "text": "/**\r\n * @path ch15/15.2/15.2.3/15.2.3.12/15.2.3.12-3-23.js\r\n * @description Object.isFrozen returns false for all built-in objects (ReferenceError)\r\n */"
                        },
                        {
                            "kind": "NewLineTrivia",
                            "fullStart": 532,
                            "fullEnd": 534,
                            "text": "\r\n"
                        },
                        {
                            "kind": "NewLineTrivia",
                            "fullStart": 534,
                            "fullEnd": 536,
                            "text": "\r\n"
                        },
                        {
                            "kind": "NewLineTrivia",
                            "fullStart": 536,
                            "fullEnd": 538,
                            "text": "\r\n"
                        }
                    ]
                },
                "identifier": {
                    "kind": "IdentifierName",
                    "fullStart": 546,
                    "start": 547,
                    "fullWidth": 9,
                    "width": 8,
                    "text": "testcase",
                    "value": "testcase",
                    "valueText": "testcase",
                    "hasLeadingTrivia": true,
                    "leadingTrivia": [
                        {
                            "kind": "WhitespaceTrivia",
                            "fullStart": 546,
                            "fullEnd": 547,
                            "text": " "
                        }
                    ]
                },
                "callSignature": {
                    "kind": "CallSignature",
                    "start": 555,
                    "end": 557,
                    "width": 2,
                    "parameterList": {
                        "kind": "ParameterList",
                        "start": 555,
                        "end": 557,
                        "width": 2,
                        "openParenToken": {
                            "kind": "OpenParenToken",
                            "fullStart": 555,
                            "start": 555,
                            "fullWidth": 1,
                            "width": 1,
                            "text": "(",
                            "value": "(",
                            "valueText": "("
                        },
                        "closeParenToken": {
                            "kind": "CloseParenToken",
                            "fullStart": 556,
                            "start": 556,
                            "fullWidth": 1,
                            "width": 1,
                            "text": ")",
                            "value": ")",
                            "valueText": ")"
                        }
                    }
                },
                "body": {
                    "kind": "Block",
                    "start": 558,
                    "end": 652,
                    "width": 94,
                    "openBraceToken": {
                        "kind": "OpenBraceToken",
                        "fullStart": 557,
                        "start": 558,
                        "fullWidth": 2,
                        "width": 1,
                        "text": "{",
                        "value": "{",
                        "valueText": "{",
                        "hasLeadingTrivia": true,
                        "leadingTrivia": [
                            {
                                "kind": "WhitespaceTrivia",
                                "fullStart": 557,
                                "fullEnd": 558,
                                "text": " "
                            }
                        ]
                    },
                    "statements": [
                        {
                            "kind": "VariableStatement",
                            "start": 563,
                            "end": 603,
                            "width": 40,
                            "variableDeclaration": {
                                "kind": "VariableDeclaration",
                                "start": 563,
                                "end": 602,
                                "width": 39,
                                "varKeyword": {
                                    "kind": "VarKeyword",
                                    "fullStart": 559,
                                    "start": 563,
                                    "fullWidth": 7,
                                    "width": 3,
                                    "text": "var",
                                    "value": "var",
                                    "valueText": "var",
                                    "hasLeadingTrivia": true,
                                    "hasLeadingNewLine": true,
                                    "leadingTrivia": [
                                        {
                                            "kind": "NewLineTrivia",
                                            "fullStart": 559,
                                            "fullEnd": 561,
                                            "text": "\r\n"
                                        },
                                        {
                                            "kind": "WhitespaceTrivia",
                                            "fullStart": 561,
                                            "fullEnd": 563,
                                            "text": "  "
                                        }
                                    ]
                                },
                                "variableDeclarators": [
                                    {
                                        "kind": "VariableDeclarator",
                                        "start": 567,
                                        "end": 602,
                                        "width": 35,
                                        "propertyName": {
                                            "kind": "IdentifierName",
                                            "fullStart": 566,
                                            "start": 567,
                                            "fullWidth": 2,
                                            "width": 1,
                                            "text": "b",
                                            "value": "b",
                                            "valueText": "b",
                                            "hasLeadingTrivia": true,
                                            "leadingTrivia": [
                                                {
                                                    "kind": "WhitespaceTrivia",
                                                    "fullStart": 566,
                                                    "fullEnd": 567,
                                                    "text": " "
                                                }
                                            ]
                                        },
                                        "equalsValueClause": {
                                            "kind": "EqualsValueClause",
                                            "start": 569,
                                            "end": 602,
                                            "width": 33,
                                            "equalsToken": {
                                                "kind": "EqualsToken",
                                                "fullStart": 568,
                                                "start": 569,
                                                "fullWidth": 2,
                                                "width": 1,
                                                "text": "=",
                                                "value": "=",
                                                "valueText": "=",
                                                "hasLeadingTrivia": true,
                                                "leadingTrivia": [
                                                    {
                                                        "kind": "WhitespaceTrivia",
                                                        "fullStart": 568,
                                                        "fullEnd": 569,
                                                        "text": " "
                                                    }
                                                ]
                                            },
                                            "value": {
                                                "kind": "InvocationExpression",
                                                "start": 571,
                                                "end": 602,
                                                "width": 31,
                                                "expression": {
                                                    "kind": "MemberAccessExpression",
                                                    "start": 571,
                                                    "end": 586,
                                                    "width": 15,
                                                    "expression": {
                                                        "kind": "IdentifierName",
                                                        "fullStart": 570,
                                                        "start": 571,
                                                        "fullWidth": 7,
                                                        "width": 6,
                                                        "text": "Object",
                                                        "value": "Object",
                                                        "valueText": "Object",
                                                        "hasLeadingTrivia": true,
                                                        "leadingTrivia": [
                                                            {
                                                                "kind": "WhitespaceTrivia",
                                                                "fullStart": 570,
                                                                "fullEnd": 571,
                                                                "text": " "
                                                            }
                                                        ]
                                                    },
                                                    "dotToken": {
                                                        "kind": "DotToken",
                                                        "fullStart": 577,
                                                        "start": 577,
                                                        "fullWidth": 1,
                                                        "width": 1,
                                                        "text": ".",
                                                        "value": ".",
                                                        "valueText": "."
                                                    },
                                                    "name": {
                                                        "kind": "IdentifierName",
                                                        "fullStart": 578,
                                                        "start": 578,
                                                        "fullWidth": 8,
                                                        "width": 8,
                                                        "text": "isFrozen",
                                                        "value": "isFrozen",
                                                        "valueText": "isFrozen"
                                                    }
                                                },
                                                "argumentList": {
                                                    "kind": "ArgumentList",
                                                    "start": 586,
                                                    "end": 602,
                                                    "width": 16,
                                                    "openParenToken": {
                                                        "kind": "OpenParenToken",
                                                        "fullStart": 586,
                                                        "start": 586,
                                                        "fullWidth": 1,
                                                        "width": 1,
                                                        "text": "(",
                                                        "value": "(",
                                                        "valueText": "("
                                                    },
                                                    "arguments": [
                                                        {
                                                            "kind": "IdentifierName",
                                                            "fullStart": 587,
                                                            "start": 587,
                                                            "fullWidth": 14,
                                                            "width": 14,
                                                            "text": "ReferenceError",
                                                            "value": "ReferenceError",
                                                            "valueText": "ReferenceError"
                                                        }
                                                    ],
                                                    "closeParenToken": {
                                                        "kind": "CloseParenToken",
                                                        "fullStart": 601,
                                                        "start": 601,
                                                        "fullWidth": 1,
                                                        "width": 1,
                                                        "text": ")",
                                                        "value": ")",
                                                        "valueText": ")"
                                                    }
                                                }
                                            }
                                        }
                                    }
                                ]
                            },
                            "semicolonToken": {
                                "kind": "SemicolonToken",
                                "fullStart": 602,
                                "start": 602,
                                "fullWidth": 1,
                                "width": 1,
                                "text": ";",
                                "value": ";",
                                "valueText": ";"
                            }
                        },
                        {
                            "kind": "IfStatement",
                            "start": 607,
                            "end": 648,
                            "width": 41,
                            "ifKeyword": {
                                "kind": "IfKeyword",
                                "fullStart": 603,
                                "start": 607,
                                "fullWidth": 6,
                                "width": 2,
                                "text": "if",
                                "value": "if",
                                "valueText": "if",
                                "hasLeadingTrivia": true,
                                "hasLeadingNewLine": true,
                                "leadingTrivia": [
                                    {
                                        "kind": "NewLineTrivia",
                                        "fullStart": 603,
                                        "fullEnd": 605,
                                        "text": "\r\n"
                                    },
                                    {
                                        "kind": "WhitespaceTrivia",
                                        "fullStart": 605,
                                        "fullEnd": 607,
                                        "text": "  "
                                    }
                                ]
                            },
                            "openParenToken": {
                                "kind": "OpenParenToken",
                                "fullStart": 609,
                                "start": 610,
                                "fullWidth": 2,
                                "width": 1,
                                "text": "(",
                                "value": "(",
                                "valueText": "(",
                                "hasLeadingTrivia": true,
                                "leadingTrivia": [
                                    {
                                        "kind": "WhitespaceTrivia",
                                        "fullStart": 609,
                                        "fullEnd": 610,
                                        "text": " "
                                    }
                                ]
                            },
                            "condition": {
                                "kind": "BinaryExpression",
                                "start": 611,
                                "end": 622,
                                "width": 11,
                                "left": {
                                    "kind": "IdentifierName",
                                    "fullStart": 611,
                                    "start": 611,
                                    "fullWidth": 1,
                                    "width": 1,
                                    "text": "b",
                                    "value": "b",
                                    "valueText": "b"
                                },
                                "operatorToken": {
                                    "kind": "EqualsEqualsEqualsToken",
                                    "fullStart": 612,
                                    "start": 613,
                                    "fullWidth": 4,
                                    "width": 3,
                                    "text": "===",
                                    "value": "===",
                                    "valueText": "===",
                                    "hasLeadingTrivia": true,
                                    "leadingTrivia": [
                                        {
                                            "kind": "WhitespaceTrivia",
                                            "fullStart": 612,
                                            "fullEnd": 613,
                                            "text": " "
                                        }
                                    ]
                                },
                                "right": {
                                    "kind": "FalseKeyword",
                                    "fullStart": 616,
                                    "start": 617,
                                    "fullWidth": 6,
                                    "width": 5,
                                    "text": "false",
                                    "value": false,
                                    "valueText": "false",
                                    "hasLeadingTrivia": true,
                                    "leadingTrivia": [
                                        {
                                            "kind": "WhitespaceTrivia",
                                            "fullStart": 616,
                                            "fullEnd": 617,
                                            "text": " "
                                        }
                                    ]
                                }
                            },
                            "closeParenToken": {
                                "kind": "CloseParenToken",
                                "fullStart": 622,
                                "start": 622,
                                "fullWidth": 1,
                                "width": 1,
                                "text": ")",
                                "value": ")",
                                "valueText": ")"
                            },
                            "statement": {
                                "kind": "Block",
                                "start": 624,
                                "end": 648,
                                "width": 24,
                                "openBraceToken": {
                                    "kind": "OpenBraceToken",
                                    "fullStart": 623,
                                    "start": 624,
                                    "fullWidth": 2,
                                    "width": 1,
                                    "text": "{",
                                    "value": "{",
                                    "valueText": "{",
                                    "hasLeadingTrivia": true,
                                    "leadingTrivia": [
                                        {
                                            "kind": "WhitespaceTrivia",
                                            "fullStart": 623,
                                            "fullEnd": 624,
                                            "text": " "
                                        }
                                    ]
                                },
                                "statements": [
                                    {
                                        "kind": "ReturnStatement",
                                        "start": 631,
                                        "end": 643,
                                        "width": 12,
                                        "returnKeyword": {
                                            "kind": "ReturnKeyword",
                                            "fullStart": 625,
                                            "start": 631,
                                            "fullWidth": 12,
                                            "width": 6,
                                            "text": "return",
                                            "value": "return",
                                            "valueText": "return",
                                            "hasLeadingTrivia": true,
                                            "hasLeadingNewLine": true,
                                            "leadingTrivia": [
                                                {
                                                    "kind": "NewLineTrivia",
                                                    "fullStart": 625,
                                                    "fullEnd": 627,
                                                    "text": "\r\n"
                                                },
                                                {
                                                    "kind": "WhitespaceTrivia",
                                                    "fullStart": 627,
                                                    "fullEnd": 631,
                                                    "text": "    "
                                                }
                                            ]
                                        },
                                        "expression": {
                                            "kind": "TrueKeyword",
                                            "fullStart": 637,
                                            "start": 638,
                                            "fullWidth": 5,
                                            "width": 4,
                                            "text": "true",
                                            "value": true,
                                            "valueText": "true",
                                            "hasLeadingTrivia": true,
                                            "leadingTrivia": [
                                                {
                                                    "kind": "WhitespaceTrivia",
                                                    "fullStart": 637,
                                                    "fullEnd": 638,
                                                    "text": " "
                                                }
                                            ]
                                        },
                                        "semicolonToken": {
                                            "kind": "SemicolonToken",
                                            "fullStart": 642,
                                            "start": 642,
                                            "fullWidth": 1,
                                            "width": 1,
                                            "text": ";",
                                            "value": ";",
                                            "valueText": ";"
                                        }
                                    }
                                ],
                                "closeBraceToken": {
                                    "kind": "CloseBraceToken",
                                    "fullStart": 643,
                                    "start": 647,
                                    "fullWidth": 5,
                                    "width": 1,
                                    "text": "}",
                                    "value": "}",
                                    "valueText": "}",
                                    "hasLeadingTrivia": true,
                                    "hasLeadingNewLine": true,
                                    "leadingTrivia": [
                                        {
                                            "kind": "NewLineTrivia",
                                            "fullStart": 643,
                                            "fullEnd": 645,
                                            "text": "\r\n"
                                        },
                                        {
                                            "kind": "WhitespaceTrivia",
                                            "fullStart": 645,
                                            "fullEnd": 647,
                                            "text": "  "
                                        }
                                    ]
                                }
                            }
                        }
                    ],
                    "closeBraceToken": {
                        "kind": "CloseBraceToken",
                        "fullStart": 648,
                        "start": 651,
                        "fullWidth": 4,
                        "width": 1,
                        "text": "}",
                        "value": "}",
                        "valueText": "}",
                        "hasLeadingTrivia": true,
                        "hasLeadingNewLine": true,
                        "leadingTrivia": [
                            {
                                "kind": "NewLineTrivia",
                                "fullStart": 648,
                                "fullEnd": 650,
                                "text": "\r\n"
                            },
                            {
                                "kind": "WhitespaceTrivia",
                                "fullStart": 650,
                                "fullEnd": 651,
                                "text": " "
                            }
                        ]
                    }
                }
            },
            {
                "kind": "ExpressionStatement",
                "start": 654,
                "end": 676,
                "width": 22,
                "expression": {
                    "kind": "InvocationExpression",
                    "start": 654,
                    "end": 675,
                    "width": 21,
                    "expression": {
                        "kind": "IdentifierName",
                        "fullStart": 652,
                        "start": 654,
                        "fullWidth": 13,
                        "width": 11,
                        "text": "runTestCase",
                        "value": "runTestCase",
                        "valueText": "runTestCase",
                        "hasLeadingTrivia": true,
                        "hasLeadingNewLine": true,
                        "leadingTrivia": [
                            {
                                "kind": "NewLineTrivia",
                                "fullStart": 652,
                                "fullEnd": 654,
                                "text": "\r\n"
                            }
                        ]
                    },
                    "argumentList": {
                        "kind": "ArgumentList",
                        "start": 665,
                        "end": 675,
                        "width": 10,
                        "openParenToken": {
                            "kind": "OpenParenToken",
                            "fullStart": 665,
                            "start": 665,
                            "fullWidth": 1,
                            "width": 1,
                            "text": "(",
                            "value": "(",
                            "valueText": "("
                        },
                        "arguments": [
                            {
                                "kind": "IdentifierName",
                                "fullStart": 666,
                                "start": 666,
                                "fullWidth": 8,
                                "width": 8,
                                "text": "testcase",
                                "value": "testcase",
                                "valueText": "testcase"
                            }
                        ],
                        "closeParenToken": {
                            "kind": "CloseParenToken",
                            "fullStart": 674,
                            "start": 674,
                            "fullWidth": 1,
                            "width": 1,
                            "text": ")",
                            "value": ")",
                            "valueText": ")"
                        }
                    }
                },
                "semicolonToken": {
                    "kind": "SemicolonToken",
                    "fullStart": 675,
                    "start": 675,
                    "fullWidth": 1,
                    "width": 1,
                    "text": ";",
                    "value": ";",
                    "valueText": ";"
                }
            }
        ],
        "endOfFileToken": {
            "kind": "EndOfFileToken",
            "fullStart": 676,
            "start": 678,
            "fullWidth": 2,
            "width": 0,
            "text": "",
            "hasLeadingTrivia": true,
            "hasLeadingNewLine": true,
            "leadingTrivia": [
                {
                    "kind": "NewLineTrivia",
                    "fullStart": 676,
                    "fullEnd": 678,
                    "text": "\r\n"
                }
            ]
        }
    },
    "lineMap": {
        "lineStarts": [
            0,
            67,
            152,
            232,
            308,
            380,
            385,
            440,
            529,
            534,
            536,
            538,
            561,
            605,
            627,
            645,
            650,
            654,
            678
        ],
        "length": 678
    }
}