{
    "isDeclaration": false,
    "languageVersion": "EcmaScript5",
    "sourceUnit": {
        "kind": "SourceUnit",
        "fullStart": 0,
        "fullEnd": 569,
        "start": 347,
        "end": 569,
        "fullWidth": 569,
        "width": 222,
        "moduleElements": [
            {
                "kind": "ExpressionStatement",
                "fullStart": 0,
                "fullEnd": 385,
                "start": 347,
                "end": 384,
                "fullWidth": 385,
                "width": 37,
                "expression": {
                    "kind": "InvocationExpression",
                    "fullStart": 0,
                    "fullEnd": 383,
                    "start": 347,
                    "end": 383,
                    "fullWidth": 383,
                    "width": 36,
                    "expression": {
                        "kind": "IdentifierName",
                        "fullStart": 0,
                        "start": 347,
                        "fullWidth": 351,
                        "width": 4,
                        "text": "eval",
                        "value": "eval",
                        "valueText": "eval",
                        "hasLeadingTrivia": true,
                        "hasLeadingComment": true,
                        "hasLeadingNewLine": true,
                        "leadingTrivia": [
                            {
                                "kind": "SingleLineCommentTrivia",
                                "fullStart": 0,
                                "fullEnd": 60,
                                "text": "// Copyright 2009 the Sputnik authors.  All rights reserved."
                            },
                            {
                                "kind": "NewLineTrivia",
                                "fullStart": 60,
                                "fullEnd": 61,
                                "text": "\n"
                            },
                            {
                                "kind": "SingleLineCommentTrivia",
                                "fullStart": 61,
                                "fullEnd": 131,
                                "text": "// This code is governed by the BSD license found in the LICENSE file."
                            },
                            {
                                "kind": "NewLineTrivia",
                                "fullStart": 131,
                                "fullEnd": 132,
                                "text": "\n"
                            },
                            {
                                "kind": "NewLineTrivia",
                                "fullStart": 132,
                                "fullEnd": 133,
                                "text": "\n"
                            },
                            {
                                "kind": "MultiLineCommentTrivia",
                                "fullStart": 133,
                                "fullEnd": 334,
                                "text": "/**\n * Single line comments can contain Line Terminator at the end of line\n *\n * @path ch07/7.3/S7.3_A4_T4.js\n * @description Insert PARAGRAPH SEPARATOR (U+2029) into the end of single line comment\n */"
                            },
                            {
                                "kind": "NewLineTrivia",
                                "fullStart": 334,
                                "fullEnd": 335,
                                "text": "\n"
                            },
                            {
                                "kind": "NewLineTrivia",
                                "fullStart": 335,
                                "fullEnd": 336,
                                "text": "\n"
                            },
                            {
                                "kind": "SingleLineCommentTrivia",
                                "fullStart": 336,
                                "fullEnd": 346,
                                "text": "// CHECK#1"
                            },
                            {
                                "kind": "NewLineTrivia",
                                "fullStart": 346,
                                "fullEnd": 347,
                                "text": "\n"
                            }
                        ]
                    },
                    "argumentList": {
                        "kind": "ArgumentList",
                        "fullStart": 351,
                        "fullEnd": 383,
                        "start": 351,
                        "end": 383,
                        "fullWidth": 32,
                        "width": 32,
                        "openParenToken": {
                            "kind": "OpenParenToken",
                            "fullStart": 351,
                            "start": 351,
                            "fullWidth": 1,
                            "width": 1,
                            "text": "(",
                            "value": "(",
                            "valueText": "("
                        },
                        "arguments": [
                            {
                                "kind": "StringLiteral",
                                "fullStart": 352,
                                "start": 352,
                                "fullWidth": 30,
                                "width": 30,
                                "text": "\"// single line comment\\u2029\"",
                                "value": "// single line comment ",
                                "valueText": "// single line comment "
                            }
                        ],
                        "closeParenToken": {
                            "kind": "CloseParenToken",
                            "fullStart": 382,
                            "start": 382,
                            "fullWidth": 1,
                            "width": 1,
                            "text": ")",
                            "value": ")",
                            "valueText": ")"
                        }
                    }
                },
                "semicolonToken": {
                    "kind": "SemicolonToken",
                    "fullStart": 383,
                    "start": 383,
                    "fullWidth": 1,
                    "width": 1,
                    "text": ";",
                    "value": ";",
                    "valueText": ";"
                }
            },
            {
                "kind": "VariableStatement",
                "fullStart": 385,
                "fullEnd": 408,
                "start": 397,
                "end": 407,
                "fullWidth": 23,
                "width": 10,
                "modifiers": [],
                "variableDeclaration": {
                    "kind": "VariableDeclaration",
                    "fullStart": 385,
                    "fullEnd": 406,
                    "start": 397,
                    "end": 406,
                    "fullWidth": 21,
                    "width": 9,
                    "varKeyword": {
                        "kind": "VarKeyword",
                        "fullStart": 384,
                        "start": 397,
                        "fullWidth": 16,
                        "width": 3,
                        "text": "var",
                        "value": "var",
                        "valueText": "var",
                        "hasLeadingTrivia": true,
                        "hasLeadingComment": true,
                        "hasLeadingNewLine": true,
                        "leadingTrivia": [
                            {
                                "kind": "NewLineTrivia",
                                "fullStart": 384,
                                "fullEnd": 385,
                                "text": "\n"
                            },
                            {
                                "kind": "NewLineTrivia",
                                "fullStart": 385,
                                "fullEnd": 386,
                                "text": "\n"
                            },
                            {
                                "kind": "SingleLineCommentTrivia",
                                "fullStart": 386,
                                "fullEnd": 396,
                                "text": "// CHECK#2"
                            },
                            {
                                "kind": "NewLineTrivia",
                                "fullStart": 396,
                                "fullEnd": 397,
                                "text": "\n"
                            }
                        ]
                    },
                    "variableDeclarators": [
                        {
                            "kind": "VariableDeclarator",
                            "fullStart": 401,
                            "fullEnd": 406,
                            "start": 401,
                            "end": 406,
                            "fullWidth": 5,
                            "width": 5,
                            "propertyName": {
                                "kind": "IdentifierName",
                                "fullStart": 400,
                                "start": 401,
                                "fullWidth": 2,
                                "width": 1,
                                "text": "x",
                                "value": "x",
                                "valueText": "x",
                                "hasLeadingTrivia": true,
                                "leadingTrivia": [
                                    {
                                        "kind": "WhitespaceTrivia",
                                        "fullStart": 400,
                                        "fullEnd": 401,
                                        "text": " "
                                    }
                                ]
                            },
                            "equalsValueClause": {
                                "kind": "EqualsValueClause",
                                "fullStart": 403,
                                "fullEnd": 406,
                                "start": 403,
                                "end": 406,
                                "fullWidth": 3,
                                "width": 3,
                                "equalsToken": {
                                    "kind": "EqualsToken",
                                    "fullStart": 402,
                                    "start": 403,
                                    "fullWidth": 2,
                                    "width": 1,
                                    "text": "=",
                                    "value": "=",
                                    "valueText": "=",
                                    "hasLeadingTrivia": true,
                                    "leadingTrivia": [
                                        {
                                            "kind": "WhitespaceTrivia",
                                            "fullStart": 402,
                                            "fullEnd": 403,
                                            "text": " "
                                        }
                                    ]
                                },
                                "value": {
                                    "kind": "NumericLiteral",
                                    "fullStart": 404,
                                    "start": 405,
                                    "fullWidth": 2,
                                    "width": 1,
                                    "text": "0",
                                    "value": 0,
                                    "valueText": "0",
                                    "hasLeadingTrivia": true,
                                    "leadingTrivia": [
                                        {
                                            "kind": "WhitespaceTrivia",
                                            "fullStart": 404,
                                            "fullEnd": 405,
                                            "text": " "
                                        }
                                    ]
                                }
                            }
                        }
                    ]
                },
                "semicolonToken": {
                    "kind": "SemicolonToken",
                    "fullStart": 406,
                    "start": 406,
                    "fullWidth": 1,
                    "width": 1,
                    "text": ";",
                    "value": ";",
                    "valueText": ";"
                }
            },
            {
                "kind": "ExpressionStatement",
                "fullStart": 408,
                "fullEnd": 453,
                "start": 408,
                "end": 452,
                "fullWidth": 45,
                "width": 44,
                "expression": {
                    "kind": "InvocationExpression",
                    "fullStart": 408,
                    "fullEnd": 451,
                    "start": 408,
                    "end": 451,
                    "fullWidth": 43,
                    "width": 43,
                    "expression": {
                        "kind": "IdentifierName",
                        "fullStart": 407,
                        "start": 408,
                        "fullWidth": 5,
                        "width": 4,
                        "text": "eval",
                        "value": "eval",
                        "valueText": "eval",
                        "hasLeadingTrivia": true,
                        "hasLeadingNewLine": true,
                        "leadingTrivia": [
                            {
                                "kind": "NewLineTrivia",
                                "fullStart": 407,
                                "fullEnd": 408,
                                "text": "\n"
                            }
                        ]
                    },
                    "argumentList": {
                        "kind": "ArgumentList",
                        "fullStart": 412,
                        "fullEnd": 451,
                        "start": 412,
                        "end": 451,
                        "fullWidth": 39,
                        "width": 39,
                        "openParenToken": {
                            "kind": "OpenParenToken",
                            "fullStart": 412,
                            "start": 412,
                            "fullWidth": 1,
                            "width": 1,
                            "text": "(",
                            "value": "(",
                            "valueText": "("
                        },
                        "arguments": [
                            {
                                "kind": "StringLiteral",
                                "fullStart": 413,
                                "start": 413,
                                "fullWidth": 37,
                                "width": 37,
                                "text": "\"// single line comment\\u2029 x = 1;\"",
                                "value": "// single line comment  x = 1;",
                                "valueText": "// single line comment  x = 1;"
                            }
                        ],
                        "closeParenToken": {
                            "kind": "CloseParenToken",
                            "fullStart": 450,
                            "start": 450,
                            "fullWidth": 1,
                            "width": 1,
                            "text": ")",
                            "value": ")",
                            "valueText": ")"
                        }
                    }
                },
                "semicolonToken": {
                    "kind": "SemicolonToken",
                    "fullStart": 451,
                    "start": 451,
                    "fullWidth": 1,
                    "width": 1,
                    "text": ";",
                    "value": ";",
                    "valueText": ";"
                }
            },
            {
                "kind": "IfStatement",
                "fullStart": 453,
                "fullEnd": 568,
                "start": 453,
                "end": 567,
                "fullWidth": 115,
                "width": 114,
                "ifKeyword": {
                    "kind": "IfKeyword",
                    "fullStart": 452,
                    "start": 453,
                    "fullWidth": 3,
                    "width": 2,
                    "text": "if",
                    "value": "if",
                    "valueText": "if",
                    "hasLeadingTrivia": true,
                    "hasLeadingNewLine": true,
                    "leadingTrivia": [
                        {
                            "kind": "NewLineTrivia",
                            "fullStart": 452,
                            "fullEnd": 453,
                            "text": "\n"
                        }
                    ]
                },
                "openParenToken": {
                    "kind": "OpenParenToken",
                    "fullStart": 455,
                    "start": 456,
                    "fullWidth": 2,
                    "width": 1,
                    "text": "(",
                    "value": "(",
                    "valueText": "(",
                    "hasLeadingTrivia": true,
                    "leadingTrivia": [
                        {
                            "kind": "WhitespaceTrivia",
                            "fullStart": 455,
                            "fullEnd": 456,
                            "text": " "
                        }
                    ]
                },
                "condition": {
                    "kind": "BinaryExpression",
                    "fullStart": 457,
                    "fullEnd": 464,
                    "start": 457,
                    "end": 464,
                    "fullWidth": 7,
                    "width": 7,
                    "left": {
                        "kind": "IdentifierName",
                        "fullStart": 457,
                        "start": 457,
                        "fullWidth": 1,
                        "width": 1,
                        "text": "x",
                        "value": "x",
                        "valueText": "x"
                    },
                    "operatorToken": {
                        "kind": "ExclamationEqualsEqualsToken",
                        "fullStart": 458,
                        "start": 459,
                        "fullWidth": 4,
                        "width": 3,
                        "text": "!==",
                        "value": "!==",
                        "valueText": "!==",
                        "hasLeadingTrivia": true,
                        "leadingTrivia": [
                            {
                                "kind": "WhitespaceTrivia",
                                "fullStart": 458,
                                "fullEnd": 459,
                                "text": " "
                            }
                        ]
                    },
                    "right": {
                        "kind": "NumericLiteral",
                        "fullStart": 462,
                        "start": 463,
                        "fullWidth": 2,
                        "width": 1,
                        "text": "1",
                        "value": 1,
                        "valueText": "1",
                        "hasLeadingTrivia": true,
                        "leadingTrivia": [
                            {
                                "kind": "WhitespaceTrivia",
                                "fullStart": 462,
                                "fullEnd": 463,
                                "text": " "
                            }
                        ]
                    }
                },
                "closeParenToken": {
                    "kind": "CloseParenToken",
                    "fullStart": 464,
                    "start": 464,
                    "fullWidth": 1,
                    "width": 1,
                    "text": ")",
                    "value": ")",
                    "valueText": ")"
                },
                "statement": {
                    "kind": "Block",
                    "fullStart": 466,
                    "fullEnd": 568,
                    "start": 466,
                    "end": 567,
                    "fullWidth": 102,
                    "width": 101,
                    "openBraceToken": {
                        "kind": "OpenBraceToken",
                        "fullStart": 465,
                        "start": 466,
                        "fullWidth": 2,
                        "width": 1,
                        "text": "{",
                        "value": "{",
                        "valueText": "{",
                        "hasLeadingTrivia": true,
                        "leadingTrivia": [
                            {
                                "kind": "WhitespaceTrivia",
                                "fullStart": 465,
                                "fullEnd": 466,
                                "text": " "
                            }
                        ]
                    },
                    "statements": [
                        {
                            "kind": "ExpressionStatement",
                            "fullStart": 468,
                            "fullEnd": 566,
                            "start": 470,
                            "end": 565,
                            "fullWidth": 98,
                            "width": 95,
                            "expression": {
                                "kind": "InvocationExpression",
                                "fullStart": 468,
                                "fullEnd": 564,
                                "start": 470,
                                "end": 564,
                                "fullWidth": 96,
                                "width": 94,
                                "expression": {
                                    "kind": "IdentifierName",
                                    "fullStart": 467,
                                    "start": 470,
                                    "fullWidth": 9,
                                    "width": 6,
                                    "text": "$ERROR",
                                    "value": "$ERROR",
                                    "valueText": "$ERROR",
                                    "hasLeadingTrivia": true,
                                    "hasLeadingNewLine": true,
                                    "leadingTrivia": [
                                        {
                                            "kind": "NewLineTrivia",
                                            "fullStart": 467,
                                            "fullEnd": 468,
                                            "text": "\n"
                                        },
                                        {
                                            "kind": "WhitespaceTrivia",
                                            "fullStart": 468,
                                            "fullEnd": 470,
                                            "text": "  "
                                        }
                                    ]
                                },
                                "argumentList": {
                                    "kind": "ArgumentList",
                                    "fullStart": 476,
                                    "fullEnd": 564,
                                    "start": 476,
                                    "end": 564,
                                    "fullWidth": 88,
                                    "width": 88,
                                    "openParenToken": {
                                        "kind": "OpenParenToken",
                                        "fullStart": 476,
                                        "start": 476,
                                        "fullWidth": 1,
                                        "width": 1,
                                        "text": "(",
                                        "value": "(",
                                        "valueText": "("
                                    },
                                    "arguments": [
                                        {
                                            "kind": "BinaryExpression",
                                            "fullStart": 477,
                                            "fullEnd": 563,
                                            "start": 477,
                                            "end": 563,
                                            "fullWidth": 86,
                                            "width": 86,
                                            "left": {
                                                "kind": "StringLiteral",
                                                "fullStart": 477,
                                                "start": 477,
                                                "fullWidth": 80,
                                                "width": 80,
                                                "text": "'#1: var x = 0; eval(\"// single line comment\\\\u2029 x = 1;\"); x === 1. Actual: '",
                                                "value": "#1: var x = 0; eval(\"// single line comment\\u2029 x = 1;\"); x === 1. Actual: ",
                                                "valueText": "#1: var x = 0; eval(\"// single line comment\\u2029 x = 1;\"); x === 1. Actual: "
                                            },
                                            "operatorToken": {
                                                "kind": "PlusToken",
                                                "fullStart": 557,
                                                "start": 558,
                                                "fullWidth": 2,
                                                "width": 1,
                                                "text": "+",
                                                "value": "+",
                                                "valueText": "+",
                                                "hasLeadingTrivia": true,
                                                "leadingTrivia": [
                                                    {
                                                        "kind": "WhitespaceTrivia",
                                                        "fullStart": 557,
                                                        "fullEnd": 558,
                                                        "text": " "
                                                    }
                                                ]
                                            },
                                            "right": {
                                                "kind": "ParenthesizedExpression",
                                                "fullStart": 560,
                                                "fullEnd": 563,
                                                "start": 560,
                                                "end": 563,
                                                "fullWidth": 3,
                                                "width": 3,
                                                "openParenToken": {
                                                    "kind": "OpenParenToken",
                                                    "fullStart": 559,
                                                    "start": 560,
                                                    "fullWidth": 2,
                                                    "width": 1,
                                                    "text": "(",
                                                    "value": "(",
                                                    "valueText": "(",
                                                    "hasLeadingTrivia": true,
                                                    "leadingTrivia": [
                                                        {
                                                            "kind": "WhitespaceTrivia",
                                                            "fullStart": 559,
                                                            "fullEnd": 560,
                                                            "text": " "
                                                        }
                                                    ]
                                                },
                                                "expression": {
                                                    "kind": "IdentifierName",
                                                    "fullStart": 561,
                                                    "start": 561,
                                                    "fullWidth": 1,
                                                    "width": 1,
                                                    "text": "x",
                                                    "value": "x",
                                                    "valueText": "x"
                                                },
                                                "closeParenToken": {
                                                    "kind": "CloseParenToken",
                                                    "fullStart": 562,
                                                    "start": 562,
                                                    "fullWidth": 1,
                                                    "width": 1,
                                                    "text": ")",
                                                    "value": ")",
                                                    "valueText": ")"
                                                }
                                            }
                                        }
                                    ],
                                    "closeParenToken": {
                                        "kind": "CloseParenToken",
                                        "fullStart": 563,
                                        "start": 563,
                                        "fullWidth": 1,
                                        "width": 1,
                                        "text": ")",
                                        "value": ")",
                                        "valueText": ")"
                                    }
                                }
                            },
                            "semicolonToken": {
                                "kind": "SemicolonToken",
                                "fullStart": 564,
                                "start": 564,
                                "fullWidth": 1,
                                "width": 1,
                                "text": ";",
                                "value": ";",
                                "valueText": ";"
                            }
                        }
                    ],
                    "closeBraceToken": {
                        "kind": "CloseBraceToken",
                        "fullStart": 565,
                        "start": 566,
                        "fullWidth": 2,
                        "width": 1,
                        "text": "}",
                        "value": "}",
                        "valueText": "}",
                        "hasLeadingTrivia": true,
                        "hasLeadingNewLine": true,
                        "leadingTrivia": [
                            {
                                "kind": "NewLineTrivia",
                                "fullStart": 565,
                                "fullEnd": 566,
                                "text": "\n"
                            }
                        ]
                    }
                }
            }
        ],
        "endOfFileToken": {
            "kind": "EndOfFileToken",
            "fullStart": 567,
            "start": 569,
            "fullWidth": 2,
            "width": 0,
            "text": "",
            "hasLeadingTrivia": true,
            "hasLeadingNewLine": true,
            "leadingTrivia": [
                {
                    "kind": "NewLineTrivia",
                    "fullStart": 567,
                    "fullEnd": 568,
                    "text": "\n"
                },
                {
                    "kind": "NewLineTrivia",
                    "fullStart": 568,
                    "fullEnd": 569,
                    "text": "\n"
                }
            ]
        }
    },
    "lineMap": {
        "lineStarts": [
            0,
            61,
            132,
            133,
            137,
            208,
            211,
            243,
            331,
            335,
            336,
            347,
            385,
            386,
            397,
            408,
            453,
            468,
            566,
            568,
            569
        ],
        "length": 569
    }
}