{
    "isDeclaration": false,
    "languageVersion": "EcmaScript5",
    "sourceUnit": {
        "kind": "SourceUnit",
        "start": 523,
        "end": 637,
        "width": 114,
        "moduleElements": [
            {
                "kind": "FunctionDeclaration",
                "start": 523,
                "end": 611,
                "width": 88,
                "functionKeyword": {
                    "kind": "FunctionKeyword",
                    "fullStart": 0,
                    "start": 523,
                    "fullWidth": 531,
                    "width": 8,
                    "text": "function",
                    "value": "function",
                    "valueText": "function",
                    "hasLeadingTrivia": true,
                    "hasLeadingComment": true,
                    "hasLeadingNewLine": true,
                    "leadingTrivia": [
                        {
                            "kind": "SingleLineCommentTrivia",
                            "fullStart": 0,
                            "fullEnd": 65,
                            "text": "/// Copyright (c) 2012 Ecma International.  All rights reserved. "
                        },
                        {
                            "kind": "NewLineTrivia",
                            "fullStart": 65,
                            "fullEnd": 67,
                            "text": "\r\n"
                        },
                        {
                            "kind": "SingleLineCommentTrivia",
                            "fullStart": 67,
                            "fullEnd": 150,
                            "text": "/// Ecma International makes this code available under the terms and conditions set"
                        },
                        {
                            "kind": "NewLineTrivia",
                            "fullStart": 150,
                            "fullEnd": 152,
                            "text": "\r\n"
                        },
                        {
                            "kind": "SingleLineCommentTrivia",
                            "fullStart": 152,
                            "fullEnd": 230,
                            "text": "/// forth on http://hg.ecmascript.org/tests/test262/raw-file/tip/LICENSE (the "
                        },
                        {
                            "kind": "NewLineTrivia",
                            "fullStart": 230,
                            "fullEnd": 232,
                            "text": "\r\n"
                        },
                        {
                            "kind": "SingleLineCommentTrivia",
                            "fullStart": 232,
                            "fullEnd": 306,
                            "text": "/// \"Use Terms\").   Any redistribution of this code must retain the above "
                        },
                        {
                            "kind": "NewLineTrivia",
                            "fullStart": 306,
                            "fullEnd": 308,
                            "text": "\r\n"
                        },
                        {
                            "kind": "SingleLineCommentTrivia",
                            "fullStart": 308,
                            "fullEnd": 378,
                            "text": "/// copyright and this notice and otherwise comply with the Use Terms."
                        },
                        {
                            "kind": "NewLineTrivia",
                            "fullStart": 378,
                            "fullEnd": 380,
                            "text": "\r\n"
                        },
                        {
                            "kind": "MultiLineCommentTrivia",
                            "fullStart": 380,
                            "fullEnd": 517,
                            "text": "/**\r\n * @path ch15/15.4/15.4.4/15.4.4.15/15.4.4.15-8-b-ii-5.js\r\n * @description Array.prototype.lastIndexOf - search element is -NaN\r\n */"
                        },
                        {
                            "kind": "NewLineTrivia",
                            "fullStart": 517,
                            "fullEnd": 519,
                            "text": "\r\n"
                        },
                        {
                            "kind": "NewLineTrivia",
                            "fullStart": 519,
                            "fullEnd": 521,
                            "text": "\r\n"
                        },
                        {
                            "kind": "NewLineTrivia",
                            "fullStart": 521,
                            "fullEnd": 523,
                            "text": "\r\n"
                        }
                    ]
                },
                "identifier": {
                    "kind": "IdentifierName",
                    "fullStart": 531,
                    "start": 532,
                    "fullWidth": 9,
                    "width": 8,
                    "text": "testcase",
                    "value": "testcase",
                    "valueText": "testcase",
                    "hasLeadingTrivia": true,
                    "leadingTrivia": [
                        {
                            "kind": "WhitespaceTrivia",
                            "fullStart": 531,
                            "fullEnd": 532,
                            "text": " "
                        }
                    ]
                },
                "callSignature": {
                    "kind": "CallSignature",
                    "start": 540,
                    "end": 542,
                    "width": 2,
                    "parameterList": {
                        "kind": "ParameterList",
                        "start": 540,
                        "end": 542,
                        "width": 2,
                        "openParenToken": {
                            "kind": "OpenParenToken",
                            "fullStart": 540,
                            "start": 540,
                            "fullWidth": 1,
                            "width": 1,
                            "text": "(",
                            "value": "(",
                            "valueText": "("
                        },
                        "closeParenToken": {
                            "kind": "CloseParenToken",
                            "fullStart": 541,
                            "start": 541,
                            "fullWidth": 1,
                            "width": 1,
                            "text": ")",
                            "value": ")",
                            "valueText": ")"
                        }
                    }
                },
                "body": {
                    "kind": "Block",
                    "start": 543,
                    "end": 611,
                    "width": 68,
                    "openBraceToken": {
                        "kind": "OpenBraceToken",
                        "fullStart": 542,
                        "start": 543,
                        "fullWidth": 2,
                        "width": 1,
                        "text": "{",
                        "value": "{",
                        "valueText": "{",
                        "hasLeadingTrivia": true,
                        "leadingTrivia": [
                            {
                                "kind": "WhitespaceTrivia",
                                "fullStart": 542,
                                "fullEnd": 543,
                                "text": " "
                            }
                        ]
                    },
                    "statements": [
                        {
                            "kind": "ReturnStatement",
                            "start": 554,
                            "end": 604,
                            "width": 50,
                            "returnKeyword": {
                                "kind": "ReturnKeyword",
                                "fullStart": 544,
                                "start": 554,
                                "fullWidth": 16,
                                "width": 6,
                                "text": "return",
                                "value": "return",
                                "valueText": "return",
                                "hasLeadingTrivia": true,
                                "hasLeadingNewLine": true,
                                "leadingTrivia": [
                                    {
                                        "kind": "NewLineTrivia",
                                        "fullStart": 544,
                                        "fullEnd": 546,
                                        "text": "\r\n"
                                    },
                                    {
                                        "kind": "WhitespaceTrivia",
                                        "fullStart": 546,
                                        "fullEnd": 554,
                                        "text": "        "
                                    }
                                ]
                            },
                            "expression": {
                                "kind": "BinaryExpression",
                                "start": 561,
                                "end": 603,
                                "width": 42,
                                "left": {
                                    "kind": "InvocationExpression",
                                    "start": 561,
                                    "end": 596,
                                    "width": 35,
                                    "expression": {
                                        "kind": "MemberAccessExpression",
                                        "start": 561,
                                        "end": 590,
                                        "width": 29,
                                        "expression": {
                                            "kind": "ArrayLiteralExpression",
                                            "start": 561,
                                            "end": 578,
                                            "width": 17,
                                            "openBracketToken": {
                                                "kind": "OpenBracketToken",
                                                "fullStart": 560,
                                                "start": 561,
                                                "fullWidth": 2,
                                                "width": 1,
                                                "text": "[",
                                                "value": "[",
                                                "valueText": "[",
                                                "hasLeadingTrivia": true,
                                                "leadingTrivia": [
                                                    {
                                                        "kind": "WhitespaceTrivia",
                                                        "fullStart": 560,
                                                        "fullEnd": 561,
                                                        "text": " "
                                                    }
                                                ]
                                            },
                                            "expressions": [
                                                {
                                                    "kind": "PrefixUnaryExpression",
                                                    "start": 562,
                                                    "end": 566,
                                                    "width": 4,
                                                    "operatorToken": {
                                                        "kind": "PlusToken",
                                                        "fullStart": 562,
                                                        "start": 562,
                                                        "fullWidth": 1,
                                                        "width": 1,
                                                        "text": "+",
                                                        "value": "+",
                                                        "valueText": "+"
                                                    },
                                                    "operand": {
                                                        "kind": "IdentifierName",
                                                        "fullStart": 563,
                                                        "start": 563,
                                                        "fullWidth": 3,
                                                        "width": 3,
                                                        "text": "NaN",
                                                        "value": "NaN",
                                                        "valueText": "NaN"
                                                    }
                                                },
                                                {
                                                    "kind": "CommaToken",
                                                    "fullStart": 566,
                                                    "start": 566,
                                                    "fullWidth": 1,
                                                    "width": 1,
                                                    "text": ",",
                                                    "value": ",",
                                                    "valueText": ","
                                                },
                                                {
                                                    "kind": "IdentifierName",
                                                    "fullStart": 567,
                                                    "start": 568,
                                                    "fullWidth": 4,
                                                    "width": 3,
                                                    "text": "NaN",
                                                    "value": "NaN",
                                                    "valueText": "NaN",
                                                    "hasLeadingTrivia": true,
                                                    "leadingTrivia": [
                                                        {
                                                            "kind": "WhitespaceTrivia",
                                                            "fullStart": 567,
                                                            "fullEnd": 568,
                                                            "text": " "
                                                        }
                                                    ]
                                                },
                                                {
                                                    "kind": "CommaToken",
                                                    "fullStart": 571,
                                                    "start": 571,
                                                    "fullWidth": 1,
                                                    "width": 1,
                                                    "text": ",",
                                                    "value": ",",
                                                    "valueText": ","
                                                },
                                                {
                                                    "kind": "PrefixUnaryExpression",
                                                    "start": 573,
                                                    "end": 577,
                                                    "width": 4,
                                                    "operatorToken": {
                                                        "kind": "MinusToken",
                                                        "fullStart": 572,
                                                        "start": 573,
                                                        "fullWidth": 2,
                                                        "width": 1,
                                                        "text": "-",
                                                        "value": "-",
                                                        "valueText": "-",
                                                        "hasLeadingTrivia": true,
                                                        "leadingTrivia": [
                                                            {
                                                                "kind": "WhitespaceTrivia",
                                                                "fullStart": 572,
                                                                "fullEnd": 573,
                                                                "text": " "
                                                            }
                                                        ]
                                                    },
                                                    "operand": {
                                                        "kind": "IdentifierName",
                                                        "fullStart": 574,
                                                        "start": 574,
                                                        "fullWidth": 3,
                                                        "width": 3,
                                                        "text": "NaN",
                                                        "value": "NaN",
                                                        "valueText": "NaN"
                                                    }
                                                }
                                            ],
                                            "closeBracketToken": {
                                                "kind": "CloseBracketToken",
                                                "fullStart": 577,
                                                "start": 577,
                                                "fullWidth": 1,
                                                "width": 1,
                                                "text": "]",
                                                "value": "]",
                                                "valueText": "]"
                                            }
                                        },
                                        "dotToken": {
                                            "kind": "DotToken",
                                            "fullStart": 578,
                                            "start": 578,
                                            "fullWidth": 1,
                                            "width": 1,
                                            "text": ".",
                                            "value": ".",
                                            "valueText": "."
                                        },
                                        "name": {
                                            "kind": "IdentifierName",
                                            "fullStart": 579,
                                            "start": 579,
                                            "fullWidth": 11,
                                            "width": 11,
                                            "text": "lastIndexOf",
                                            "value": "lastIndexOf",
                                            "valueText": "lastIndexOf"
                                        }
                                    },
                                    "argumentList": {
                                        "kind": "ArgumentList",
                                        "start": 590,
                                        "end": 596,
                                        "width": 6,
                                        "openParenToken": {
                                            "kind": "OpenParenToken",
                                            "fullStart": 590,
                                            "start": 590,
                                            "fullWidth": 1,
                                            "width": 1,
                                            "text": "(",
                                            "value": "(",
                                            "valueText": "("
                                        },
                                        "arguments": [
                                            {
                                                "kind": "PrefixUnaryExpression",
                                                "start": 591,
                                                "end": 595,
                                                "width": 4,
                                                "operatorToken": {
                                                    "kind": "MinusToken",
                                                    "fullStart": 591,
                                                    "start": 591,
                                                    "fullWidth": 1,
                                                    "width": 1,
                                                    "text": "-",
                                                    "value": "-",
                                                    "valueText": "-"
                                                },
                                                "operand": {
                                                    "kind": "IdentifierName",
                                                    "fullStart": 592,
                                                    "start": 592,
                                                    "fullWidth": 3,
                                                    "width": 3,
                                                    "text": "NaN",
                                                    "value": "NaN",
                                                    "valueText": "NaN"
                                                }
                                            }
                                        ],
                                        "closeParenToken": {
                                            "kind": "CloseParenToken",
                                            "fullStart": 595,
                                            "start": 595,
                                            "fullWidth": 1,
                                            "width": 1,
                                            "text": ")",
                                            "value": ")",
                                            "valueText": ")"
                                        }
                                    }
                                },
                                "operatorToken": {
                                    "kind": "EqualsEqualsEqualsToken",
                                    "fullStart": 596,
                                    "start": 597,
                                    "fullWidth": 4,
                                    "width": 3,
                                    "text": "===",
                                    "value": "===",
                                    "valueText": "===",
                                    "hasLeadingTrivia": true,
                                    "leadingTrivia": [
                                        {
                                            "kind": "WhitespaceTrivia",
                                            "fullStart": 596,
                                            "fullEnd": 597,
                                            "text": " "
                                        }
                                    ]
                                },
                                "right": {
                                    "kind": "PrefixUnaryExpression",
                                    "start": 601,
                                    "end": 603,
                                    "width": 2,
                                    "operatorToken": {
                                        "kind": "MinusToken",
                                        "fullStart": 600,
                                        "start": 601,
                                        "fullWidth": 2,
                                        "width": 1,
                                        "text": "-",
                                        "value": "-",
                                        "valueText": "-",
                                        "hasLeadingTrivia": true,
                                        "leadingTrivia": [
                                            {
                                                "kind": "WhitespaceTrivia",
                                                "fullStart": 600,
                                                "fullEnd": 601,
                                                "text": " "
                                            }
                                        ]
                                    },
                                    "operand": {
                                        "kind": "NumericLiteral",
                                        "fullStart": 602,
                                        "start": 602,
                                        "fullWidth": 1,
                                        "width": 1,
                                        "text": "1",
                                        "value": 1,
                                        "valueText": "1"
                                    }
                                }
                            },
                            "semicolonToken": {
                                "kind": "SemicolonToken",
                                "fullStart": 603,
                                "start": 603,
                                "fullWidth": 1,
                                "width": 1,
                                "text": ";",
                                "value": ";",
                                "valueText": ";"
                            }
                        }
                    ],
                    "closeBraceToken": {
                        "kind": "CloseBraceToken",
                        "fullStart": 604,
                        "start": 610,
                        "fullWidth": 7,
                        "width": 1,
                        "text": "}",
                        "value": "}",
                        "valueText": "}",
                        "hasLeadingTrivia": true,
                        "hasLeadingNewLine": true,
                        "leadingTrivia": [
                            {
                                "kind": "NewLineTrivia",
                                "fullStart": 604,
                                "fullEnd": 606,
                                "text": "\r\n"
                            },
                            {
                                "kind": "WhitespaceTrivia",
                                "fullStart": 606,
                                "fullEnd": 610,
                                "text": "    "
                            }
                        ]
                    }
                }
            },
            {
                "kind": "ExpressionStatement",
                "start": 613,
                "end": 635,
                "width": 22,
                "expression": {
                    "kind": "InvocationExpression",
                    "start": 613,
                    "end": 634,
                    "width": 21,
                    "expression": {
                        "kind": "IdentifierName",
                        "fullStart": 611,
                        "start": 613,
                        "fullWidth": 13,
                        "width": 11,
                        "text": "runTestCase",
                        "value": "runTestCase",
                        "valueText": "runTestCase",
                        "hasLeadingTrivia": true,
                        "hasLeadingNewLine": true,
                        "leadingTrivia": [
                            {
                                "kind": "NewLineTrivia",
                                "fullStart": 611,
                                "fullEnd": 613,
                                "text": "\r\n"
                            }
                        ]
                    },
                    "argumentList": {
                        "kind": "ArgumentList",
                        "start": 624,
                        "end": 634,
                        "width": 10,
                        "openParenToken": {
                            "kind": "OpenParenToken",
                            "fullStart": 624,
                            "start": 624,
                            "fullWidth": 1,
                            "width": 1,
                            "text": "(",
                            "value": "(",
                            "valueText": "("
                        },
                        "arguments": [
                            {
                                "kind": "IdentifierName",
                                "fullStart": 625,
                                "start": 625,
                                "fullWidth": 8,
                                "width": 8,
                                "text": "testcase",
                                "value": "testcase",
                                "valueText": "testcase"
                            }
                        ],
                        "closeParenToken": {
                            "kind": "CloseParenToken",
                            "fullStart": 633,
                            "start": 633,
                            "fullWidth": 1,
                            "width": 1,
                            "text": ")",
                            "value": ")",
                            "valueText": ")"
                        }
                    }
                },
                "semicolonToken": {
                    "kind": "SemicolonToken",
                    "fullStart": 634,
                    "start": 634,
                    "fullWidth": 1,
                    "width": 1,
                    "text": ";",
                    "value": ";",
                    "valueText": ";"
                }
            }
        ],
        "endOfFileToken": {
            "kind": "EndOfFileToken",
            "fullStart": 635,
            "start": 637,
            "fullWidth": 2,
            "width": 0,
            "text": "",
            "hasLeadingTrivia": true,
            "hasLeadingNewLine": true,
            "leadingTrivia": [
                {
                    "kind": "NewLineTrivia",
                    "fullStart": 635,
                    "fullEnd": 637,
                    "text": "\r\n"
                }
            ]
        }
    },
    "lineMap": {
        "lineStarts": [
            0,
            67,
            152,
            232,
            308,
            380,
            385,
            444,
            514,
            519,
            521,
            523,
            546,
            606,
            613,
            637
        ],
        "length": 637
    }
}