[
    {
        "kind": "SemicolonToken",
        "fullStart": 0,
        "start": 0,
        "fullWidth": 1,
        "width": 1,
        "text": ";",
        "value": ";",
        "valueText": ";"
    },
    {
        "kind": "EndOfFileToken",
        "fullStart": 1,
        "start": 17,
        "fullWidth": 16,
        "width": 0,
        "text": "",
        "hasLeadingTrivia": true,
        "hasLeadingComment": true,
        "hasLeadingNewLine": true,
        "leadingTrivia": [
            {
                "kind": "WhitespaceTrivia",
                "fullStart": 1,
                "fullEnd": 2,
                "text": " "
            },
            {
                "kind": "MultiLineCommentTrivia",
                "fullStart": 2,
                "fullEnd": 8,
                "text": "/*\r\n*/"
            },
            {
                "kind": "WhitespaceTrivia",
                "fullStart": 8,
                "fullEnd": 9,
                "text": " "
            },
            {
                "kind": "MultiLineCommentTrivia",
                "fullStart": 9,
                "fullEnd": 15,
                "text": "/*\r\n*/"
            },
            {
                "kind": "NewLineTrivia",
                "fullStart": 15,
                "fullEnd": 17,
                "text": "\r\n"
            }
        ]
    }
]