{
    "isDeclaration": false,
    "languageVersion": "EcmaScript6",
    "sourceUnit": {
        "kind": "SourceUnit",
        "fullStart": 0,
        "fullEnd": 46,
        "start": 17,
        "fullWidth": 46,
        "width": 29,
        "moduleElements": [
            {
                "kind": "VariableStatement",
                "fullStart": 0,
                "fullEnd": 46,
                "start": 17,
                "fullWidth": 46,
                "width": 29,
                "modifiers": [],
                "variableDeclaration": {
                    "kind": "VariableDeclaration",
                    "fullStart": 0,
                    "fullEnd": 45,
                    "start": 17,
                    "fullWidth": 45,
                    "width": 28,
                    "varKeyword": {
                        "kind": "VarKeyword",
                        "fullStart": 0,
                        "start": 17,
                        "fullWidth": 20,
                        "width": 3,
                        "text": "var",
                        "value": "var",
                        "valueText": "var",
                        "hasLeadingTrivia": true,
                        "hasLeadingComment": true,
                        "hasLeadingNewLine": true,
                        "leadingTrivia": [
                            {
                                "kind": "SingleLineCommentTrivia",
                                "fullStart": 0,
                                "fullEnd": 15,
                                "text": "// @target: ES6"
                            },
                            {
                                "kind": "NewLineTrivia",
                                "fullStart": 15,
                                "fullEnd": 17,
                                "text": "\r\n"
                            }
                        ]
                    },
                    "variableDeclarators": [
                        {
                            "kind": "VariableDeclarator",
                            "fullStart": 20,
                            "fullEnd": 45,
                            "start": 21,
                            "fullWidth": 25,
                            "width": 24,
                            "propertyName": {
                                "kind": "IdentifierName",
                                "fullStart": 20,
                                "start": 21,
                                "fullWidth": 2,
                                "width": 1,
                                "text": "x",
                                "value": "x",
                                "valueText": "x",
                                "hasLeadingTrivia": true,
                                "leadingTrivia": [
                                    {
                                        "kind": "WhitespaceTrivia",
                                        "fullStart": 20,
                                        "fullEnd": 21,
                                        "text": " "
                                    }
                                ]
                            },
                            "equalsValueClause": {
                                "kind": "EqualsValueClause",
                                "fullStart": 22,
                                "fullEnd": 45,
                                "start": 23,
                                "fullWidth": 23,
                                "width": 22,
                                "equalsToken": {
                                    "kind": "EqualsToken",
                                    "fullStart": 22,
                                    "start": 23,
                                    "fullWidth": 2,
                                    "width": 1,
                                    "text": "=",
                                    "value": "=",
                                    "valueText": "=",
                                    "hasLeadingTrivia": true,
                                    "leadingTrivia": [
                                        {
                                            "kind": "WhitespaceTrivia",
                                            "fullStart": 22,
                                            "fullEnd": 23,
                                            "text": " "
                                        }
                                    ]
                                },
                                "value": {
                                    "kind": "TemplateExpression",
                                    "fullStart": 24,
                                    "fullEnd": 45,
                                    "start": 25,
                                    "fullWidth": 21,
                                    "width": 20,
                                    "templateStartToken": {
                                        "kind": "TemplateStartToken",
                                        "fullStart": 24,
                                        "start": 25,
                                        "fullWidth": 7,
                                        "width": 6,
                                        "text": "`abc${",
                                        "value": "abc",
                                        "valueText": "abc",
                                        "hasLeadingTrivia": true,
                                        "leadingTrivia": [
                                            {
                                                "kind": "WhitespaceTrivia",
                                                "fullStart": 24,
                                                "fullEnd": 25,
                                                "text": " "
                                            }
                                        ]
                                    },
                                    "templateClauses": [
                                        {
                                            "kind": "TemplateClause",
                                            "fullStart": 31,
                                            "fullEnd": 45,
                                            "start": 32,
                                            "fullWidth": 14,
                                            "width": 13,
                                            "expression": {
                                                "kind": "ArrayLiteralExpression",
                                                "fullStart": 31,
                                                "fullEnd": 39,
                                                "start": 32,
                                                "fullWidth": 8,
                                                "width": 7,
                                                "openBracketToken": {
                                                    "kind": "OpenBracketToken",
                                                    "fullStart": 31,
                                                    "start": 32,
                                                    "fullWidth": 2,
                                                    "width": 1,
                                                    "text": "[",
                                                    "value": "[",
                                                    "valueText": "[",
                                                    "hasLeadingTrivia": true,
                                                    "leadingTrivia": [
                                                        {
                                                            "kind": "WhitespaceTrivia",
                                                            "fullStart": 31,
                                                            "fullEnd": 32,
                                                            "text": " "
                                                        }
                                                    ]
                                                },
                                                "expressions": [
                                                    {
                                                        "kind": "NumericLiteral",
                                                        "fullStart": 33,
                                                        "start": 33,
                                                        "fullWidth": 1,
                                                        "width": 1,
                                                        "text": "1",
                                                        "value": 1,
                                                        "valueText": "1"
                                                    },
                                                    {
                                                        "kind": "CommaToken",
                                                        "fullStart": 34,
                                                        "start": 34,
                                                        "fullWidth": 1,
                                                        "width": 1,
                                                        "text": ",",
                                                        "value": ",",
                                                        "valueText": ","
                                                    },
                                                    {
                                                        "kind": "NumericLiteral",
                                                        "fullStart": 35,
                                                        "start": 35,
                                                        "fullWidth": 1,
                                                        "width": 1,
                                                        "text": "2",
                                                        "value": 2,
                                                        "valueText": "2"
                                                    },
                                                    {
                                                        "kind": "CommaToken",
                                                        "fullStart": 36,
                                                        "start": 36,
                                                        "fullWidth": 1,
                                                        "width": 1,
                                                        "text": ",",
                                                        "value": ",",
                                                        "valueText": ","
                                                    },
                                                    {
                                                        "kind": "NumericLiteral",
                                                        "fullStart": 37,
                                                        "start": 37,
                                                        "fullWidth": 1,
                                                        "width": 1,
                                                        "text": "3",
                                                        "value": 3,
                                                        "valueText": "3"
                                                    }
                                                ],
                                                "closeBracketToken": {
                                                    "kind": "CloseBracketToken",
                                                    "fullStart": 38,
                                                    "start": 38,
                                                    "fullWidth": 1,
                                                    "width": 1,
                                                    "text": "]",
                                                    "value": "]",
                                                    "valueText": "]"
                                                }
                                            },
                                            "templateMiddleOrEndToken": {
                                                "kind": "TemplateEndToken",
                                                "fullStart": 39,
                                                "start": 40,
                                                "fullWidth": 6,
                                                "width": 5,
                                                "text": "}def`",
                                                "value": "def",
                                                "valueText": "def",
                                                "hasLeadingTrivia": true,
                                                "leadingTrivia": [
                                                    {
                                                        "kind": "WhitespaceTrivia",
                                                        "fullStart": 39,
                                                        "fullEnd": 40,
                                                        "text": " "
                                                    }
                                                ]
                                            }
                                        }
                                    ]
                                }
                            }
                        }
                    ]
                },
                "semicolonToken": {
                    "kind": "SemicolonToken",
                    "fullStart": 45,
                    "start": 45,
                    "fullWidth": 1,
                    "width": 1,
                    "text": ";",
                    "value": ";",
                    "valueText": ";"
                }
            }
        ],
        "endOfFileToken": {
            "kind": "EndOfFileToken",
            "fullStart": 46,
            "start": 46,
            "fullWidth": 0,
            "width": 0,
            "text": ""
        }
    },
    "lineMap": {
        "lineStarts": [
            0,
            17
        ],
        "length": 46
    }
}