{
    "isDeclaration": false,
    "languageVersion": "EcmaScript5",
    "sourceUnit": {
        "kind": "SourceUnit",
        "start": 541,
        "end": 681,
        "width": 140,
        "moduleElements": [
            {
                "kind": "FunctionDeclaration",
                "start": 541,
                "end": 655,
                "width": 114,
                "modifiers": [],
                "functionKeyword": {
                    "kind": "FunctionKeyword",
                    "fullStart": 0,
                    "start": 541,
                    "fullWidth": 549,
                    "width": 8,
                    "text": "function",
                    "value": "function",
                    "valueText": "function",
                    "hasLeadingTrivia": true,
                    "hasLeadingComment": true,
                    "hasLeadingNewLine": true,
                    "leadingTrivia": [
                        {
                            "kind": "SingleLineCommentTrivia",
                            "fullStart": 0,
                            "fullEnd": 65,
                            "text": "/// Copyright (c) 2012 Ecma International.  All rights reserved. "
                        },
                        {
                            "kind": "NewLineTrivia",
                            "fullStart": 65,
                            "fullEnd": 67,
                            "text": "\r\n"
                        },
                        {
                            "kind": "SingleLineCommentTrivia",
                            "fullStart": 67,
                            "fullEnd": 150,
                            "text": "/// Ecma International makes this code available under the terms and conditions set"
                        },
                        {
                            "kind": "NewLineTrivia",
                            "fullStart": 150,
                            "fullEnd": 152,
                            "text": "\r\n"
                        },
                        {
                            "kind": "SingleLineCommentTrivia",
                            "fullStart": 152,
                            "fullEnd": 230,
                            "text": "/// forth on http://hg.ecmascript.org/tests/test262/raw-file/tip/LICENSE (the "
                        },
                        {
                            "kind": "NewLineTrivia",
                            "fullStart": 230,
                            "fullEnd": 232,
                            "text": "\r\n"
                        },
                        {
                            "kind": "SingleLineCommentTrivia",
                            "fullStart": 232,
                            "fullEnd": 306,
                            "text": "/// \"Use Terms\").   Any redistribution of this code must retain the above "
                        },
                        {
                            "kind": "NewLineTrivia",
                            "fullStart": 306,
                            "fullEnd": 308,
                            "text": "\r\n"
                        },
                        {
                            "kind": "SingleLineCommentTrivia",
                            "fullStart": 308,
                            "fullEnd": 378,
                            "text": "/// copyright and this notice and otherwise comply with the Use Terms."
                        },
                        {
                            "kind": "NewLineTrivia",
                            "fullStart": 378,
                            "fullEnd": 380,
                            "text": "\r\n"
                        },
                        {
                            "kind": "MultiLineCommentTrivia",
                            "fullStart": 380,
                            "fullEnd": 535,
                            "text": "/**\r\n * @path ch15/15.2/15.2.3/15.2.3.2/15.2.3.2-2-16.js\r\n * @description Object.getPrototypeOf returns the [[Prototype]] of its parameter (TypeError)\r\n */"
                        },
                        {
                            "kind": "NewLineTrivia",
                            "fullStart": 535,
                            "fullEnd": 537,
                            "text": "\r\n"
                        },
                        {
                            "kind": "NewLineTrivia",
                            "fullStart": 537,
                            "fullEnd": 539,
                            "text": "\r\n"
                        },
                        {
                            "kind": "NewLineTrivia",
                            "fullStart": 539,
                            "fullEnd": 541,
                            "text": "\r\n"
                        }
                    ]
                },
                "identifier": {
                    "kind": "IdentifierName",
                    "fullStart": 549,
                    "start": 550,
                    "fullWidth": 9,
                    "width": 8,
                    "text": "testcase",
                    "value": "testcase",
                    "valueText": "testcase",
                    "hasLeadingTrivia": true,
                    "leadingTrivia": [
                        {
                            "kind": "WhitespaceTrivia",
                            "fullStart": 549,
                            "fullEnd": 550,
                            "text": " "
                        }
                    ]
                },
                "callSignature": {
                    "kind": "CallSignature",
                    "start": 558,
                    "end": 560,
                    "width": 2,
                    "parameterList": {
                        "kind": "ParameterList",
                        "start": 558,
                        "end": 560,
                        "width": 2,
                        "openParenToken": {
                            "kind": "OpenParenToken",
                            "fullStart": 558,
                            "start": 558,
                            "fullWidth": 1,
                            "width": 1,
                            "text": "(",
                            "value": "(",
                            "valueText": "("
                        },
                        "parameters": [],
                        "closeParenToken": {
                            "kind": "CloseParenToken",
                            "fullStart": 559,
                            "start": 559,
                            "fullWidth": 1,
                            "width": 1,
                            "text": ")",
                            "value": ")",
                            "valueText": ")"
                        }
                    }
                },
                "block": {
                    "kind": "Block",
                    "start": 561,
                    "end": 655,
                    "width": 94,
                    "openBraceToken": {
                        "kind": "OpenBraceToken",
                        "fullStart": 560,
                        "start": 561,
                        "fullWidth": 2,
                        "width": 1,
                        "text": "{",
                        "value": "{",
                        "valueText": "{",
                        "hasLeadingTrivia": true,
                        "leadingTrivia": [
                            {
                                "kind": "WhitespaceTrivia",
                                "fullStart": 560,
                                "fullEnd": 561,
                                "text": " "
                            }
                        ]
                    },
                    "statements": [
                        {
                            "kind": "IfStatement",
                            "start": 566,
                            "end": 651,
                            "width": 85,
                            "ifKeyword": {
                                "kind": "IfKeyword",
                                "fullStart": 562,
                                "start": 566,
                                "fullWidth": 6,
                                "width": 2,
                                "text": "if",
                                "value": "if",
                                "valueText": "if",
                                "hasLeadingTrivia": true,
                                "hasLeadingNewLine": true,
                                "leadingTrivia": [
                                    {
                                        "kind": "NewLineTrivia",
                                        "fullStart": 562,
                                        "fullEnd": 564,
                                        "text": "\r\n"
                                    },
                                    {
                                        "kind": "WhitespaceTrivia",
                                        "fullStart": 564,
                                        "fullEnd": 566,
                                        "text": "  "
                                    }
                                ]
                            },
                            "openParenToken": {
                                "kind": "OpenParenToken",
                                "fullStart": 568,
                                "start": 569,
                                "fullWidth": 2,
                                "width": 1,
                                "text": "(",
                                "value": "(",
                                "valueText": "(",
                                "hasLeadingTrivia": true,
                                "leadingTrivia": [
                                    {
                                        "kind": "WhitespaceTrivia",
                                        "fullStart": 568,
                                        "fullEnd": 569,
                                        "text": " "
                                    }
                                ]
                            },
                            "condition": {
                                "kind": "BinaryExpression",
                                "start": 570,
                                "end": 625,
                                "width": 55,
                                "left": {
                                    "kind": "InvocationExpression",
                                    "start": 570,
                                    "end": 602,
                                    "width": 32,
                                    "expression": {
                                        "kind": "MemberAccessExpression",
                                        "start": 570,
                                        "end": 591,
                                        "width": 21,
                                        "expression": {
                                            "kind": "IdentifierName",
                                            "fullStart": 570,
                                            "start": 570,
                                            "fullWidth": 6,
                                            "width": 6,
                                            "text": "Object",
                                            "value": "Object",
                                            "valueText": "Object"
                                        },
                                        "dotToken": {
                                            "kind": "DotToken",
                                            "fullStart": 576,
                                            "start": 576,
                                            "fullWidth": 1,
                                            "width": 1,
                                            "text": ".",
                                            "value": ".",
                                            "valueText": "."
                                        },
                                        "name": {
                                            "kind": "IdentifierName",
                                            "fullStart": 577,
                                            "start": 577,
                                            "fullWidth": 14,
                                            "width": 14,
                                            "text": "getPrototypeOf",
                                            "value": "getPrototypeOf",
                                            "valueText": "getPrototypeOf"
                                        }
                                    },
                                    "argumentList": {
                                        "kind": "ArgumentList",
                                        "start": 591,
                                        "end": 602,
                                        "width": 11,
                                        "openParenToken": {
                                            "kind": "OpenParenToken",
                                            "fullStart": 591,
                                            "start": 591,
                                            "fullWidth": 1,
                                            "width": 1,
                                            "text": "(",
                                            "value": "(",
                                            "valueText": "("
                                        },
                                        "arguments": [
                                            {
                                                "kind": "IdentifierName",
                                                "fullStart": 592,
                                                "start": 592,
                                                "fullWidth": 9,
                                                "width": 9,
                                                "text": "TypeError",
                                                "value": "TypeError",
                                                "valueText": "TypeError"
                                            }
                                        ],
                                        "closeParenToken": {
                                            "kind": "CloseParenToken",
                                            "fullStart": 601,
                                            "start": 601,
                                            "fullWidth": 1,
                                            "width": 1,
                                            "text": ")",
                                            "value": ")",
                                            "valueText": ")"
                                        }
                                    }
                                },
                                "operatorToken": {
                                    "kind": "EqualsEqualsEqualsToken",
                                    "fullStart": 602,
                                    "start": 603,
                                    "fullWidth": 4,
                                    "width": 3,
                                    "text": "===",
                                    "value": "===",
                                    "valueText": "===",
                                    "hasLeadingTrivia": true,
                                    "leadingTrivia": [
                                        {
                                            "kind": "WhitespaceTrivia",
                                            "fullStart": 602,
                                            "fullEnd": 603,
                                            "text": " "
                                        }
                                    ]
                                },
                                "right": {
                                    "kind": "MemberAccessExpression",
                                    "start": 607,
                                    "end": 625,
                                    "width": 18,
                                    "expression": {
                                        "kind": "IdentifierName",
                                        "fullStart": 606,
                                        "start": 607,
                                        "fullWidth": 9,
                                        "width": 8,
                                        "text": "Function",
                                        "value": "Function",
                                        "valueText": "Function",
                                        "hasLeadingTrivia": true,
                                        "leadingTrivia": [
                                            {
                                                "kind": "WhitespaceTrivia",
                                                "fullStart": 606,
                                                "fullEnd": 607,
                                                "text": " "
                                            }
                                        ]
                                    },
                                    "dotToken": {
                                        "kind": "DotToken",
                                        "fullStart": 615,
                                        "start": 615,
                                        "fullWidth": 1,
                                        "width": 1,
                                        "text": ".",
                                        "value": ".",
                                        "valueText": "."
                                    },
                                    "name": {
                                        "kind": "IdentifierName",
                                        "fullStart": 616,
                                        "start": 616,
                                        "fullWidth": 9,
                                        "width": 9,
                                        "text": "prototype",
                                        "value": "prototype",
                                        "valueText": "prototype"
                                    }
                                }
                            },
                            "closeParenToken": {
                                "kind": "CloseParenToken",
                                "fullStart": 625,
                                "start": 625,
                                "fullWidth": 1,
                                "width": 1,
                                "text": ")",
                                "value": ")",
                                "valueText": ")"
                            },
                            "statement": {
                                "kind": "Block",
                                "start": 627,
                                "end": 651,
                                "width": 24,
                                "openBraceToken": {
                                    "kind": "OpenBraceToken",
                                    "fullStart": 626,
                                    "start": 627,
                                    "fullWidth": 2,
                                    "width": 1,
                                    "text": "{",
                                    "value": "{",
                                    "valueText": "{",
                                    "hasLeadingTrivia": true,
                                    "leadingTrivia": [
                                        {
                                            "kind": "WhitespaceTrivia",
                                            "fullStart": 626,
                                            "fullEnd": 627,
                                            "text": " "
                                        }
                                    ]
                                },
                                "statements": [
                                    {
                                        "kind": "ReturnStatement",
                                        "start": 634,
                                        "end": 646,
                                        "width": 12,
                                        "returnKeyword": {
                                            "kind": "ReturnKeyword",
                                            "fullStart": 628,
                                            "start": 634,
                                            "fullWidth": 12,
                                            "width": 6,
                                            "text": "return",
                                            "value": "return",
                                            "valueText": "return",
                                            "hasLeadingTrivia": true,
                                            "hasLeadingNewLine": true,
                                            "leadingTrivia": [
                                                {
                                                    "kind": "NewLineTrivia",
                                                    "fullStart": 628,
                                                    "fullEnd": 630,
                                                    "text": "\r\n"
                                                },
                                                {
                                                    "kind": "WhitespaceTrivia",
                                                    "fullStart": 630,
                                                    "fullEnd": 634,
                                                    "text": "    "
                                                }
                                            ]
                                        },
                                        "expression": {
                                            "kind": "TrueKeyword",
                                            "fullStart": 640,
                                            "start": 641,
                                            "fullWidth": 5,
                                            "width": 4,
                                            "text": "true",
                                            "value": true,
                                            "valueText": "true",
                                            "hasLeadingTrivia": true,
                                            "leadingTrivia": [
                                                {
                                                    "kind": "WhitespaceTrivia",
                                                    "fullStart": 640,
                                                    "fullEnd": 641,
                                                    "text": " "
                                                }
                                            ]
                                        },
                                        "semicolonToken": {
                                            "kind": "SemicolonToken",
                                            "fullStart": 645,
                                            "start": 645,
                                            "fullWidth": 1,
                                            "width": 1,
                                            "text": ";",
                                            "value": ";",
                                            "valueText": ";"
                                        }
                                    }
                                ],
                                "closeBraceToken": {
                                    "kind": "CloseBraceToken",
                                    "fullStart": 646,
                                    "start": 650,
                                    "fullWidth": 5,
                                    "width": 1,
                                    "text": "}",
                                    "value": "}",
                                    "valueText": "}",
                                    "hasLeadingTrivia": true,
                                    "hasLeadingNewLine": true,
                                    "leadingTrivia": [
                                        {
                                            "kind": "NewLineTrivia",
                                            "fullStart": 646,
                                            "fullEnd": 648,
                                            "text": "\r\n"
                                        },
                                        {
                                            "kind": "WhitespaceTrivia",
                                            "fullStart": 648,
                                            "fullEnd": 650,
                                            "text": "  "
                                        }
                                    ]
                                }
                            }
                        }
                    ],
                    "closeBraceToken": {
                        "kind": "CloseBraceToken",
                        "fullStart": 651,
                        "start": 654,
                        "fullWidth": 4,
                        "width": 1,
                        "text": "}",
                        "value": "}",
                        "valueText": "}",
                        "hasLeadingTrivia": true,
                        "hasLeadingNewLine": true,
                        "leadingTrivia": [
                            {
                                "kind": "NewLineTrivia",
                                "fullStart": 651,
                                "fullEnd": 653,
                                "text": "\r\n"
                            },
                            {
                                "kind": "WhitespaceTrivia",
                                "fullStart": 653,
                                "fullEnd": 654,
                                "text": " "
                            }
                        ]
                    }
                }
            },
            {
                "kind": "ExpressionStatement",
                "start": 657,
                "end": 679,
                "width": 22,
                "expression": {
                    "kind": "InvocationExpression",
                    "start": 657,
                    "end": 678,
                    "width": 21,
                    "expression": {
                        "kind": "IdentifierName",
                        "fullStart": 655,
                        "start": 657,
                        "fullWidth": 13,
                        "width": 11,
                        "text": "runTestCase",
                        "value": "runTestCase",
                        "valueText": "runTestCase",
                        "hasLeadingTrivia": true,
                        "hasLeadingNewLine": true,
                        "leadingTrivia": [
                            {
                                "kind": "NewLineTrivia",
                                "fullStart": 655,
                                "fullEnd": 657,
                                "text": "\r\n"
                            }
                        ]
                    },
                    "argumentList": {
                        "kind": "ArgumentList",
                        "start": 668,
                        "end": 678,
                        "width": 10,
                        "openParenToken": {
                            "kind": "OpenParenToken",
                            "fullStart": 668,
                            "start": 668,
                            "fullWidth": 1,
                            "width": 1,
                            "text": "(",
                            "value": "(",
                            "valueText": "("
                        },
                        "arguments": [
                            {
                                "kind": "IdentifierName",
                                "fullStart": 669,
                                "start": 669,
                                "fullWidth": 8,
                                "width": 8,
                                "text": "testcase",
                                "value": "testcase",
                                "valueText": "testcase"
                            }
                        ],
                        "closeParenToken": {
                            "kind": "CloseParenToken",
                            "fullStart": 677,
                            "start": 677,
                            "fullWidth": 1,
                            "width": 1,
                            "text": ")",
                            "value": ")",
                            "valueText": ")"
                        }
                    }
                },
                "semicolonToken": {
                    "kind": "SemicolonToken",
                    "fullStart": 678,
                    "start": 678,
                    "fullWidth": 1,
                    "width": 1,
                    "text": ";",
                    "value": ";",
                    "valueText": ";"
                }
            }
        ],
        "endOfFileToken": {
            "kind": "EndOfFileToken",
            "fullStart": 679,
            "start": 681,
            "fullWidth": 2,
            "width": 0,
            "text": "",
            "hasLeadingTrivia": true,
            "hasLeadingNewLine": true,
            "leadingTrivia": [
                {
                    "kind": "NewLineTrivia",
                    "fullStart": 679,
                    "fullEnd": 681,
                    "text": "\r\n"
                }
            ]
        }
    },
    "lineMap": {
        "lineStarts": [
            0,
            67,
            152,
            232,
            308,
            380,
            385,
            438,
            532,
            537,
            539,
            541,
            564,
            630,
            648,
            653,
            657,
            681
        ],
        "length": 681
    }
}