{
    "isDeclaration": false,
    "languageVersion": "EcmaScript5",
    "sourceUnit": {
        "kind": "SourceUnit",
        "fullStart": 0,
        "fullEnd": 459,
        "start": 350,
        "end": 459,
        "fullWidth": 459,
        "width": 109,
        "moduleElements": [
            {
                "kind": "ExpressionStatement",
                "fullStart": 0,
                "fullEnd": 384,
                "start": 350,
                "end": 383,
                "fullWidth": 384,
                "width": 33,
                "expression": {
                    "kind": "InvocationExpression",
                    "fullStart": 0,
                    "fullEnd": 382,
                    "start": 350,
                    "end": 382,
                    "fullWidth": 382,
                    "width": 32,
                    "expression": {
                        "kind": "IdentifierName",
                        "fullStart": 0,
                        "start": 350,
                        "fullWidth": 358,
                        "width": 8,
                        "text": "$INCLUDE",
                        "value": "$INCLUDE",
                        "valueText": "$INCLUDE",
                        "hasLeadingTrivia": true,
                        "hasLeadingComment": true,
                        "hasLeadingNewLine": true,
                        "leadingTrivia": [
                            {
                                "kind": "SingleLineCommentTrivia",
                                "fullStart": 0,
                                "fullEnd": 59,
                                "text": "// Copyright 2012 Mozilla Corporation. All rights reserved."
                            },
                            {
                                "kind": "NewLineTrivia",
                                "fullStart": 59,
                                "fullEnd": 60,
                                "text": "\n"
                            },
                            {
                                "kind": "SingleLineCommentTrivia",
                                "fullStart": 60,
                                "fullEnd": 126,
                                "text": "// This code is governed by the license found in the LICENSE file."
                            },
                            {
                                "kind": "NewLineTrivia",
                                "fullStart": 126,
                                "fullEnd": 127,
                                "text": "\n"
                            },
                            {
                                "kind": "NewLineTrivia",
                                "fullStart": 127,
                                "fullEnd": 128,
                                "text": "\n"
                            },
                            {
                                "kind": "MultiLineCommentTrivia",
                                "fullStart": 128,
                                "fullEnd": 348,
                                "text": "/**\n * @description Tests that Intl.Collator\n *     meets the requirements for built-in objects defined by the introduction of\n *     chapter 15 of the ECMAScript Language Specification.\n * @author Norbert Lindenberg\n */"
                            },
                            {
                                "kind": "NewLineTrivia",
                                "fullStart": 348,
                                "fullEnd": 349,
                                "text": "\n"
                            },
                            {
                                "kind": "NewLineTrivia",
                                "fullStart": 349,
                                "fullEnd": 350,
                                "text": "\n"
                            }
                        ]
                    },
                    "argumentList": {
                        "kind": "ArgumentList",
                        "fullStart": 358,
                        "fullEnd": 382,
                        "start": 358,
                        "end": 382,
                        "fullWidth": 24,
                        "width": 24,
                        "openParenToken": {
                            "kind": "OpenParenToken",
                            "fullStart": 358,
                            "start": 358,
                            "fullWidth": 1,
                            "width": 1,
                            "text": "(",
                            "value": "(",
                            "valueText": "("
                        },
                        "arguments": [
                            {
                                "kind": "StringLiteral",
                                "fullStart": 359,
                                "start": 359,
                                "fullWidth": 22,
                                "width": 22,
                                "text": "\"testBuiltInObject.js\"",
                                "value": "testBuiltInObject.js",
                                "valueText": "testBuiltInObject.js"
                            }
                        ],
                        "closeParenToken": {
                            "kind": "CloseParenToken",
                            "fullStart": 381,
                            "start": 381,
                            "fullWidth": 1,
                            "width": 1,
                            "text": ")",
                            "value": ")",
                            "valueText": ")"
                        }
                    }
                },
                "semicolonToken": {
                    "kind": "SemicolonToken",
                    "fullStart": 382,
                    "start": 382,
                    "fullWidth": 1,
                    "width": 1,
                    "text": ";",
                    "value": ";",
                    "valueText": ";"
                }
            },
            {
                "kind": "ExpressionStatement",
                "fullStart": 384,
                "fullEnd": 458,
                "start": 385,
                "end": 457,
                "fullWidth": 74,
                "width": 72,
                "expression": {
                    "kind": "InvocationExpression",
                    "fullStart": 384,
                    "fullEnd": 456,
                    "start": 385,
                    "end": 456,
                    "fullWidth": 72,
                    "width": 71,
                    "expression": {
                        "kind": "IdentifierName",
                        "fullStart": 383,
                        "start": 385,
                        "fullWidth": 19,
                        "width": 17,
                        "text": "testBuiltInObject",
                        "value": "testBuiltInObject",
                        "valueText": "testBuiltInObject",
                        "hasLeadingTrivia": true,
                        "hasLeadingNewLine": true,
                        "leadingTrivia": [
                            {
                                "kind": "NewLineTrivia",
                                "fullStart": 383,
                                "fullEnd": 384,
                                "text": "\n"
                            },
                            {
                                "kind": "NewLineTrivia",
                                "fullStart": 384,
                                "fullEnd": 385,
                                "text": "\n"
                            }
                        ]
                    },
                    "argumentList": {
                        "kind": "ArgumentList",
                        "fullStart": 402,
                        "fullEnd": 456,
                        "start": 402,
                        "end": 456,
                        "fullWidth": 54,
                        "width": 54,
                        "openParenToken": {
                            "kind": "OpenParenToken",
                            "fullStart": 402,
                            "start": 402,
                            "fullWidth": 1,
                            "width": 1,
                            "text": "(",
                            "value": "(",
                            "valueText": "("
                        },
                        "arguments": [
                            {
                                "kind": "MemberAccessExpression",
                                "fullStart": 403,
                                "fullEnd": 416,
                                "start": 403,
                                "end": 416,
                                "fullWidth": 13,
                                "width": 13,
                                "expression": {
                                    "kind": "IdentifierName",
                                    "fullStart": 403,
                                    "start": 403,
                                    "fullWidth": 4,
                                    "width": 4,
                                    "text": "Intl",
                                    "value": "Intl",
                                    "valueText": "Intl"
                                },
                                "dotToken": {
                                    "kind": "DotToken",
                                    "fullStart": 407,
                                    "start": 407,
                                    "fullWidth": 1,
                                    "width": 1,
                                    "text": ".",
                                    "value": ".",
                                    "valueText": "."
                                },
                                "name": {
                                    "kind": "IdentifierName",
                                    "fullStart": 408,
                                    "start": 408,
                                    "fullWidth": 8,
                                    "width": 8,
                                    "text": "Collator",
                                    "value": "Collator",
                                    "valueText": "Collator"
                                }
                            },
                            {
                                "kind": "CommaToken",
                                "fullStart": 416,
                                "start": 416,
                                "fullWidth": 1,
                                "width": 1,
                                "text": ",",
                                "value": ",",
                                "valueText": ","
                            },
                            {
                                "kind": "TrueKeyword",
                                "fullStart": 417,
                                "start": 418,
                                "fullWidth": 5,
                                "width": 4,
                                "text": "true",
                                "value": true,
                                "valueText": "true",
                                "hasLeadingTrivia": true,
                                "leadingTrivia": [
                                    {
                                        "kind": "WhitespaceTrivia",
                                        "fullStart": 417,
                                        "fullEnd": 418,
                                        "text": " "
                                    }
                                ]
                            },
                            {
                                "kind": "CommaToken",
                                "fullStart": 422,
                                "start": 422,
                                "fullWidth": 1,
                                "width": 1,
                                "text": ",",
                                "value": ",",
                                "valueText": ","
                            },
                            {
                                "kind": "TrueKeyword",
                                "fullStart": 423,
                                "start": 424,
                                "fullWidth": 5,
                                "width": 4,
                                "text": "true",
                                "value": true,
                                "valueText": "true",
                                "hasLeadingTrivia": true,
                                "leadingTrivia": [
                                    {
                                        "kind": "WhitespaceTrivia",
                                        "fullStart": 423,
                                        "fullEnd": 424,
                                        "text": " "
                                    }
                                ]
                            },
                            {
                                "kind": "CommaToken",
                                "fullStart": 428,
                                "start": 428,
                                "fullWidth": 1,
                                "width": 1,
                                "text": ",",
                                "value": ",",
                                "valueText": ","
                            },
                            {
                                "kind": "ArrayLiteralExpression",
                                "fullStart": 430,
                                "fullEnd": 452,
                                "start": 430,
                                "end": 452,
                                "fullWidth": 22,
                                "width": 22,
                                "openBracketToken": {
                                    "kind": "OpenBracketToken",
                                    "fullStart": 429,
                                    "start": 430,
                                    "fullWidth": 2,
                                    "width": 1,
                                    "text": "[",
                                    "value": "[",
                                    "valueText": "[",
                                    "hasLeadingTrivia": true,
                                    "leadingTrivia": [
                                        {
                                            "kind": "WhitespaceTrivia",
                                            "fullStart": 429,
                                            "fullEnd": 430,
                                            "text": " "
                                        }
                                    ]
                                },
                                "expressions": [
                                    {
                                        "kind": "StringLiteral",
                                        "fullStart": 431,
                                        "start": 431,
                                        "fullWidth": 20,
                                        "width": 20,
                                        "text": "\"supportedLocalesOf\"",
                                        "value": "supportedLocalesOf",
                                        "valueText": "supportedLocalesOf"
                                    }
                                ],
                                "closeBracketToken": {
                                    "kind": "CloseBracketToken",
                                    "fullStart": 451,
                                    "start": 451,
                                    "fullWidth": 1,
                                    "width": 1,
                                    "text": "]",
                                    "value": "]",
                                    "valueText": "]"
                                }
                            },
                            {
                                "kind": "CommaToken",
                                "fullStart": 452,
                                "start": 452,
                                "fullWidth": 1,
                                "width": 1,
                                "text": ",",
                                "value": ",",
                                "valueText": ","
                            },
                            {
                                "kind": "NumericLiteral",
                                "fullStart": 453,
                                "start": 454,
                                "fullWidth": 2,
                                "width": 1,
                                "text": "0",
                                "value": 0,
                                "valueText": "0",
                                "hasLeadingTrivia": true,
                                "leadingTrivia": [
                                    {
                                        "kind": "WhitespaceTrivia",
                                        "fullStart": 453,
                                        "fullEnd": 454,
                                        "text": " "
                                    }
                                ]
                            }
                        ],
                        "closeParenToken": {
                            "kind": "CloseParenToken",
                            "fullStart": 455,
                            "start": 455,
                            "fullWidth": 1,
                            "width": 1,
                            "text": ")",
                            "value": ")",
                            "valueText": ")"
                        }
                    }
                },
                "semicolonToken": {
                    "kind": "SemicolonToken",
                    "fullStart": 456,
                    "start": 456,
                    "fullWidth": 1,
                    "width": 1,
                    "text": ";",
                    "value": ";",
                    "valueText": ";"
                }
            }
        ],
        "endOfFileToken": {
            "kind": "EndOfFileToken",
            "fullStart": 457,
            "start": 459,
            "fullWidth": 2,
            "width": 0,
            "text": "",
            "hasLeadingTrivia": true,
            "hasLeadingNewLine": true,
            "leadingTrivia": [
                {
                    "kind": "NewLineTrivia",
                    "fullStart": 457,
                    "fullEnd": 458,
                    "text": "\n"
                },
                {
                    "kind": "NewLineTrivia",
                    "fullStart": 458,
                    "fullEnd": 459,
                    "text": "\n"
                }
            ]
        }
    },
    "lineMap": {
        "lineStarts": [
            0,
            60,
            127,
            128,
            132,
            173,
            255,
            315,
            345,
            349,
            350,
            384,
            385,
            458,
            459
        ],
        "length": 459
    }
}