{
    "isDeclaration": false,
    "languageVersion": "EcmaScript5",
    "diagnostics": [
        {
            "start": 19,
            "length": 0,
            "diagnosticCode": "'{0}' expected.",
            "arguments": [
                "{"
            ]
        }
    ],
    "sourceUnit": {
        "kind": "SourceUnit",
        "start": 0,
        "end": 21,
        "width": 21,
        "moduleElements": [
            {
                "kind": "VariableStatement",
                "start": 0,
                "end": 21,
                "width": 21,
                "variableDeclaration": {
                    "kind": "VariableDeclaration",
                    "start": 0,
                    "end": 21,
                    "width": 21,
                    "varConstOrLetKeyword": {
                        "kind": "VarKeyword",
                        "fullStart": 0,
                        "start": 0,
                        "fullWidth": 3,
                        "width": 3,
                        "text": "var",
                        "value": "var",
                        "valueText": "var"
                    },
                    "variableDeclarators": [
                        {
                            "kind": "VariableDeclarator",
                            "start": 4,
                            "end": 21,
                            "width": 17,
                            "propertyName": {
                                "kind": "IdentifierName",
                                "fullStart": 3,
                                "start": 4,
                                "fullWidth": 2,
                                "width": 1,
                                "text": "v",
                                "value": "v",
                                "valueText": "v",
                                "hasLeadingTrivia": true,
                                "leadingTrivia": [
                                    {
                                        "kind": "WhitespaceTrivia",
                                        "fullStart": 3,
                                        "fullEnd": 4,
                                        "text": " "
                                    }
                                ]
                            },
                            "equalsValueClause": {
                                "kind": "EqualsValueClause",
                                "start": 6,
                                "end": 21,
                                "width": 15,
                                "equalsToken": {
                                    "kind": "EqualsToken",
                                    "fullStart": 5,
                                    "start": 6,
                                    "fullWidth": 2,
                                    "width": 1,
                                    "text": "=",
                                    "value": "=",
                                    "valueText": "=",
                                    "hasLeadingTrivia": true,
                                    "leadingTrivia": [
                                        {
                                            "kind": "WhitespaceTrivia",
                                            "fullStart": 5,
                                            "fullEnd": 6,
                                            "text": " "
                                        }
                                    ]
                                },
                                "value": {
                                    "kind": "ObjectLiteralExpression",
                                    "start": 8,
                                    "end": 21,
                                    "width": 13,
                                    "openBraceToken": {
                                        "kind": "OpenBraceToken",
                                        "fullStart": 7,
                                        "start": 8,
                                        "fullWidth": 2,
                                        "width": 1,
                                        "text": "{",
                                        "value": "{",
                                        "valueText": "{",
                                        "hasLeadingTrivia": true,
                                        "leadingTrivia": [
                                            {
                                                "kind": "WhitespaceTrivia",
                                                "fullStart": 7,
                                                "fullEnd": 8,
                                                "text": " "
                                            }
                                        ]
                                    },
                                    "propertyAssignments": [
                                        {
                                            "kind": "GetAccessor",
                                            "start": 10,
                                            "end": 19,
                                            "width": 9,
                                            "getKeyword": {
                                                "kind": "GetKeyword",
                                                "fullStart": 9,
                                                "start": 10,
                                                "fullWidth": 4,
                                                "width": 3,
                                                "text": "get",
                                                "value": "get",
                                                "valueText": "get",
                                                "hasLeadingTrivia": true,
                                                "leadingTrivia": [
                                                    {
                                                        "kind": "WhitespaceTrivia",
                                                        "fullStart": 9,
                                                        "fullEnd": 10,
                                                        "text": " "
                                                    }
                                                ]
                                            },
                                            "propertyName": {
                                                "kind": "IdentifierName",
                                                "fullStart": 13,
                                                "start": 14,
                                                "fullWidth": 4,
                                                "width": 3,
                                                "text": "foo",
                                                "value": "foo",
                                                "valueText": "foo",
                                                "hasLeadingTrivia": true,
                                                "leadingTrivia": [
                                                    {
                                                        "kind": "WhitespaceTrivia",
                                                        "fullStart": 13,
                                                        "fullEnd": 14,
                                                        "text": " "
                                                    }
                                                ]
                                            },
                                            "callSignature": {
                                                "kind": "CallSignature",
                                                "start": 17,
                                                "end": 19,
                                                "width": 2,
                                                "parameterList": {
                                                    "kind": "ParameterList",
                                                    "start": 17,
                                                    "end": 19,
                                                    "width": 2,
                                                    "openParenToken": {
                                                        "kind": "OpenParenToken",
                                                        "fullStart": 17,
                                                        "start": 17,
                                                        "fullWidth": 1,
                                                        "width": 1,
                                                        "text": "(",
                                                        "value": "(",
                                                        "valueText": "("
                                                    },
                                                    "closeParenToken": {
                                                        "kind": "CloseParenToken",
                                                        "fullStart": 18,
                                                        "start": 18,
                                                        "fullWidth": 1,
                                                        "width": 1,
                                                        "text": ")",
                                                        "value": ")",
                                                        "valueText": ")"
                                                    }
                                                }
                                            }
                                        }
                                    ],
                                    "closeBraceToken": {
                                        "kind": "CloseBraceToken",
                                        "fullStart": 19,
                                        "start": 20,
                                        "fullWidth": 2,
                                        "width": 1,
                                        "text": "}",
                                        "value": "}",
                                        "valueText": "}",
                                        "hasLeadingTrivia": true,
                                        "leadingTrivia": [
                                            {
                                                "kind": "WhitespaceTrivia",
                                                "fullStart": 19,
                                                "fullEnd": 20,
                                                "text": " "
                                            }
                                        ]
                                    }
                                }
                            }
                        }
                    ]
                }
            }
        ],
        "endOfFileToken": {
            "kind": "EndOfFileToken",
            "fullStart": 21,
            "start": 21,
            "fullWidth": 0,
            "width": 0,
            "text": ""
        }
    },
    "lineMap": {
        "lineStarts": [
            0
        ],
        "length": 21
    }
}