{
    "isDeclaration": false,
    "languageVersion": "EcmaScript5",
    "sourceUnit": {
        "kind": "SourceUnit",
        "fullStart": 0,
        "fullEnd": 323,
        "start": 309,
        "end": 323,
        "fullWidth": 323,
        "width": 14,
        "moduleElements": [
            {
                "kind": "VariableStatement",
                "fullStart": 0,
                "fullEnd": 315,
                "start": 309,
                "end": 314,
                "fullWidth": 315,
                "width": 5,
                "modifiers": [],
                "variableDeclaration": {
                    "kind": "VariableDeclaration",
                    "fullStart": 0,
                    "fullEnd": 315,
                    "start": 309,
                    "end": 314,
                    "fullWidth": 315,
                    "width": 5,
                    "varKeyword": {
                        "kind": "VarKeyword",
                        "fullStart": 0,
                        "start": 309,
                        "fullWidth": 312,
                        "width": 3,
                        "text": "var",
                        "value": "var",
                        "valueText": "var",
                        "hasLeadingTrivia": true,
                        "hasLeadingComment": true,
                        "hasLeadingNewLine": true,
                        "leadingTrivia": [
                            {
                                "kind": "SingleLineCommentTrivia",
                                "fullStart": 0,
                                "fullEnd": 60,
                                "text": "// Copyright 2009 the Sputnik authors.  All rights reserved."
                            },
                            {
                                "kind": "NewLineTrivia",
                                "fullStart": 60,
                                "fullEnd": 61,
                                "text": "\n"
                            },
                            {
                                "kind": "SingleLineCommentTrivia",
                                "fullStart": 61,
                                "fullEnd": 131,
                                "text": "// This code is governed by the BSD license found in the LICENSE file."
                            },
                            {
                                "kind": "NewLineTrivia",
                                "fullStart": 131,
                                "fullEnd": 132,
                                "text": "\n"
                            },
                            {
                                "kind": "NewLineTrivia",
                                "fullStart": 132,
                                "fullEnd": 133,
                                "text": "\n"
                            },
                            {
                                "kind": "MultiLineCommentTrivia",
                                "fullStart": 133,
                                "fullEnd": 297,
                                "text": "/**\n * Check Var Statement for automatic semicolon insertion\n *\n * @path ch07/7.9/S7.9_A7_T3.js\n * @description Checking if execution of \"var x \\n x = 1\" passes\n */"
                            },
                            {
                                "kind": "NewLineTrivia",
                                "fullStart": 297,
                                "fullEnd": 298,
                                "text": "\n"
                            },
                            {
                                "kind": "NewLineTrivia",
                                "fullStart": 298,
                                "fullEnd": 299,
                                "text": "\n"
                            },
                            {
                                "kind": "SingleLineCommentTrivia",
                                "fullStart": 299,
                                "fullEnd": 308,
                                "text": "//CHECK#1"
                            },
                            {
                                "kind": "NewLineTrivia",
                                "fullStart": 308,
                                "fullEnd": 309,
                                "text": "\n"
                            }
                        ]
                    },
                    "variableDeclarators": [
                        {
                            "kind": "VariableDeclarator",
                            "fullStart": 313,
                            "fullEnd": 315,
                            "start": 313,
                            "end": 314,
                            "fullWidth": 2,
                            "width": 1,
                            "propertyName": {
                                "kind": "IdentifierName",
                                "fullStart": 312,
                                "start": 313,
                                "fullWidth": 2,
                                "width": 1,
                                "text": "x",
                                "value": "x",
                                "valueText": "x",
                                "hasLeadingTrivia": true,
                                "leadingTrivia": [
                                    {
                                        "kind": "WhitespaceTrivia",
                                        "fullStart": 312,
                                        "fullEnd": 313,
                                        "text": " "
                                    }
                                ]
                            }
                        }
                    ]
                }
            },
            {
                "kind": "ExpressionStatement",
                "fullStart": 315,
                "fullEnd": 321,
                "start": 315,
                "end": 320,
                "fullWidth": 6,
                "width": 5,
                "expression": {
                    "kind": "BinaryExpression",
                    "fullStart": 315,
                    "fullEnd": 321,
                    "start": 315,
                    "end": 320,
                    "fullWidth": 6,
                    "width": 5,
                    "left": {
                        "kind": "IdentifierName",
                        "fullStart": 314,
                        "start": 315,
                        "fullWidth": 2,
                        "width": 1,
                        "text": "x",
                        "value": "x",
                        "valueText": "x",
                        "hasLeadingTrivia": true,
                        "hasLeadingNewLine": true,
                        "leadingTrivia": [
                            {
                                "kind": "NewLineTrivia",
                                "fullStart": 314,
                                "fullEnd": 315,
                                "text": "\n"
                            }
                        ]
                    },
                    "operatorToken": {
                        "kind": "EqualsToken",
                        "fullStart": 316,
                        "start": 317,
                        "fullWidth": 2,
                        "width": 1,
                        "text": "=",
                        "value": "=",
                        "valueText": "=",
                        "hasLeadingTrivia": true,
                        "leadingTrivia": [
                            {
                                "kind": "WhitespaceTrivia",
                                "fullStart": 316,
                                "fullEnd": 317,
                                "text": " "
                            }
                        ]
                    },
                    "right": {
                        "kind": "NumericLiteral",
                        "fullStart": 318,
                        "start": 319,
                        "fullWidth": 2,
                        "width": 1,
                        "text": "1",
                        "value": 1,
                        "valueText": "1",
                        "hasLeadingTrivia": true,
                        "leadingTrivia": [
                            {
                                "kind": "WhitespaceTrivia",
                                "fullStart": 318,
                                "fullEnd": 319,
                                "text": " "
                            }
                        ]
                    }
                }
            }
        ],
        "endOfFileToken": {
            "kind": "EndOfFileToken",
            "fullStart": 320,
            "start": 323,
            "fullWidth": 3,
            "width": 0,
            "text": "",
            "hasLeadingTrivia": true,
            "hasLeadingNewLine": true,
            "leadingTrivia": [
                {
                    "kind": "NewLineTrivia",
                    "fullStart": 320,
                    "fullEnd": 321,
                    "text": "\n"
                },
                {
                    "kind": "NewLineTrivia",
                    "fullStart": 321,
                    "fullEnd": 322,
                    "text": "\n"
                },
                {
                    "kind": "NewLineTrivia",
                    "fullStart": 322,
                    "fullEnd": 323,
                    "text": "\n"
                }
            ]
        }
    },
    "lineMap": {
        "lineStarts": [
            0,
            61,
            132,
            133,
            137,
            194,
            197,
            229,
            294,
            298,
            299,
            309,
            315,
            321,
            322,
            323
        ],
        "length": 323
    }
}