{
    "isDeclaration": false,
    "languageVersion": "EcmaScript5",
    "sourceUnit": {
        "kind": "SourceUnit",
        "start": 659,
        "end": 824,
        "width": 165,
        "moduleElements": [
            {
                "kind": "VariableStatement",
                "start": 659,
                "end": 750,
                "width": 91,
                "variableDeclaration": {
                    "kind": "VariableDeclaration",
                    "start": 659,
                    "end": 749,
                    "width": 90,
                    "varKeyword": {
                        "kind": "VarKeyword",
                        "fullStart": 0,
                        "start": 659,
                        "fullWidth": 662,
                        "width": 3,
                        "text": "var",
                        "value": "var",
                        "valueText": "var",
                        "hasLeadingTrivia": true,
                        "hasLeadingComment": true,
                        "hasLeadingNewLine": true,
                        "leadingTrivia": [
                            {
                                "kind": "SingleLineCommentTrivia",
                                "fullStart": 0,
                                "fullEnd": 65,
                                "text": "/// Copyright (c) 2012 Ecma International.  All rights reserved. "
                            },
                            {
                                "kind": "NewLineTrivia",
                                "fullStart": 65,
                                "fullEnd": 67,
                                "text": "\r\n"
                            },
                            {
                                "kind": "SingleLineCommentTrivia",
                                "fullStart": 67,
                                "fullEnd": 150,
                                "text": "/// Ecma International makes this code available under the terms and conditions set"
                            },
                            {
                                "kind": "NewLineTrivia",
                                "fullStart": 150,
                                "fullEnd": 152,
                                "text": "\r\n"
                            },
                            {
                                "kind": "SingleLineCommentTrivia",
                                "fullStart": 152,
                                "fullEnd": 230,
                                "text": "/// forth on http://hg.ecmascript.org/tests/test262/raw-file/tip/LICENSE (the "
                            },
                            {
                                "kind": "NewLineTrivia",
                                "fullStart": 230,
                                "fullEnd": 232,
                                "text": "\r\n"
                            },
                            {
                                "kind": "SingleLineCommentTrivia",
                                "fullStart": 232,
                                "fullEnd": 306,
                                "text": "/// \"Use Terms\").   Any redistribution of this code must retain the above "
                            },
                            {
                                "kind": "NewLineTrivia",
                                "fullStart": 306,
                                "fullEnd": 308,
                                "text": "\r\n"
                            },
                            {
                                "kind": "SingleLineCommentTrivia",
                                "fullStart": 308,
                                "fullEnd": 378,
                                "text": "/// copyright and this notice and otherwise comply with the Use Terms."
                            },
                            {
                                "kind": "NewLineTrivia",
                                "fullStart": 378,
                                "fullEnd": 380,
                                "text": "\r\n"
                            },
                            {
                                "kind": "MultiLineCommentTrivia",
                                "fullStart": 380,
                                "fullEnd": 655,
                                "text": "/**\r\n * @path ch15/15.3/15.3.5/15.3.5.4/15.3.5.4_2-95gs.js\r\n * @description Strict mode - checking access to strict function caller from non-strict, constructor-based function (FunctionDeclaration includes strict directive prologue)\r\n * @noStrict\r\n * @negative TypeError\r\n */"
                            },
                            {
                                "kind": "NewLineTrivia",
                                "fullStart": 655,
                                "fullEnd": 657,
                                "text": "\r\n"
                            },
                            {
                                "kind": "NewLineTrivia",
                                "fullStart": 657,
                                "fullEnd": 659,
                                "text": "\r\n"
                            }
                        ]
                    },
                    "variableDeclarators": [
                        {
                            "kind": "VariableDeclarator",
                            "start": 663,
                            "end": 749,
                            "width": 86,
                            "propertyName": {
                                "kind": "IdentifierName",
                                "fullStart": 662,
                                "start": 663,
                                "fullWidth": 11,
                                "width": 10,
                                "text": "gNonStrict",
                                "value": "gNonStrict",
                                "valueText": "gNonStrict",
                                "hasLeadingTrivia": true,
                                "leadingTrivia": [
                                    {
                                        "kind": "WhitespaceTrivia",
                                        "fullStart": 662,
                                        "fullEnd": 663,
                                        "text": " "
                                    }
                                ]
                            },
                            "equalsValueClause": {
                                "kind": "EqualsValueClause",
                                "start": 674,
                                "end": 749,
                                "width": 75,
                                "equalsToken": {
                                    "kind": "EqualsToken",
                                    "fullStart": 673,
                                    "start": 674,
                                    "fullWidth": 2,
                                    "width": 1,
                                    "text": "=",
                                    "value": "=",
                                    "valueText": "=",
                                    "hasLeadingTrivia": true,
                                    "leadingTrivia": [
                                        {
                                            "kind": "WhitespaceTrivia",
                                            "fullStart": 673,
                                            "fullEnd": 674,
                                            "text": " "
                                        }
                                    ]
                                },
                                "value": {
                                    "kind": "InvocationExpression",
                                    "start": 676,
                                    "end": 749,
                                    "width": 73,
                                    "expression": {
                                        "kind": "IdentifierName",
                                        "fullStart": 675,
                                        "start": 676,
                                        "fullWidth": 9,
                                        "width": 8,
                                        "text": "Function",
                                        "value": "Function",
                                        "valueText": "Function",
                                        "hasLeadingTrivia": true,
                                        "leadingTrivia": [
                                            {
                                                "kind": "WhitespaceTrivia",
                                                "fullStart": 675,
                                                "fullEnd": 676,
                                                "text": " "
                                            }
                                        ]
                                    },
                                    "argumentList": {
                                        "kind": "ArgumentList",
                                        "start": 684,
                                        "end": 749,
                                        "width": 65,
                                        "openParenToken": {
                                            "kind": "OpenParenToken",
                                            "fullStart": 684,
                                            "start": 684,
                                            "fullWidth": 1,
                                            "width": 1,
                                            "text": "(",
                                            "value": "(",
                                            "valueText": "("
                                        },
                                        "arguments": [
                                            {
                                                "kind": "StringLiteral",
                                                "fullStart": 685,
                                                "start": 685,
                                                "fullWidth": 63,
                                                "width": 63,
                                                "text": "\"return gNonStrict.caller || gNonStrict.caller.throwTypeError;\"",
                                                "value": "return gNonStrict.caller || gNonStrict.caller.throwTypeError;",
                                                "valueText": "return gNonStrict.caller || gNonStrict.caller.throwTypeError;"
                                            }
                                        ],
                                        "closeParenToken": {
                                            "kind": "CloseParenToken",
                                            "fullStart": 748,
                                            "start": 748,
                                            "fullWidth": 1,
                                            "width": 1,
                                            "text": ")",
                                            "value": ")",
                                            "valueText": ")"
                                        }
                                    }
                                }
                            }
                        }
                    ]
                },
                "semicolonToken": {
                    "kind": "SemicolonToken",
                    "fullStart": 749,
                    "start": 749,
                    "fullWidth": 1,
                    "width": 1,
                    "text": ";",
                    "value": ";",
                    "valueText": ";"
                }
            },
            {
                "kind": "FunctionDeclaration",
                "start": 754,
                "end": 816,
                "width": 62,
                "functionKeyword": {
                    "kind": "FunctionKeyword",
                    "fullStart": 750,
                    "start": 754,
                    "fullWidth": 12,
                    "width": 8,
                    "text": "function",
                    "value": "function",
                    "valueText": "function",
                    "hasLeadingTrivia": true,
                    "hasLeadingNewLine": true,
                    "leadingTrivia": [
                        {
                            "kind": "NewLineTrivia",
                            "fullStart": 750,
                            "fullEnd": 752,
                            "text": "\r\n"
                        },
                        {
                            "kind": "NewLineTrivia",
                            "fullStart": 752,
                            "fullEnd": 754,
                            "text": "\r\n"
                        }
                    ]
                },
                "identifier": {
                    "kind": "IdentifierName",
                    "fullStart": 762,
                    "start": 763,
                    "fullWidth": 2,
                    "width": 1,
                    "text": "f",
                    "value": "f",
                    "valueText": "f",
                    "hasLeadingTrivia": true,
                    "leadingTrivia": [
                        {
                            "kind": "WhitespaceTrivia",
                            "fullStart": 762,
                            "fullEnd": 763,
                            "text": " "
                        }
                    ]
                },
                "callSignature": {
                    "kind": "CallSignature",
                    "start": 764,
                    "end": 766,
                    "width": 2,
                    "parameterList": {
                        "kind": "ParameterList",
                        "start": 764,
                        "end": 766,
                        "width": 2,
                        "openParenToken": {
                            "kind": "OpenParenToken",
                            "fullStart": 764,
                            "start": 764,
                            "fullWidth": 1,
                            "width": 1,
                            "text": "(",
                            "value": "(",
                            "valueText": "("
                        },
                        "closeParenToken": {
                            "kind": "CloseParenToken",
                            "fullStart": 765,
                            "start": 765,
                            "fullWidth": 1,
                            "width": 1,
                            "text": ")",
                            "value": ")",
                            "valueText": ")"
                        }
                    }
                },
                "body": {
                    "kind": "Block",
                    "start": 767,
                    "end": 816,
                    "width": 49,
                    "openBraceToken": {
                        "kind": "OpenBraceToken",
                        "fullStart": 766,
                        "start": 767,
                        "fullWidth": 2,
                        "width": 1,
                        "text": "{",
                        "value": "{",
                        "valueText": "{",
                        "hasLeadingTrivia": true,
                        "leadingTrivia": [
                            {
                                "kind": "WhitespaceTrivia",
                                "fullStart": 766,
                                "fullEnd": 767,
                                "text": " "
                            }
                        ]
                    },
                    "statements": [
                        {
                            "kind": "ExpressionStatement",
                            "start": 774,
                            "end": 787,
                            "width": 13,
                            "expression": {
                                "kind": "StringLiteral",
                                "fullStart": 768,
                                "start": 774,
                                "fullWidth": 18,
                                "width": 12,
                                "text": "\"use strict\"",
                                "value": "use strict",
                                "valueText": "use strict",
                                "hasLeadingTrivia": true,
                                "hasLeadingNewLine": true,
                                "leadingTrivia": [
                                    {
                                        "kind": "NewLineTrivia",
                                        "fullStart": 768,
                                        "fullEnd": 770,
                                        "text": "\r\n"
                                    },
                                    {
                                        "kind": "WhitespaceTrivia",
                                        "fullStart": 770,
                                        "fullEnd": 774,
                                        "text": "    "
                                    }
                                ]
                            },
                            "semicolonToken": {
                                "kind": "SemicolonToken",
                                "fullStart": 786,
                                "start": 786,
                                "fullWidth": 1,
                                "width": 1,
                                "text": ";",
                                "value": ";",
                                "valueText": ";"
                            }
                        },
                        {
                            "kind": "ReturnStatement",
                            "start": 793,
                            "end": 813,
                            "width": 20,
                            "parsedInStrictModeContext": true,
                            "returnKeyword": {
                                "kind": "ReturnKeyword",
                                "fullStart": 787,
                                "start": 793,
                                "fullWidth": 12,
                                "width": 6,
                                "text": "return",
                                "value": "return",
                                "valueText": "return",
                                "hasLeadingTrivia": true,
                                "hasLeadingNewLine": true,
                                "leadingTrivia": [
                                    {
                                        "kind": "NewLineTrivia",
                                        "fullStart": 787,
                                        "fullEnd": 789,
                                        "text": "\r\n"
                                    },
                                    {
                                        "kind": "WhitespaceTrivia",
                                        "fullStart": 789,
                                        "fullEnd": 793,
                                        "text": "    "
                                    }
                                ]
                            },
                            "expression": {
                                "kind": "InvocationExpression",
                                "start": 800,
                                "end": 812,
                                "width": 12,
                                "parsedInStrictModeContext": true,
                                "expression": {
                                    "kind": "IdentifierName",
                                    "fullStart": 799,
                                    "start": 800,
                                    "fullWidth": 11,
                                    "width": 10,
                                    "text": "gNonStrict",
                                    "value": "gNonStrict",
                                    "valueText": "gNonStrict",
                                    "hasLeadingTrivia": true,
                                    "leadingTrivia": [
                                        {
                                            "kind": "WhitespaceTrivia",
                                            "fullStart": 799,
                                            "fullEnd": 800,
                                            "text": " "
                                        }
                                    ]
                                },
                                "argumentList": {
                                    "kind": "ArgumentList",
                                    "start": 810,
                                    "end": 812,
                                    "width": 2,
                                    "parsedInStrictModeContext": true,
                                    "openParenToken": {
                                        "kind": "OpenParenToken",
                                        "fullStart": 810,
                                        "start": 810,
                                        "fullWidth": 1,
                                        "width": 1,
                                        "text": "(",
                                        "value": "(",
                                        "valueText": "("
                                    },
                                    "closeParenToken": {
                                        "kind": "CloseParenToken",
                                        "fullStart": 811,
                                        "start": 811,
                                        "fullWidth": 1,
                                        "width": 1,
                                        "text": ")",
                                        "value": ")",
                                        "valueText": ")"
                                    }
                                }
                            },
                            "semicolonToken": {
                                "kind": "SemicolonToken",
                                "fullStart": 812,
                                "start": 812,
                                "fullWidth": 1,
                                "width": 1,
                                "text": ";",
                                "value": ";",
                                "valueText": ";"
                            }
                        }
                    ],
                    "closeBraceToken": {
                        "kind": "CloseBraceToken",
                        "fullStart": 813,
                        "start": 815,
                        "fullWidth": 3,
                        "width": 1,
                        "text": "}",
                        "value": "}",
                        "valueText": "}",
                        "hasLeadingTrivia": true,
                        "hasLeadingNewLine": true,
                        "leadingTrivia": [
                            {
                                "kind": "NewLineTrivia",
                                "fullStart": 813,
                                "fullEnd": 815,
                                "text": "\r\n"
                            }
                        ]
                    }
                }
            },
            {
                "kind": "ExpressionStatement",
                "start": 818,
                "end": 822,
                "width": 4,
                "expression": {
                    "kind": "InvocationExpression",
                    "start": 818,
                    "end": 821,
                    "width": 3,
                    "expression": {
                        "kind": "IdentifierName",
                        "fullStart": 816,
                        "start": 818,
                        "fullWidth": 3,
                        "width": 1,
                        "text": "f",
                        "value": "f",
                        "valueText": "f",
                        "hasLeadingTrivia": true,
                        "hasLeadingNewLine": true,
                        "leadingTrivia": [
                            {
                                "kind": "NewLineTrivia",
                                "fullStart": 816,
                                "fullEnd": 818,
                                "text": "\r\n"
                            }
                        ]
                    },
                    "argumentList": {
                        "kind": "ArgumentList",
                        "start": 819,
                        "end": 821,
                        "width": 2,
                        "openParenToken": {
                            "kind": "OpenParenToken",
                            "fullStart": 819,
                            "start": 819,
                            "fullWidth": 1,
                            "width": 1,
                            "text": "(",
                            "value": "(",
                            "valueText": "("
                        },
                        "closeParenToken": {
                            "kind": "CloseParenToken",
                            "fullStart": 820,
                            "start": 820,
                            "fullWidth": 1,
                            "width": 1,
                            "text": ")",
                            "value": ")",
                            "valueText": ")"
                        }
                    }
                },
                "semicolonToken": {
                    "kind": "SemicolonToken",
                    "fullStart": 821,
                    "start": 821,
                    "fullWidth": 1,
                    "width": 1,
                    "text": ";",
                    "value": ";",
                    "valueText": ";"
                }
            }
        ],
        "endOfFileToken": {
            "kind": "EndOfFileToken",
            "fullStart": 822,
            "start": 824,
            "fullWidth": 2,
            "width": 0,
            "text": "",
            "hasLeadingTrivia": true,
            "hasLeadingNewLine": true,
            "leadingTrivia": [
                {
                    "kind": "NewLineTrivia",
                    "fullStart": 822,
                    "fullEnd": 824,
                    "text": "\r\n"
                }
            ]
        }
    },
    "lineMap": {
        "lineStarts": [
            0,
            67,
            152,
            232,
            308,
            380,
            385,
            440,
            614,
            628,
            652,
            657,
            659,
            752,
            754,
            770,
            789,
            815,
            818,
            824
        ],
        "length": 824
    }
}