{
    "isDeclaration": false,
    "languageVersion": "EcmaScript5",
    "sourceUnit": {
        "kind": "SourceUnit",
        "start": 677,
        "end": 817,
        "width": 140,
        "moduleElements": [
            {
                "kind": "FunctionDeclaration",
                "start": 677,
                "end": 791,
                "width": 114,
                "functionKeyword": {
                    "kind": "FunctionKeyword",
                    "fullStart": 0,
                    "start": 677,
                    "fullWidth": 685,
                    "width": 8,
                    "text": "function",
                    "value": "function",
                    "valueText": "function",
                    "hasLeadingTrivia": true,
                    "hasLeadingComment": true,
                    "hasLeadingNewLine": true,
                    "leadingTrivia": [
                        {
                            "kind": "SingleLineCommentTrivia",
                            "fullStart": 0,
                            "fullEnd": 65,
                            "text": "/// Copyright (c) 2012 Ecma International.  All rights reserved. "
                        },
                        {
                            "kind": "NewLineTrivia",
                            "fullStart": 65,
                            "fullEnd": 67,
                            "text": "\r\n"
                        },
                        {
                            "kind": "SingleLineCommentTrivia",
                            "fullStart": 67,
                            "fullEnd": 150,
                            "text": "/// Ecma International makes this code available under the terms and conditions set"
                        },
                        {
                            "kind": "NewLineTrivia",
                            "fullStart": 150,
                            "fullEnd": 152,
                            "text": "\r\n"
                        },
                        {
                            "kind": "SingleLineCommentTrivia",
                            "fullStart": 152,
                            "fullEnd": 230,
                            "text": "/// forth on http://hg.ecmascript.org/tests/test262/raw-file/tip/LICENSE (the "
                        },
                        {
                            "kind": "NewLineTrivia",
                            "fullStart": 230,
                            "fullEnd": 232,
                            "text": "\r\n"
                        },
                        {
                            "kind": "SingleLineCommentTrivia",
                            "fullStart": 232,
                            "fullEnd": 306,
                            "text": "/// \"Use Terms\").   Any redistribution of this code must retain the above "
                        },
                        {
                            "kind": "NewLineTrivia",
                            "fullStart": 306,
                            "fullEnd": 308,
                            "text": "\r\n"
                        },
                        {
                            "kind": "SingleLineCommentTrivia",
                            "fullStart": 308,
                            "fullEnd": 378,
                            "text": "/// copyright and this notice and otherwise comply with the Use Terms."
                        },
                        {
                            "kind": "NewLineTrivia",
                            "fullStart": 378,
                            "fullEnd": 380,
                            "text": "\r\n"
                        },
                        {
                            "kind": "MultiLineCommentTrivia",
                            "fullStart": 380,
                            "fullEnd": 671,
                            "text": "/**\r\n * 15.5.5.2 defines [[GetOwnProperty]] for Strings. It supports using indexing\r\n * notation to look up non numeric property names.\r\n *\r\n * @path ch15/15.5/15.5.5/15.5.5.2/15.5.5.5.2-7-2.js\r\n * @description String value indexing returns undefined if the numeric index is less than 0\r\n */"
                        },
                        {
                            "kind": "NewLineTrivia",
                            "fullStart": 671,
                            "fullEnd": 673,
                            "text": "\r\n"
                        },
                        {
                            "kind": "NewLineTrivia",
                            "fullStart": 673,
                            "fullEnd": 675,
                            "text": "\r\n"
                        },
                        {
                            "kind": "NewLineTrivia",
                            "fullStart": 675,
                            "fullEnd": 677,
                            "text": "\r\n"
                        }
                    ]
                },
                "identifier": {
                    "kind": "IdentifierName",
                    "fullStart": 685,
                    "start": 686,
                    "fullWidth": 9,
                    "width": 8,
                    "text": "testcase",
                    "value": "testcase",
                    "valueText": "testcase",
                    "hasLeadingTrivia": true,
                    "leadingTrivia": [
                        {
                            "kind": "WhitespaceTrivia",
                            "fullStart": 685,
                            "fullEnd": 686,
                            "text": " "
                        }
                    ]
                },
                "callSignature": {
                    "kind": "CallSignature",
                    "start": 694,
                    "end": 696,
                    "width": 2,
                    "parameterList": {
                        "kind": "ParameterList",
                        "start": 694,
                        "end": 696,
                        "width": 2,
                        "openParenToken": {
                            "kind": "OpenParenToken",
                            "fullStart": 694,
                            "start": 694,
                            "fullWidth": 1,
                            "width": 1,
                            "text": "(",
                            "value": "(",
                            "valueText": "("
                        },
                        "closeParenToken": {
                            "kind": "CloseParenToken",
                            "fullStart": 695,
                            "start": 695,
                            "fullWidth": 1,
                            "width": 1,
                            "text": ")",
                            "value": ")",
                            "valueText": ")"
                        }
                    }
                },
                "body": {
                    "kind": "Block",
                    "start": 697,
                    "end": 791,
                    "width": 94,
                    "openBraceToken": {
                        "kind": "OpenBraceToken",
                        "fullStart": 696,
                        "start": 697,
                        "fullWidth": 2,
                        "width": 1,
                        "text": "{",
                        "value": "{",
                        "valueText": "{",
                        "hasLeadingTrivia": true,
                        "leadingTrivia": [
                            {
                                "kind": "WhitespaceTrivia",
                                "fullStart": 696,
                                "fullEnd": 697,
                                "text": " "
                            }
                        ]
                    },
                    "statements": [
                        {
                            "kind": "VariableStatement",
                            "start": 702,
                            "end": 732,
                            "width": 30,
                            "variableDeclaration": {
                                "kind": "VariableDeclaration",
                                "start": 702,
                                "end": 731,
                                "width": 29,
                                "varKeyword": {
                                    "kind": "VarKeyword",
                                    "fullStart": 698,
                                    "start": 702,
                                    "fullWidth": 7,
                                    "width": 3,
                                    "text": "var",
                                    "value": "var",
                                    "valueText": "var",
                                    "hasLeadingTrivia": true,
                                    "hasLeadingNewLine": true,
                                    "leadingTrivia": [
                                        {
                                            "kind": "NewLineTrivia",
                                            "fullStart": 698,
                                            "fullEnd": 700,
                                            "text": "\r\n"
                                        },
                                        {
                                            "kind": "WhitespaceTrivia",
                                            "fullStart": 700,
                                            "fullEnd": 702,
                                            "text": "  "
                                        }
                                    ]
                                },
                                "variableDeclarators": [
                                    {
                                        "kind": "VariableDeclarator",
                                        "start": 706,
                                        "end": 731,
                                        "width": 25,
                                        "propertyName": {
                                            "kind": "IdentifierName",
                                            "fullStart": 705,
                                            "start": 706,
                                            "fullWidth": 2,
                                            "width": 1,
                                            "text": "s",
                                            "value": "s",
                                            "valueText": "s",
                                            "hasLeadingTrivia": true,
                                            "leadingTrivia": [
                                                {
                                                    "kind": "WhitespaceTrivia",
                                                    "fullStart": 705,
                                                    "fullEnd": 706,
                                                    "text": " "
                                                }
                                            ]
                                        },
                                        "equalsValueClause": {
                                            "kind": "EqualsValueClause",
                                            "start": 708,
                                            "end": 731,
                                            "width": 23,
                                            "equalsToken": {
                                                "kind": "EqualsToken",
                                                "fullStart": 707,
                                                "start": 708,
                                                "fullWidth": 2,
                                                "width": 1,
                                                "text": "=",
                                                "value": "=",
                                                "valueText": "=",
                                                "hasLeadingTrivia": true,
                                                "leadingTrivia": [
                                                    {
                                                        "kind": "WhitespaceTrivia",
                                                        "fullStart": 707,
                                                        "fullEnd": 708,
                                                        "text": " "
                                                    }
                                                ]
                                            },
                                            "value": {
                                                "kind": "InvocationExpression",
                                                "start": 710,
                                                "end": 731,
                                                "width": 21,
                                                "expression": {
                                                    "kind": "IdentifierName",
                                                    "fullStart": 709,
                                                    "start": 710,
                                                    "fullWidth": 7,
                                                    "width": 6,
                                                    "text": "String",
                                                    "value": "String",
                                                    "valueText": "String",
                                                    "hasLeadingTrivia": true,
                                                    "leadingTrivia": [
                                                        {
                                                            "kind": "WhitespaceTrivia",
                                                            "fullStart": 709,
                                                            "fullEnd": 710,
                                                            "text": " "
                                                        }
                                                    ]
                                                },
                                                "argumentList": {
                                                    "kind": "ArgumentList",
                                                    "start": 716,
                                                    "end": 731,
                                                    "width": 15,
                                                    "openParenToken": {
                                                        "kind": "OpenParenToken",
                                                        "fullStart": 716,
                                                        "start": 716,
                                                        "fullWidth": 1,
                                                        "width": 1,
                                                        "text": "(",
                                                        "value": "(",
                                                        "valueText": "("
                                                    },
                                                    "arguments": [
                                                        {
                                                            "kind": "StringLiteral",
                                                            "fullStart": 717,
                                                            "start": 717,
                                                            "fullWidth": 13,
                                                            "width": 13,
                                                            "text": "\"hello world\"",
                                                            "value": "hello world",
                                                            "valueText": "hello world"
                                                        }
                                                    ],
                                                    "closeParenToken": {
                                                        "kind": "CloseParenToken",
                                                        "fullStart": 730,
                                                        "start": 730,
                                                        "fullWidth": 1,
                                                        "width": 1,
                                                        "text": ")",
                                                        "value": ")",
                                                        "valueText": ")"
                                                    }
                                                }
                                            }
                                        }
                                    }
                                ]
                            },
                            "semicolonToken": {
                                "kind": "SemicolonToken",
                                "fullStart": 731,
                                "start": 731,
                                "fullWidth": 1,
                                "width": 1,
                                "text": ";",
                                "value": ";",
                                "valueText": ";"
                            }
                        },
                        {
                            "kind": "IfStatement",
                            "start": 738,
                            "end": 787,
                            "width": 49,
                            "ifKeyword": {
                                "kind": "IfKeyword",
                                "fullStart": 732,
                                "start": 738,
                                "fullWidth": 8,
                                "width": 2,
                                "text": "if",
                                "value": "if",
                                "valueText": "if",
                                "hasLeadingTrivia": true,
                                "hasLeadingNewLine": true,
                                "leadingTrivia": [
                                    {
                                        "kind": "NewLineTrivia",
                                        "fullStart": 732,
                                        "fullEnd": 734,
                                        "text": "\r\n"
                                    },
                                    {
                                        "kind": "NewLineTrivia",
                                        "fullStart": 734,
                                        "fullEnd": 736,
                                        "text": "\r\n"
                                    },
                                    {
                                        "kind": "WhitespaceTrivia",
                                        "fullStart": 736,
                                        "fullEnd": 738,
                                        "text": "  "
                                    }
                                ]
                            },
                            "openParenToken": {
                                "kind": "OpenParenToken",
                                "fullStart": 740,
                                "start": 741,
                                "fullWidth": 2,
                                "width": 1,
                                "text": "(",
                                "value": "(",
                                "valueText": "(",
                                "hasLeadingTrivia": true,
                                "leadingTrivia": [
                                    {
                                        "kind": "WhitespaceTrivia",
                                        "fullStart": 740,
                                        "fullEnd": 741,
                                        "text": " "
                                    }
                                ]
                            },
                            "condition": {
                                "kind": "BinaryExpression",
                                "start": 742,
                                "end": 761,
                                "width": 19,
                                "left": {
                                    "kind": "ElementAccessExpression",
                                    "start": 742,
                                    "end": 747,
                                    "width": 5,
                                    "expression": {
                                        "kind": "IdentifierName",
                                        "fullStart": 742,
                                        "start": 742,
                                        "fullWidth": 1,
                                        "width": 1,
                                        "text": "s",
                                        "value": "s",
                                        "valueText": "s"
                                    },
                                    "openBracketToken": {
                                        "kind": "OpenBracketToken",
                                        "fullStart": 743,
                                        "start": 743,
                                        "fullWidth": 1,
                                        "width": 1,
                                        "text": "[",
                                        "value": "[",
                                        "valueText": "["
                                    },
                                    "argumentExpression": {
                                        "kind": "PrefixUnaryExpression",
                                        "start": 744,
                                        "end": 746,
                                        "width": 2,
                                        "operatorToken": {
                                            "kind": "MinusToken",
                                            "fullStart": 744,
                                            "start": 744,
                                            "fullWidth": 1,
                                            "width": 1,
                                            "text": "-",
                                            "value": "-",
                                            "valueText": "-"
                                        },
                                        "operand": {
                                            "kind": "NumericLiteral",
                                            "fullStart": 745,
                                            "start": 745,
                                            "fullWidth": 1,
                                            "width": 1,
                                            "text": "1",
                                            "value": 1,
                                            "valueText": "1"
                                        }
                                    },
                                    "closeBracketToken": {
                                        "kind": "CloseBracketToken",
                                        "fullStart": 746,
                                        "start": 746,
                                        "fullWidth": 1,
                                        "width": 1,
                                        "text": "]",
                                        "value": "]",
                                        "valueText": "]"
                                    }
                                },
                                "operatorToken": {
                                    "kind": "EqualsEqualsEqualsToken",
                                    "fullStart": 747,
                                    "start": 748,
                                    "fullWidth": 4,
                                    "width": 3,
                                    "text": "===",
                                    "value": "===",
                                    "valueText": "===",
                                    "hasLeadingTrivia": true,
                                    "leadingTrivia": [
                                        {
                                            "kind": "WhitespaceTrivia",
                                            "fullStart": 747,
                                            "fullEnd": 748,
                                            "text": " "
                                        }
                                    ]
                                },
                                "right": {
                                    "kind": "IdentifierName",
                                    "fullStart": 751,
                                    "start": 752,
                                    "fullWidth": 10,
                                    "width": 9,
                                    "text": "undefined",
                                    "value": "undefined",
                                    "valueText": "undefined",
                                    "hasLeadingTrivia": true,
                                    "leadingTrivia": [
                                        {
                                            "kind": "WhitespaceTrivia",
                                            "fullStart": 751,
                                            "fullEnd": 752,
                                            "text": " "
                                        }
                                    ]
                                }
                            },
                            "closeParenToken": {
                                "kind": "CloseParenToken",
                                "fullStart": 761,
                                "start": 761,
                                "fullWidth": 1,
                                "width": 1,
                                "text": ")",
                                "value": ")",
                                "valueText": ")"
                            },
                            "statement": {
                                "kind": "Block",
                                "start": 763,
                                "end": 787,
                                "width": 24,
                                "openBraceToken": {
                                    "kind": "OpenBraceToken",
                                    "fullStart": 762,
                                    "start": 763,
                                    "fullWidth": 2,
                                    "width": 1,
                                    "text": "{",
                                    "value": "{",
                                    "valueText": "{",
                                    "hasLeadingTrivia": true,
                                    "leadingTrivia": [
                                        {
                                            "kind": "WhitespaceTrivia",
                                            "fullStart": 762,
                                            "fullEnd": 763,
                                            "text": " "
                                        }
                                    ]
                                },
                                "statements": [
                                    {
                                        "kind": "ReturnStatement",
                                        "start": 770,
                                        "end": 782,
                                        "width": 12,
                                        "returnKeyword": {
                                            "kind": "ReturnKeyword",
                                            "fullStart": 764,
                                            "start": 770,
                                            "fullWidth": 12,
                                            "width": 6,
                                            "text": "return",
                                            "value": "return",
                                            "valueText": "return",
                                            "hasLeadingTrivia": true,
                                            "hasLeadingNewLine": true,
                                            "leadingTrivia": [
                                                {
                                                    "kind": "NewLineTrivia",
                                                    "fullStart": 764,
                                                    "fullEnd": 766,
                                                    "text": "\r\n"
                                                },
                                                {
                                                    "kind": "WhitespaceTrivia",
                                                    "fullStart": 766,
                                                    "fullEnd": 770,
                                                    "text": "    "
                                                }
                                            ]
                                        },
                                        "expression": {
                                            "kind": "TrueKeyword",
                                            "fullStart": 776,
                                            "start": 777,
                                            "fullWidth": 5,
                                            "width": 4,
                                            "text": "true",
                                            "value": true,
                                            "valueText": "true",
                                            "hasLeadingTrivia": true,
                                            "leadingTrivia": [
                                                {
                                                    "kind": "WhitespaceTrivia",
                                                    "fullStart": 776,
                                                    "fullEnd": 777,
                                                    "text": " "
                                                }
                                            ]
                                        },
                                        "semicolonToken": {
                                            "kind": "SemicolonToken",
                                            "fullStart": 781,
                                            "start": 781,
                                            "fullWidth": 1,
                                            "width": 1,
                                            "text": ";",
                                            "value": ";",
                                            "valueText": ";"
                                        }
                                    }
                                ],
                                "closeBraceToken": {
                                    "kind": "CloseBraceToken",
                                    "fullStart": 782,
                                    "start": 786,
                                    "fullWidth": 5,
                                    "width": 1,
                                    "text": "}",
                                    "value": "}",
                                    "valueText": "}",
                                    "hasLeadingTrivia": true,
                                    "hasLeadingNewLine": true,
                                    "leadingTrivia": [
                                        {
                                            "kind": "NewLineTrivia",
                                            "fullStart": 782,
                                            "fullEnd": 784,
                                            "text": "\r\n"
                                        },
                                        {
                                            "kind": "WhitespaceTrivia",
                                            "fullStart": 784,
                                            "fullEnd": 786,
                                            "text": "  "
                                        }
                                    ]
                                }
                            }
                        }
                    ],
                    "closeBraceToken": {
                        "kind": "CloseBraceToken",
                        "fullStart": 787,
                        "start": 790,
                        "fullWidth": 4,
                        "width": 1,
                        "text": "}",
                        "value": "}",
                        "valueText": "}",
                        "hasLeadingTrivia": true,
                        "hasLeadingNewLine": true,
                        "leadingTrivia": [
                            {
                                "kind": "NewLineTrivia",
                                "fullStart": 787,
                                "fullEnd": 789,
                                "text": "\r\n"
                            },
                            {
                                "kind": "WhitespaceTrivia",
                                "fullStart": 789,
                                "fullEnd": 790,
                                "text": " "
                            }
                        ]
                    }
                }
            },
            {
                "kind": "ExpressionStatement",
                "start": 793,
                "end": 815,
                "width": 22,
                "expression": {
                    "kind": "InvocationExpression",
                    "start": 793,
                    "end": 814,
                    "width": 21,
                    "expression": {
                        "kind": "IdentifierName",
                        "fullStart": 791,
                        "start": 793,
                        "fullWidth": 13,
                        "width": 11,
                        "text": "runTestCase",
                        "value": "runTestCase",
                        "valueText": "runTestCase",
                        "hasLeadingTrivia": true,
                        "hasLeadingNewLine": true,
                        "leadingTrivia": [
                            {
                                "kind": "NewLineTrivia",
                                "fullStart": 791,
                                "fullEnd": 793,
                                "text": "\r\n"
                            }
                        ]
                    },
                    "argumentList": {
                        "kind": "ArgumentList",
                        "start": 804,
                        "end": 814,
                        "width": 10,
                        "openParenToken": {
                            "kind": "OpenParenToken",
                            "fullStart": 804,
                            "start": 804,
                            "fullWidth": 1,
                            "width": 1,
                            "text": "(",
                            "value": "(",
                            "valueText": "("
                        },
                        "arguments": [
                            {
                                "kind": "IdentifierName",
                                "fullStart": 805,
                                "start": 805,
                                "fullWidth": 8,
                                "width": 8,
                                "text": "testcase",
                                "value": "testcase",
                                "valueText": "testcase"
                            }
                        ],
                        "closeParenToken": {
                            "kind": "CloseParenToken",
                            "fullStart": 813,
                            "start": 813,
                            "fullWidth": 1,
                            "width": 1,
                            "text": ")",
                            "value": ")",
                            "valueText": ")"
                        }
                    }
                },
                "semicolonToken": {
                    "kind": "SemicolonToken",
                    "fullStart": 814,
                    "start": 814,
                    "fullWidth": 1,
                    "width": 1,
                    "text": ";",
                    "value": ";",
                    "valueText": ";"
                }
            }
        ],
        "endOfFileToken": {
            "kind": "EndOfFileToken",
            "fullStart": 815,
            "start": 817,
            "fullWidth": 2,
            "width": 0,
            "text": "",
            "hasLeadingTrivia": true,
            "hasLeadingNewLine": true,
            "leadingTrivia": [
                {
                    "kind": "NewLineTrivia",
                    "fullStart": 815,
                    "fullEnd": 817,
                    "text": "\r\n"
                }
            ]
        }
    },
    "lineMap": {
        "lineStarts": [
            0,
            67,
            152,
            232,
            308,
            380,
            385,
            465,
            517,
            521,
            575,
            668,
            673,
            675,
            677,
            700,
            734,
            736,
            766,
            784,
            789,
            793,
            817
        ],
        "length": 817
    }
}