{
    "isDeclaration": false,
    "languageVersion": "EcmaScript5",
    "diagnostics": [
        {
            "start": 22,
            "length": 7,
            "diagnosticCode": "A 'declare' modifier cannot be used in an already ambient context."
        }
    ],
    "sourceUnit": {
        "kind": "SourceUnit",
        "fullStart": 0,
        "fullEnd": 46,
        "start": 0,
        "fullWidth": 46,
        "width": 46,
        "moduleElements": [
            {
                "kind": "ModuleDeclaration",
                "fullStart": 0,
                "fullEnd": 46,
                "start": 0,
                "fullWidth": 46,
                "width": 46,
                "modifiers": [
                    {
                        "kind": "DeclareKeyword",
                        "fullStart": 0,
                        "start": 0,
                        "fullWidth": 7,
                        "width": 7,
                        "text": "declare",
                        "value": "declare",
                        "valueText": "declare"
                    }
                ],
                "moduleKeyword": {
                    "kind": "ModuleKeyword",
                    "fullStart": 7,
                    "start": 8,
                    "fullWidth": 7,
                    "width": 6,
                    "text": "module",
                    "value": "module",
                    "valueText": "module",
                    "hasLeadingTrivia": true,
                    "leadingTrivia": [
                        {
                            "kind": "WhitespaceTrivia",
                            "fullStart": 7,
                            "fullEnd": 8,
                            "text": " "
                        }
                    ]
                },
                "name": {
                    "kind": "IdentifierName",
                    "fullStart": 14,
                    "start": 15,
                    "fullWidth": 2,
                    "width": 1,
                    "text": "M",
                    "value": "M",
                    "valueText": "M",
                    "hasLeadingTrivia": true,
                    "leadingTrivia": [
                        {
                            "kind": "WhitespaceTrivia",
                            "fullStart": 14,
                            "fullEnd": 15,
                            "text": " "
                        }
                    ]
                },
                "openBraceToken": {
                    "kind": "OpenBraceToken",
                    "fullStart": 16,
                    "start": 17,
                    "fullWidth": 2,
                    "width": 1,
                    "text": "{",
                    "value": "{",
                    "valueText": "{",
                    "hasLeadingTrivia": true,
                    "leadingTrivia": [
                        {
                            "kind": "WhitespaceTrivia",
                            "fullStart": 16,
                            "fullEnd": 17,
                            "text": " "
                        }
                    ]
                },
                "moduleElements": [
                    {
                        "kind": "EnumDeclaration",
                        "fullStart": 18,
                        "fullEnd": 43,
                        "start": 22,
                        "fullWidth": 25,
                        "width": 21,
                        "modifiers": [
                            {
                                "kind": "DeclareKeyword",
                                "fullStart": 18,
                                "start": 22,
                                "fullWidth": 11,
                                "width": 7,
                                "text": "declare",
                                "value": "declare",
                                "valueText": "declare",
                                "hasLeadingTrivia": true,
                                "hasLeadingNewLine": true,
                                "leadingTrivia": [
                                    {
                                        "kind": "NewLineTrivia",
                                        "fullStart": 18,
                                        "fullEnd": 20,
                                        "text": "\r\n"
                                    },
                                    {
                                        "kind": "WhitespaceTrivia",
                                        "fullStart": 20,
                                        "fullEnd": 22,
                                        "text": "  "
                                    }
                                ]
                            }
                        ],
                        "enumKeyword": {
                            "kind": "EnumKeyword",
                            "fullStart": 29,
                            "start": 30,
                            "fullWidth": 5,
                            "width": 4,
                            "text": "enum",
                            "value": "enum",
                            "valueText": "enum",
                            "hasLeadingTrivia": true,
                            "leadingTrivia": [
                                {
                                    "kind": "WhitespaceTrivia",
                                    "fullStart": 29,
                                    "fullEnd": 30,
                                    "text": " "
                                }
                            ]
                        },
                        "identifier": {
                            "kind": "IdentifierName",
                            "fullStart": 34,
                            "start": 35,
                            "fullWidth": 2,
                            "width": 1,
                            "text": "E",
                            "value": "E",
                            "valueText": "E",
                            "hasLeadingTrivia": true,
                            "leadingTrivia": [
                                {
                                    "kind": "WhitespaceTrivia",
                                    "fullStart": 34,
                                    "fullEnd": 35,
                                    "text": " "
                                }
                            ]
                        },
                        "openBraceToken": {
                            "kind": "OpenBraceToken",
                            "fullStart": 36,
                            "start": 37,
                            "fullWidth": 2,
                            "width": 1,
                            "text": "{",
                            "value": "{",
                            "valueText": "{",
                            "hasLeadingTrivia": true,
                            "leadingTrivia": [
                                {
                                    "kind": "WhitespaceTrivia",
                                    "fullStart": 36,
                                    "fullEnd": 37,
                                    "text": " "
                                }
                            ]
                        },
                        "enumElements": [],
                        "closeBraceToken": {
                            "kind": "CloseBraceToken",
                            "fullStart": 38,
                            "start": 42,
                            "fullWidth": 5,
                            "width": 1,
                            "text": "}",
                            "value": "}",
                            "valueText": "}",
                            "hasLeadingTrivia": true,
                            "hasLeadingNewLine": true,
                            "leadingTrivia": [
                                {
                                    "kind": "NewLineTrivia",
                                    "fullStart": 38,
                                    "fullEnd": 40,
                                    "text": "\r\n"
                                },
                                {
                                    "kind": "WhitespaceTrivia",
                                    "fullStart": 40,
                                    "fullEnd": 42,
                                    "text": "  "
                                }
                            ]
                        }
                    }
                ],
                "closeBraceToken": {
                    "kind": "CloseBraceToken",
                    "fullStart": 43,
                    "start": 45,
                    "fullWidth": 3,
                    "width": 1,
                    "text": "}",
                    "value": "}",
                    "valueText": "}",
                    "hasLeadingTrivia": true,
                    "hasLeadingNewLine": true,
                    "leadingTrivia": [
                        {
                            "kind": "NewLineTrivia",
                            "fullStart": 43,
                            "fullEnd": 45,
                            "text": "\r\n"
                        }
                    ]
                }
            }
        ],
        "endOfFileToken": {
            "kind": "EndOfFileToken",
            "fullStart": 46,
            "start": 46,
            "fullWidth": 0,
            "width": 0,
            "text": ""
        }
    },
    "lineMap": {
        "lineStarts": [
            0,
            20,
            40,
            45
        ],
        "length": 46
    }
}