{
    "isDeclaration": false,
    "languageVersion": "EcmaScript5",
    "sourceUnit": {
        "kind": "SourceUnit",
        "start": 502,
        "end": 678,
        "width": 176,
        "moduleElements": [
            {
                "kind": "IfStatement",
                "start": 502,
                "end": 594,
                "width": 92,
                "ifKeyword": {
                    "kind": "IfKeyword",
                    "fullStart": 0,
                    "start": 502,
                    "fullWidth": 504,
                    "width": 2,
                    "text": "if",
                    "value": "if",
                    "valueText": "if",
                    "hasLeadingTrivia": true,
                    "hasLeadingComment": true,
                    "hasLeadingNewLine": true,
                    "leadingTrivia": [
                        {
                            "kind": "SingleLineCommentTrivia",
                            "fullStart": 0,
                            "fullEnd": 60,
                            "text": "// Copyright 2009 the Sputnik authors.  All rights reserved."
                        },
                        {
                            "kind": "NewLineTrivia",
                            "fullStart": 60,
                            "fullEnd": 61,
                            "text": "\n"
                        },
                        {
                            "kind": "SingleLineCommentTrivia",
                            "fullStart": 61,
                            "fullEnd": 131,
                            "text": "// This code is governed by the BSD license found in the LICENSE file."
                        },
                        {
                            "kind": "NewLineTrivia",
                            "fullStart": 131,
                            "fullEnd": 132,
                            "text": "\n"
                        },
                        {
                            "kind": "NewLineTrivia",
                            "fullStart": 132,
                            "fullEnd": 133,
                            "text": "\n"
                        },
                        {
                            "kind": "MultiLineCommentTrivia",
                            "fullStart": 133,
                            "fullEnd": 339,
                            "text": "/**\n * String.prototype.indexOf(searchString, position)\n *\n * @path ch15/15.5/15.5.4/15.5.4.7/S15.5.4.7_A1_T4.js\n * @description Call indexOf(searchString, position) function without arguments of string\n */"
                        },
                        {
                            "kind": "NewLineTrivia",
                            "fullStart": 339,
                            "fullEnd": 340,
                            "text": "\n"
                        },
                        {
                            "kind": "NewLineTrivia",
                            "fullStart": 340,
                            "fullEnd": 341,
                            "text": "\n"
                        },
                        {
                            "kind": "SingleLineCommentTrivia",
                            "fullStart": 341,
                            "fullEnd": 419,
                            "text": "//////////////////////////////////////////////////////////////////////////////"
                        },
                        {
                            "kind": "NewLineTrivia",
                            "fullStart": 419,
                            "fullEnd": 420,
                            "text": "\n"
                        },
                        {
                            "kind": "SingleLineCommentTrivia",
                            "fullStart": 420,
                            "fullEnd": 429,
                            "text": "//CHECK#1"
                        },
                        {
                            "kind": "NewLineTrivia",
                            "fullStart": 429,
                            "fullEnd": 430,
                            "text": "\n"
                        },
                        {
                            "kind": "SingleLineCommentTrivia",
                            "fullStart": 430,
                            "fullEnd": 501,
                            "text": "//since ToString() evaluates to \"\" indexOf() evaluates to indexOf(\"\",0)"
                        },
                        {
                            "kind": "NewLineTrivia",
                            "fullStart": 501,
                            "fullEnd": 502,
                            "text": "\n"
                        }
                    ]
                },
                "openParenToken": {
                    "kind": "OpenParenToken",
                    "fullStart": 504,
                    "start": 505,
                    "fullWidth": 2,
                    "width": 1,
                    "text": "(",
                    "value": "(",
                    "valueText": "(",
                    "hasLeadingTrivia": true,
                    "leadingTrivia": [
                        {
                            "kind": "WhitespaceTrivia",
                            "fullStart": 504,
                            "fullEnd": 505,
                            "text": " "
                        }
                    ]
                },
                "condition": {
                    "kind": "BinaryExpression",
                    "start": 506,
                    "end": 525,
                    "width": 19,
                    "left": {
                        "kind": "InvocationExpression",
                        "start": 506,
                        "end": 518,
                        "width": 12,
                        "expression": {
                            "kind": "MemberAccessExpression",
                            "start": 506,
                            "end": 516,
                            "width": 10,
                            "expression": {
                                "kind": "StringLiteral",
                                "fullStart": 506,
                                "start": 506,
                                "fullWidth": 2,
                                "width": 2,
                                "text": "\"\"",
                                "value": "",
                                "valueText": ""
                            },
                            "dotToken": {
                                "kind": "DotToken",
                                "fullStart": 508,
                                "start": 508,
                                "fullWidth": 1,
                                "width": 1,
                                "text": ".",
                                "value": ".",
                                "valueText": "."
                            },
                            "name": {
                                "kind": "IdentifierName",
                                "fullStart": 509,
                                "start": 509,
                                "fullWidth": 7,
                                "width": 7,
                                "text": "indexOf",
                                "value": "indexOf",
                                "valueText": "indexOf"
                            }
                        },
                        "argumentList": {
                            "kind": "ArgumentList",
                            "start": 516,
                            "end": 518,
                            "width": 2,
                            "openParenToken": {
                                "kind": "OpenParenToken",
                                "fullStart": 516,
                                "start": 516,
                                "fullWidth": 1,
                                "width": 1,
                                "text": "(",
                                "value": "(",
                                "valueText": "("
                            },
                            "closeParenToken": {
                                "kind": "CloseParenToken",
                                "fullStart": 517,
                                "start": 517,
                                "fullWidth": 1,
                                "width": 1,
                                "text": ")",
                                "value": ")",
                                "valueText": ")"
                            }
                        }
                    },
                    "operatorToken": {
                        "kind": "ExclamationEqualsEqualsToken",
                        "fullStart": 518,
                        "start": 519,
                        "fullWidth": 4,
                        "width": 3,
                        "text": "!==",
                        "value": "!==",
                        "valueText": "!==",
                        "hasLeadingTrivia": true,
                        "leadingTrivia": [
                            {
                                "kind": "WhitespaceTrivia",
                                "fullStart": 518,
                                "fullEnd": 519,
                                "text": " "
                            }
                        ]
                    },
                    "right": {
                        "kind": "PrefixUnaryExpression",
                        "start": 523,
                        "end": 525,
                        "width": 2,
                        "operatorToken": {
                            "kind": "MinusToken",
                            "fullStart": 522,
                            "start": 523,
                            "fullWidth": 2,
                            "width": 1,
                            "text": "-",
                            "value": "-",
                            "valueText": "-",
                            "hasLeadingTrivia": true,
                            "leadingTrivia": [
                                {
                                    "kind": "WhitespaceTrivia",
                                    "fullStart": 522,
                                    "fullEnd": 523,
                                    "text": " "
                                }
                            ]
                        },
                        "operand": {
                            "kind": "NumericLiteral",
                            "fullStart": 524,
                            "start": 524,
                            "fullWidth": 1,
                            "width": 1,
                            "text": "1",
                            "value": 1,
                            "valueText": "1"
                        }
                    }
                },
                "closeParenToken": {
                    "kind": "CloseParenToken",
                    "fullStart": 525,
                    "start": 525,
                    "fullWidth": 1,
                    "width": 1,
                    "text": ")",
                    "value": ")",
                    "valueText": ")"
                },
                "statement": {
                    "kind": "Block",
                    "start": 527,
                    "end": 594,
                    "width": 67,
                    "openBraceToken": {
                        "kind": "OpenBraceToken",
                        "fullStart": 526,
                        "start": 527,
                        "fullWidth": 2,
                        "width": 1,
                        "text": "{",
                        "value": "{",
                        "valueText": "{",
                        "hasLeadingTrivia": true,
                        "leadingTrivia": [
                            {
                                "kind": "WhitespaceTrivia",
                                "fullStart": 526,
                                "fullEnd": 527,
                                "text": " "
                            }
                        ]
                    },
                    "statements": [
                        {
                            "kind": "ExpressionStatement",
                            "start": 531,
                            "end": 591,
                            "width": 60,
                            "expression": {
                                "kind": "InvocationExpression",
                                "start": 531,
                                "end": 590,
                                "width": 59,
                                "expression": {
                                    "kind": "IdentifierName",
                                    "fullStart": 528,
                                    "start": 531,
                                    "fullWidth": 9,
                                    "width": 6,
                                    "text": "$ERROR",
                                    "value": "$ERROR",
                                    "valueText": "$ERROR",
                                    "hasLeadingTrivia": true,
                                    "hasLeadingNewLine": true,
                                    "leadingTrivia": [
                                        {
                                            "kind": "NewLineTrivia",
                                            "fullStart": 528,
                                            "fullEnd": 529,
                                            "text": "\n"
                                        },
                                        {
                                            "kind": "WhitespaceTrivia",
                                            "fullStart": 529,
                                            "fullEnd": 531,
                                            "text": "  "
                                        }
                                    ]
                                },
                                "argumentList": {
                                    "kind": "ArgumentList",
                                    "start": 537,
                                    "end": 590,
                                    "width": 53,
                                    "openParenToken": {
                                        "kind": "OpenParenToken",
                                        "fullStart": 537,
                                        "start": 537,
                                        "fullWidth": 1,
                                        "width": 1,
                                        "text": "(",
                                        "value": "(",
                                        "valueText": "("
                                    },
                                    "arguments": [
                                        {
                                            "kind": "BinaryExpression",
                                            "start": 538,
                                            "end": 588,
                                            "width": 50,
                                            "left": {
                                                "kind": "StringLiteral",
                                                "fullStart": 538,
                                                "start": 538,
                                                "fullWidth": 35,
                                                "width": 35,
                                                "text": "'#1: \"\".indexOf() === -1. Actual: '",
                                                "value": "#1: \"\".indexOf() === -1. Actual: ",
                                                "valueText": "#1: \"\".indexOf() === -1. Actual: "
                                            },
                                            "operatorToken": {
                                                "kind": "PlusToken",
                                                "fullStart": 573,
                                                "start": 573,
                                                "fullWidth": 1,
                                                "width": 1,
                                                "text": "+",
                                                "value": "+",
                                                "valueText": "+"
                                            },
                                            "right": {
                                                "kind": "ParenthesizedExpression",
                                                "start": 574,
                                                "end": 588,
                                                "width": 14,
                                                "openParenToken": {
                                                    "kind": "OpenParenToken",
                                                    "fullStart": 574,
                                                    "start": 574,
                                                    "fullWidth": 1,
                                                    "width": 1,
                                                    "text": "(",
                                                    "value": "(",
                                                    "valueText": "("
                                                },
                                                "expression": {
                                                    "kind": "InvocationExpression",
                                                    "start": 575,
                                                    "end": 587,
                                                    "width": 12,
                                                    "expression": {
                                                        "kind": "MemberAccessExpression",
                                                        "start": 575,
                                                        "end": 585,
                                                        "width": 10,
                                                        "expression": {
                                                            "kind": "StringLiteral",
                                                            "fullStart": 575,
                                                            "start": 575,
                                                            "fullWidth": 2,
                                                            "width": 2,
                                                            "text": "\"\"",
                                                            "value": "",
                                                            "valueText": ""
                                                        },
                                                        "dotToken": {
                                                            "kind": "DotToken",
                                                            "fullStart": 577,
                                                            "start": 577,
                                                            "fullWidth": 1,
                                                            "width": 1,
                                                            "text": ".",
                                                            "value": ".",
                                                            "valueText": "."
                                                        },
                                                        "name": {
                                                            "kind": "IdentifierName",
                                                            "fullStart": 578,
                                                            "start": 578,
                                                            "fullWidth": 7,
                                                            "width": 7,
                                                            "text": "indexOf",
                                                            "value": "indexOf",
                                                            "valueText": "indexOf"
                                                        }
                                                    },
                                                    "argumentList": {
                                                        "kind": "ArgumentList",
                                                        "start": 585,
                                                        "end": 587,
                                                        "width": 2,
                                                        "openParenToken": {
                                                            "kind": "OpenParenToken",
                                                            "fullStart": 585,
                                                            "start": 585,
                                                            "fullWidth": 1,
                                                            "width": 1,
                                                            "text": "(",
                                                            "value": "(",
                                                            "valueText": "("
                                                        },
                                                        "closeParenToken": {
                                                            "kind": "CloseParenToken",
                                                            "fullStart": 586,
                                                            "start": 586,
                                                            "fullWidth": 1,
                                                            "width": 1,
                                                            "text": ")",
                                                            "value": ")",
                                                            "valueText": ")"
                                                        }
                                                    }
                                                },
                                                "closeParenToken": {
                                                    "kind": "CloseParenToken",
                                                    "fullStart": 587,
                                                    "start": 587,
                                                    "fullWidth": 1,
                                                    "width": 1,
                                                    "text": ")",
                                                    "value": ")",
                                                    "valueText": ")"
                                                }
                                            }
                                        }
                                    ],
                                    "closeParenToken": {
                                        "kind": "CloseParenToken",
                                        "fullStart": 588,
                                        "start": 589,
                                        "fullWidth": 2,
                                        "width": 1,
                                        "text": ")",
                                        "value": ")",
                                        "valueText": ")",
                                        "hasLeadingTrivia": true,
                                        "leadingTrivia": [
                                            {
                                                "kind": "WhitespaceTrivia",
                                                "fullStart": 588,
                                                "fullEnd": 589,
                                                "text": " "
                                            }
                                        ]
                                    }
                                }
                            },
                            "semicolonToken": {
                                "kind": "SemicolonToken",
                                "fullStart": 590,
                                "start": 590,
                                "fullWidth": 1,
                                "width": 1,
                                "text": ";",
                                "value": ";",
                                "valueText": ";"
                            }
                        }
                    ],
                    "closeBraceToken": {
                        "kind": "CloseBraceToken",
                        "fullStart": 591,
                        "start": 593,
                        "fullWidth": 3,
                        "width": 1,
                        "text": "}",
                        "value": "}",
                        "valueText": "}",
                        "hasLeadingTrivia": true,
                        "hasLeadingNewLine": true,
                        "leadingTrivia": [
                            {
                                "kind": "WhitespaceTrivia",
                                "fullStart": 591,
                                "fullEnd": 592,
                                "text": " "
                            },
                            {
                                "kind": "NewLineTrivia",
                                "fullStart": 592,
                                "fullEnd": 593,
                                "text": "\n"
                            }
                        ]
                    }
                }
            }
        ],
        "endOfFileToken": {
            "kind": "EndOfFileToken",
            "fullStart": 594,
            "start": 678,
            "fullWidth": 84,
            "width": 0,
            "text": "",
            "hasLeadingTrivia": true,
            "hasLeadingComment": true,
            "hasLeadingNewLine": true,
            "leadingTrivia": [
                {
                    "kind": "NewLineTrivia",
                    "fullStart": 594,
                    "fullEnd": 595,
                    "text": "\n"
                },
                {
                    "kind": "SingleLineCommentTrivia",
                    "fullStart": 595,
                    "fullEnd": 597,
                    "text": "//"
                },
                {
                    "kind": "NewLineTrivia",
                    "fullStart": 597,
                    "fullEnd": 598,
                    "text": "\n"
                },
                {
                    "kind": "SingleLineCommentTrivia",
                    "fullStart": 598,
                    "fullEnd": 676,
                    "text": "//////////////////////////////////////////////////////////////////////////////"
                },
                {
                    "kind": "NewLineTrivia",
                    "fullStart": 676,
                    "fullEnd": 677,
                    "text": "\n"
                },
                {
                    "kind": "NewLineTrivia",
                    "fullStart": 677,
                    "fullEnd": 678,
                    "text": "\n"
                }
            ]
        }
    },
    "lineMap": {
        "lineStarts": [
            0,
            61,
            132,
            133,
            137,
            189,
            192,
            246,
            336,
            340,
            341,
            420,
            430,
            502,
            529,
            593,
            595,
            598,
            677,
            678
        ],
        "length": 678
    }
}