{
    "isDeclaration": false,
    "languageVersion": "EcmaScript5",
    "sourceUnit": {
        "kind": "SourceUnit",
        "start": 464,
        "end": 687,
        "width": 223,
        "moduleElements": [
            {
                "kind": "IfStatement",
                "start": 464,
                "end": 603,
                "width": 139,
                "ifKeyword": {
                    "kind": "IfKeyword",
                    "fullStart": 0,
                    "start": 464,
                    "fullWidth": 466,
                    "width": 2,
                    "text": "if",
                    "value": "if",
                    "valueText": "if",
                    "hasLeadingTrivia": true,
                    "hasLeadingComment": true,
                    "hasLeadingNewLine": true,
                    "leadingTrivia": [
                        {
                            "kind": "SingleLineCommentTrivia",
                            "fullStart": 0,
                            "fullEnd": 60,
                            "text": "// Copyright 2009 the Sputnik authors.  All rights reserved."
                        },
                        {
                            "kind": "NewLineTrivia",
                            "fullStart": 60,
                            "fullEnd": 61,
                            "text": "\n"
                        },
                        {
                            "kind": "SingleLineCommentTrivia",
                            "fullStart": 61,
                            "fullEnd": 131,
                            "text": "// This code is governed by the BSD license found in the LICENSE file."
                        },
                        {
                            "kind": "NewLineTrivia",
                            "fullStart": 131,
                            "fullEnd": 132,
                            "text": "\n"
                        },
                        {
                            "kind": "NewLineTrivia",
                            "fullStart": 132,
                            "fullEnd": 133,
                            "text": "\n"
                        },
                        {
                            "kind": "MultiLineCommentTrivia",
                            "fullStart": 133,
                            "fullEnd": 373,
                            "text": "/**\n * Since we deal with max(ToInteger(pos), 0) if ToInteger(pos) less than 0 indexOf(searchString,0) returns\n *\n * @path ch15/15.5/15.5.4/15.5.4.7/S15.5.4.7_A3_T1.js\n * @description Call \"$$abcdabcd\".indexOf(\"ab\",NaN) and check result\n */"
                        },
                        {
                            "kind": "NewLineTrivia",
                            "fullStart": 373,
                            "fullEnd": 374,
                            "text": "\n"
                        },
                        {
                            "kind": "NewLineTrivia",
                            "fullStart": 374,
                            "fullEnd": 375,
                            "text": "\n"
                        },
                        {
                            "kind": "SingleLineCommentTrivia",
                            "fullStart": 375,
                            "fullEnd": 453,
                            "text": "//////////////////////////////////////////////////////////////////////////////"
                        },
                        {
                            "kind": "NewLineTrivia",
                            "fullStart": 453,
                            "fullEnd": 454,
                            "text": "\n"
                        },
                        {
                            "kind": "SingleLineCommentTrivia",
                            "fullStart": 454,
                            "fullEnd": 463,
                            "text": "//CHECK#1"
                        },
                        {
                            "kind": "NewLineTrivia",
                            "fullStart": 463,
                            "fullEnd": 464,
                            "text": "\n"
                        }
                    ]
                },
                "openParenToken": {
                    "kind": "OpenParenToken",
                    "fullStart": 466,
                    "start": 467,
                    "fullWidth": 2,
                    "width": 1,
                    "text": "(",
                    "value": "(",
                    "valueText": "(",
                    "hasLeadingTrivia": true,
                    "leadingTrivia": [
                        {
                            "kind": "WhitespaceTrivia",
                            "fullStart": 466,
                            "fullEnd": 467,
                            "text": " "
                        }
                    ]
                },
                "condition": {
                    "kind": "BinaryExpression",
                    "start": 468,
                    "end": 502,
                    "width": 34,
                    "left": {
                        "kind": "InvocationExpression",
                        "start": 468,
                        "end": 498,
                        "width": 30,
                        "expression": {
                            "kind": "MemberAccessExpression",
                            "start": 468,
                            "end": 488,
                            "width": 20,
                            "expression": {
                                "kind": "StringLiteral",
                                "fullStart": 468,
                                "start": 468,
                                "fullWidth": 12,
                                "width": 12,
                                "text": "\"$$abcdabcd\"",
                                "value": "$$abcdabcd",
                                "valueText": "$$abcdabcd"
                            },
                            "dotToken": {
                                "kind": "DotToken",
                                "fullStart": 480,
                                "start": 480,
                                "fullWidth": 1,
                                "width": 1,
                                "text": ".",
                                "value": ".",
                                "valueText": "."
                            },
                            "name": {
                                "kind": "IdentifierName",
                                "fullStart": 481,
                                "start": 481,
                                "fullWidth": 7,
                                "width": 7,
                                "text": "indexOf",
                                "value": "indexOf",
                                "valueText": "indexOf"
                            }
                        },
                        "argumentList": {
                            "kind": "ArgumentList",
                            "start": 488,
                            "end": 498,
                            "width": 10,
                            "openParenToken": {
                                "kind": "OpenParenToken",
                                "fullStart": 488,
                                "start": 488,
                                "fullWidth": 1,
                                "width": 1,
                                "text": "(",
                                "value": "(",
                                "valueText": "("
                            },
                            "arguments": [
                                {
                                    "kind": "StringLiteral",
                                    "fullStart": 489,
                                    "start": 489,
                                    "fullWidth": 4,
                                    "width": 4,
                                    "text": "\"ab\"",
                                    "value": "ab",
                                    "valueText": "ab"
                                },
                                {
                                    "kind": "CommaToken",
                                    "fullStart": 493,
                                    "start": 493,
                                    "fullWidth": 1,
                                    "width": 1,
                                    "text": ",",
                                    "value": ",",
                                    "valueText": ","
                                },
                                {
                                    "kind": "IdentifierName",
                                    "fullStart": 494,
                                    "start": 494,
                                    "fullWidth": 3,
                                    "width": 3,
                                    "text": "NaN",
                                    "value": "NaN",
                                    "valueText": "NaN"
                                }
                            ],
                            "closeParenToken": {
                                "kind": "CloseParenToken",
                                "fullStart": 497,
                                "start": 497,
                                "fullWidth": 1,
                                "width": 1,
                                "text": ")",
                                "value": ")",
                                "valueText": ")"
                            }
                        }
                    },
                    "operatorToken": {
                        "kind": "ExclamationEqualsEqualsToken",
                        "fullStart": 498,
                        "start": 498,
                        "fullWidth": 3,
                        "width": 3,
                        "text": "!==",
                        "value": "!==",
                        "valueText": "!=="
                    },
                    "right": {
                        "kind": "NumericLiteral",
                        "fullStart": 501,
                        "start": 501,
                        "fullWidth": 1,
                        "width": 1,
                        "text": "2",
                        "value": 2,
                        "valueText": "2"
                    }
                },
                "closeParenToken": {
                    "kind": "CloseParenToken",
                    "fullStart": 502,
                    "start": 502,
                    "fullWidth": 1,
                    "width": 1,
                    "text": ")",
                    "value": ")",
                    "valueText": ")"
                },
                "statement": {
                    "kind": "Block",
                    "start": 504,
                    "end": 603,
                    "width": 99,
                    "openBraceToken": {
                        "kind": "OpenBraceToken",
                        "fullStart": 503,
                        "start": 504,
                        "fullWidth": 2,
                        "width": 1,
                        "text": "{",
                        "value": "{",
                        "valueText": "{",
                        "hasLeadingTrivia": true,
                        "leadingTrivia": [
                            {
                                "kind": "WhitespaceTrivia",
                                "fullStart": 503,
                                "fullEnd": 504,
                                "text": " "
                            }
                        ]
                    },
                    "statements": [
                        {
                            "kind": "ExpressionStatement",
                            "start": 508,
                            "end": 600,
                            "width": 92,
                            "expression": {
                                "kind": "InvocationExpression",
                                "start": 508,
                                "end": 599,
                                "width": 91,
                                "expression": {
                                    "kind": "IdentifierName",
                                    "fullStart": 505,
                                    "start": 508,
                                    "fullWidth": 9,
                                    "width": 6,
                                    "text": "$ERROR",
                                    "value": "$ERROR",
                                    "valueText": "$ERROR",
                                    "hasLeadingTrivia": true,
                                    "hasLeadingNewLine": true,
                                    "leadingTrivia": [
                                        {
                                            "kind": "NewLineTrivia",
                                            "fullStart": 505,
                                            "fullEnd": 506,
                                            "text": "\n"
                                        },
                                        {
                                            "kind": "WhitespaceTrivia",
                                            "fullStart": 506,
                                            "fullEnd": 508,
                                            "text": "  "
                                        }
                                    ]
                                },
                                "argumentList": {
                                    "kind": "ArgumentList",
                                    "start": 514,
                                    "end": 599,
                                    "width": 85,
                                    "openParenToken": {
                                        "kind": "OpenParenToken",
                                        "fullStart": 514,
                                        "start": 514,
                                        "fullWidth": 1,
                                        "width": 1,
                                        "text": "(",
                                        "value": "(",
                                        "valueText": "("
                                    },
                                    "arguments": [
                                        {
                                            "kind": "BinaryExpression",
                                            "start": 515,
                                            "end": 598,
                                            "width": 83,
                                            "left": {
                                                "kind": "StringLiteral",
                                                "fullStart": 515,
                                                "start": 515,
                                                "fullWidth": 50,
                                                "width": 50,
                                                "text": "'#1: \"$$abcdabcd\".indexOf(\"ab\",NaN)===2. Actual: '",
                                                "value": "#1: \"$$abcdabcd\".indexOf(\"ab\",NaN)===2. Actual: ",
                                                "valueText": "#1: \"$$abcdabcd\".indexOf(\"ab\",NaN)===2. Actual: "
                                            },
                                            "operatorToken": {
                                                "kind": "PlusToken",
                                                "fullStart": 565,
                                                "start": 565,
                                                "fullWidth": 1,
                                                "width": 1,
                                                "text": "+",
                                                "value": "+",
                                                "valueText": "+"
                                            },
                                            "right": {
                                                "kind": "ParenthesizedExpression",
                                                "start": 566,
                                                "end": 598,
                                                "width": 32,
                                                "openParenToken": {
                                                    "kind": "OpenParenToken",
                                                    "fullStart": 566,
                                                    "start": 566,
                                                    "fullWidth": 1,
                                                    "width": 1,
                                                    "text": "(",
                                                    "value": "(",
                                                    "valueText": "("
                                                },
                                                "expression": {
                                                    "kind": "InvocationExpression",
                                                    "start": 567,
                                                    "end": 597,
                                                    "width": 30,
                                                    "expression": {
                                                        "kind": "MemberAccessExpression",
                                                        "start": 567,
                                                        "end": 587,
                                                        "width": 20,
                                                        "expression": {
                                                            "kind": "StringLiteral",
                                                            "fullStart": 567,
                                                            "start": 567,
                                                            "fullWidth": 12,
                                                            "width": 12,
                                                            "text": "\"$$abcdabcd\"",
                                                            "value": "$$abcdabcd",
                                                            "valueText": "$$abcdabcd"
                                                        },
                                                        "dotToken": {
                                                            "kind": "DotToken",
                                                            "fullStart": 579,
                                                            "start": 579,
                                                            "fullWidth": 1,
                                                            "width": 1,
                                                            "text": ".",
                                                            "value": ".",
                                                            "valueText": "."
                                                        },
                                                        "name": {
                                                            "kind": "IdentifierName",
                                                            "fullStart": 580,
                                                            "start": 580,
                                                            "fullWidth": 7,
                                                            "width": 7,
                                                            "text": "indexOf",
                                                            "value": "indexOf",
                                                            "valueText": "indexOf"
                                                        }
                                                    },
                                                    "argumentList": {
                                                        "kind": "ArgumentList",
                                                        "start": 587,
                                                        "end": 597,
                                                        "width": 10,
                                                        "openParenToken": {
                                                            "kind": "OpenParenToken",
                                                            "fullStart": 587,
                                                            "start": 587,
                                                            "fullWidth": 1,
                                                            "width": 1,
                                                            "text": "(",
                                                            "value": "(",
                                                            "valueText": "("
                                                        },
                                                        "arguments": [
                                                            {
                                                                "kind": "StringLiteral",
                                                                "fullStart": 588,
                                                                "start": 588,
                                                                "fullWidth": 4,
                                                                "width": 4,
                                                                "text": "\"ab\"",
                                                                "value": "ab",
                                                                "valueText": "ab"
                                                            },
                                                            {
                                                                "kind": "CommaToken",
                                                                "fullStart": 592,
                                                                "start": 592,
                                                                "fullWidth": 1,
                                                                "width": 1,
                                                                "text": ",",
                                                                "value": ",",
                                                                "valueText": ","
                                                            },
                                                            {
                                                                "kind": "IdentifierName",
                                                                "fullStart": 593,
                                                                "start": 593,
                                                                "fullWidth": 3,
                                                                "width": 3,
                                                                "text": "NaN",
                                                                "value": "NaN",
                                                                "valueText": "NaN"
                                                            }
                                                        ],
                                                        "closeParenToken": {
                                                            "kind": "CloseParenToken",
                                                            "fullStart": 596,
                                                            "start": 596,
                                                            "fullWidth": 1,
                                                            "width": 1,
                                                            "text": ")",
                                                            "value": ")",
                                                            "valueText": ")"
                                                        }
                                                    }
                                                },
                                                "closeParenToken": {
                                                    "kind": "CloseParenToken",
                                                    "fullStart": 597,
                                                    "start": 597,
                                                    "fullWidth": 1,
                                                    "width": 1,
                                                    "text": ")",
                                                    "value": ")",
                                                    "valueText": ")"
                                                }
                                            }
                                        }
                                    ],
                                    "closeParenToken": {
                                        "kind": "CloseParenToken",
                                        "fullStart": 598,
                                        "start": 598,
                                        "fullWidth": 1,
                                        "width": 1,
                                        "text": ")",
                                        "value": ")",
                                        "valueText": ")"
                                    }
                                }
                            },
                            "semicolonToken": {
                                "kind": "SemicolonToken",
                                "fullStart": 599,
                                "start": 599,
                                "fullWidth": 1,
                                "width": 1,
                                "text": ";",
                                "value": ";",
                                "valueText": ";"
                            }
                        }
                    ],
                    "closeBraceToken": {
                        "kind": "CloseBraceToken",
                        "fullStart": 600,
                        "start": 602,
                        "fullWidth": 3,
                        "width": 1,
                        "text": "}",
                        "value": "}",
                        "valueText": "}",
                        "hasLeadingTrivia": true,
                        "hasLeadingNewLine": true,
                        "leadingTrivia": [
                            {
                                "kind": "WhitespaceTrivia",
                                "fullStart": 600,
                                "fullEnd": 601,
                                "text": " "
                            },
                            {
                                "kind": "NewLineTrivia",
                                "fullStart": 601,
                                "fullEnd": 602,
                                "text": "\n"
                            }
                        ]
                    }
                }
            }
        ],
        "endOfFileToken": {
            "kind": "EndOfFileToken",
            "fullStart": 603,
            "start": 687,
            "fullWidth": 84,
            "width": 0,
            "text": "",
            "hasLeadingTrivia": true,
            "hasLeadingComment": true,
            "hasLeadingNewLine": true,
            "leadingTrivia": [
                {
                    "kind": "NewLineTrivia",
                    "fullStart": 603,
                    "fullEnd": 604,
                    "text": "\n"
                },
                {
                    "kind": "SingleLineCommentTrivia",
                    "fullStart": 604,
                    "fullEnd": 606,
                    "text": "//"
                },
                {
                    "kind": "NewLineTrivia",
                    "fullStart": 606,
                    "fullEnd": 607,
                    "text": "\n"
                },
                {
                    "kind": "SingleLineCommentTrivia",
                    "fullStart": 607,
                    "fullEnd": 685,
                    "text": "//////////////////////////////////////////////////////////////////////////////"
                },
                {
                    "kind": "NewLineTrivia",
                    "fullStart": 685,
                    "fullEnd": 686,
                    "text": "\n"
                },
                {
                    "kind": "NewLineTrivia",
                    "fullStart": 686,
                    "fullEnd": 687,
                    "text": "\n"
                }
            ]
        }
    },
    "lineMap": {
        "lineStarts": [
            0,
            61,
            132,
            133,
            137,
            244,
            247,
            301,
            370,
            374,
            375,
            454,
            464,
            506,
            602,
            604,
            607,
            686,
            687
        ],
        "length": 687
    }
}