{
    "isDeclaration": false,
    "languageVersion": "EcmaScript5",
    "sourceUnit": {
        "kind": "SourceUnit",
        "start": 286,
        "end": 436,
        "width": 150,
        "moduleElements": [
            {
                "kind": "IfStatement",
                "start": 286,
                "end": 433,
                "width": 147,
                "ifKeyword": {
                    "kind": "IfKeyword",
                    "fullStart": 0,
                    "start": 286,
                    "fullWidth": 288,
                    "width": 2,
                    "text": "if",
                    "value": "if",
                    "valueText": "if",
                    "hasLeadingTrivia": true,
                    "hasLeadingComment": true,
                    "hasLeadingNewLine": true,
                    "leadingTrivia": [
                        {
                            "kind": "SingleLineCommentTrivia",
                            "fullStart": 0,
                            "fullEnd": 60,
                            "text": "// Copyright 2009 the Sputnik authors.  All rights reserved."
                        },
                        {
                            "kind": "NewLineTrivia",
                            "fullStart": 60,
                            "fullEnd": 61,
                            "text": "\n"
                        },
                        {
                            "kind": "SingleLineCommentTrivia",
                            "fullStart": 61,
                            "fullEnd": 131,
                            "text": "// This code is governed by the BSD license found in the LICENSE file."
                        },
                        {
                            "kind": "NewLineTrivia",
                            "fullStart": 131,
                            "fullEnd": 132,
                            "text": "\n"
                        },
                        {
                            "kind": "NewLineTrivia",
                            "fullStart": 132,
                            "fullEnd": 133,
                            "text": "\n"
                        },
                        {
                            "kind": "MultiLineCommentTrivia",
                            "fullStart": 133,
                            "fullEnd": 274,
                            "text": "/**\n * The length property of toString is 0\n *\n * @path ch15/15.4/15.4.4/15.4.4.2/S15.4.4.2_A4.4.js\n * @description toString.length === 1\n */"
                        },
                        {
                            "kind": "NewLineTrivia",
                            "fullStart": 274,
                            "fullEnd": 275,
                            "text": "\n"
                        },
                        {
                            "kind": "NewLineTrivia",
                            "fullStart": 275,
                            "fullEnd": 276,
                            "text": "\n"
                        },
                        {
                            "kind": "SingleLineCommentTrivia",
                            "fullStart": 276,
                            "fullEnd": 285,
                            "text": "//CHECK#1"
                        },
                        {
                            "kind": "NewLineTrivia",
                            "fullStart": 285,
                            "fullEnd": 286,
                            "text": "\n"
                        }
                    ]
                },
                "openParenToken": {
                    "kind": "OpenParenToken",
                    "fullStart": 288,
                    "start": 289,
                    "fullWidth": 2,
                    "width": 1,
                    "text": "(",
                    "value": "(",
                    "valueText": "(",
                    "hasLeadingTrivia": true,
                    "leadingTrivia": [
                        {
                            "kind": "WhitespaceTrivia",
                            "fullStart": 288,
                            "fullEnd": 289,
                            "text": " "
                        }
                    ]
                },
                "condition": {
                    "kind": "BinaryExpression",
                    "start": 290,
                    "end": 327,
                    "width": 37,
                    "left": {
                        "kind": "MemberAccessExpression",
                        "start": 290,
                        "end": 321,
                        "width": 31,
                        "expression": {
                            "kind": "MemberAccessExpression",
                            "start": 290,
                            "end": 314,
                            "width": 24,
                            "expression": {
                                "kind": "MemberAccessExpression",
                                "start": 290,
                                "end": 305,
                                "width": 15,
                                "expression": {
                                    "kind": "IdentifierName",
                                    "fullStart": 290,
                                    "start": 290,
                                    "fullWidth": 5,
                                    "width": 5,
                                    "text": "Array",
                                    "value": "Array",
                                    "valueText": "Array"
                                },
                                "dotToken": {
                                    "kind": "DotToken",
                                    "fullStart": 295,
                                    "start": 295,
                                    "fullWidth": 1,
                                    "width": 1,
                                    "text": ".",
                                    "value": ".",
                                    "valueText": "."
                                },
                                "name": {
                                    "kind": "IdentifierName",
                                    "fullStart": 296,
                                    "start": 296,
                                    "fullWidth": 9,
                                    "width": 9,
                                    "text": "prototype",
                                    "value": "prototype",
                                    "valueText": "prototype"
                                }
                            },
                            "dotToken": {
                                "kind": "DotToken",
                                "fullStart": 305,
                                "start": 305,
                                "fullWidth": 1,
                                "width": 1,
                                "text": ".",
                                "value": ".",
                                "valueText": "."
                            },
                            "name": {
                                "kind": "IdentifierName",
                                "fullStart": 306,
                                "start": 306,
                                "fullWidth": 8,
                                "width": 8,
                                "text": "toString",
                                "value": "toString",
                                "valueText": "toString"
                            }
                        },
                        "dotToken": {
                            "kind": "DotToken",
                            "fullStart": 314,
                            "start": 314,
                            "fullWidth": 1,
                            "width": 1,
                            "text": ".",
                            "value": ".",
                            "valueText": "."
                        },
                        "name": {
                            "kind": "IdentifierName",
                            "fullStart": 315,
                            "start": 315,
                            "fullWidth": 6,
                            "width": 6,
                            "text": "length",
                            "value": "length",
                            "valueText": "length"
                        }
                    },
                    "operatorToken": {
                        "kind": "ExclamationEqualsEqualsToken",
                        "fullStart": 321,
                        "start": 322,
                        "fullWidth": 4,
                        "width": 3,
                        "text": "!==",
                        "value": "!==",
                        "valueText": "!==",
                        "hasLeadingTrivia": true,
                        "leadingTrivia": [
                            {
                                "kind": "WhitespaceTrivia",
                                "fullStart": 321,
                                "fullEnd": 322,
                                "text": " "
                            }
                        ]
                    },
                    "right": {
                        "kind": "NumericLiteral",
                        "fullStart": 325,
                        "start": 326,
                        "fullWidth": 2,
                        "width": 1,
                        "text": "0",
                        "value": 0,
                        "valueText": "0",
                        "hasLeadingTrivia": true,
                        "leadingTrivia": [
                            {
                                "kind": "WhitespaceTrivia",
                                "fullStart": 325,
                                "fullEnd": 326,
                                "text": " "
                            }
                        ]
                    }
                },
                "closeParenToken": {
                    "kind": "CloseParenToken",
                    "fullStart": 327,
                    "start": 327,
                    "fullWidth": 1,
                    "width": 1,
                    "text": ")",
                    "value": ")",
                    "valueText": ")"
                },
                "statement": {
                    "kind": "Block",
                    "start": 329,
                    "end": 433,
                    "width": 104,
                    "openBraceToken": {
                        "kind": "OpenBraceToken",
                        "fullStart": 328,
                        "start": 329,
                        "fullWidth": 2,
                        "width": 1,
                        "text": "{",
                        "value": "{",
                        "valueText": "{",
                        "hasLeadingTrivia": true,
                        "leadingTrivia": [
                            {
                                "kind": "WhitespaceTrivia",
                                "fullStart": 328,
                                "fullEnd": 329,
                                "text": " "
                            }
                        ]
                    },
                    "statements": [
                        {
                            "kind": "ExpressionStatement",
                            "start": 333,
                            "end": 431,
                            "width": 98,
                            "expression": {
                                "kind": "InvocationExpression",
                                "start": 333,
                                "end": 430,
                                "width": 97,
                                "expression": {
                                    "kind": "IdentifierName",
                                    "fullStart": 330,
                                    "start": 333,
                                    "fullWidth": 9,
                                    "width": 6,
                                    "text": "$ERROR",
                                    "value": "$ERROR",
                                    "valueText": "$ERROR",
                                    "hasLeadingTrivia": true,
                                    "hasLeadingNewLine": true,
                                    "leadingTrivia": [
                                        {
                                            "kind": "NewLineTrivia",
                                            "fullStart": 330,
                                            "fullEnd": 331,
                                            "text": "\n"
                                        },
                                        {
                                            "kind": "WhitespaceTrivia",
                                            "fullStart": 331,
                                            "fullEnd": 333,
                                            "text": "  "
                                        }
                                    ]
                                },
                                "argumentList": {
                                    "kind": "ArgumentList",
                                    "start": 339,
                                    "end": 430,
                                    "width": 91,
                                    "openParenToken": {
                                        "kind": "OpenParenToken",
                                        "fullStart": 339,
                                        "start": 339,
                                        "fullWidth": 1,
                                        "width": 1,
                                        "text": "(",
                                        "value": "(",
                                        "valueText": "("
                                    },
                                    "arguments": [
                                        {
                                            "kind": "BinaryExpression",
                                            "start": 340,
                                            "end": 429,
                                            "width": 89,
                                            "left": {
                                                "kind": "StringLiteral",
                                                "fullStart": 340,
                                                "start": 340,
                                                "fullWidth": 53,
                                                "width": 53,
                                                "text": "'#1: Array.prototype.toString.length === 0. Actual: '",
                                                "value": "#1: Array.prototype.toString.length === 0. Actual: ",
                                                "valueText": "#1: Array.prototype.toString.length === 0. Actual: "
                                            },
                                            "operatorToken": {
                                                "kind": "PlusToken",
                                                "fullStart": 393,
                                                "start": 394,
                                                "fullWidth": 2,
                                                "width": 1,
                                                "text": "+",
                                                "value": "+",
                                                "valueText": "+",
                                                "hasLeadingTrivia": true,
                                                "leadingTrivia": [
                                                    {
                                                        "kind": "WhitespaceTrivia",
                                                        "fullStart": 393,
                                                        "fullEnd": 394,
                                                        "text": " "
                                                    }
                                                ]
                                            },
                                            "right": {
                                                "kind": "ParenthesizedExpression",
                                                "start": 396,
                                                "end": 429,
                                                "width": 33,
                                                "openParenToken": {
                                                    "kind": "OpenParenToken",
                                                    "fullStart": 395,
                                                    "start": 396,
                                                    "fullWidth": 2,
                                                    "width": 1,
                                                    "text": "(",
                                                    "value": "(",
                                                    "valueText": "(",
                                                    "hasLeadingTrivia": true,
                                                    "leadingTrivia": [
                                                        {
                                                            "kind": "WhitespaceTrivia",
                                                            "fullStart": 395,
                                                            "fullEnd": 396,
                                                            "text": " "
                                                        }
                                                    ]
                                                },
                                                "expression": {
                                                    "kind": "MemberAccessExpression",
                                                    "start": 397,
                                                    "end": 428,
                                                    "width": 31,
                                                    "expression": {
                                                        "kind": "MemberAccessExpression",
                                                        "start": 397,
                                                        "end": 421,
                                                        "width": 24,
                                                        "expression": {
                                                            "kind": "MemberAccessExpression",
                                                            "start": 397,
                                                            "end": 412,
                                                            "width": 15,
                                                            "expression": {
                                                                "kind": "IdentifierName",
                                                                "fullStart": 397,
                                                                "start": 397,
                                                                "fullWidth": 5,
                                                                "width": 5,
                                                                "text": "Array",
                                                                "value": "Array",
                                                                "valueText": "Array"
                                                            },
                                                            "dotToken": {
                                                                "kind": "DotToken",
                                                                "fullStart": 402,
                                                                "start": 402,
                                                                "fullWidth": 1,
                                                                "width": 1,
                                                                "text": ".",
                                                                "value": ".",
                                                                "valueText": "."
                                                            },
                                                            "name": {
                                                                "kind": "IdentifierName",
                                                                "fullStart": 403,
                                                                "start": 403,
                                                                "fullWidth": 9,
                                                                "width": 9,
                                                                "text": "prototype",
                                                                "value": "prototype",
                                                                "valueText": "prototype"
                                                            }
                                                        },
                                                        "dotToken": {
                                                            "kind": "DotToken",
                                                            "fullStart": 412,
                                                            "start": 412,
                                                            "fullWidth": 1,
                                                            "width": 1,
                                                            "text": ".",
                                                            "value": ".",
                                                            "valueText": "."
                                                        },
                                                        "name": {
                                                            "kind": "IdentifierName",
                                                            "fullStart": 413,
                                                            "start": 413,
                                                            "fullWidth": 8,
                                                            "width": 8,
                                                            "text": "toString",
                                                            "value": "toString",
                                                            "valueText": "toString"
                                                        }
                                                    },
                                                    "dotToken": {
                                                        "kind": "DotToken",
                                                        "fullStart": 421,
                                                        "start": 421,
                                                        "fullWidth": 1,
                                                        "width": 1,
                                                        "text": ".",
                                                        "value": ".",
                                                        "valueText": "."
                                                    },
                                                    "name": {
                                                        "kind": "IdentifierName",
                                                        "fullStart": 422,
                                                        "start": 422,
                                                        "fullWidth": 6,
                                                        "width": 6,
                                                        "text": "length",
                                                        "value": "length",
                                                        "valueText": "length"
                                                    }
                                                },
                                                "closeParenToken": {
                                                    "kind": "CloseParenToken",
                                                    "fullStart": 428,
                                                    "start": 428,
                                                    "fullWidth": 1,
                                                    "width": 1,
                                                    "text": ")",
                                                    "value": ")",
                                                    "valueText": ")"
                                                }
                                            }
                                        }
                                    ],
                                    "closeParenToken": {
                                        "kind": "CloseParenToken",
                                        "fullStart": 429,
                                        "start": 429,
                                        "fullWidth": 1,
                                        "width": 1,
                                        "text": ")",
                                        "value": ")",
                                        "valueText": ")"
                                    }
                                }
                            },
                            "semicolonToken": {
                                "kind": "SemicolonToken",
                                "fullStart": 430,
                                "start": 430,
                                "fullWidth": 1,
                                "width": 1,
                                "text": ";",
                                "value": ";",
                                "valueText": ";"
                            }
                        }
                    ],
                    "closeBraceToken": {
                        "kind": "CloseBraceToken",
                        "fullStart": 431,
                        "start": 432,
                        "fullWidth": 2,
                        "width": 1,
                        "text": "}",
                        "value": "}",
                        "valueText": "}",
                        "hasLeadingTrivia": true,
                        "hasLeadingNewLine": true,
                        "leadingTrivia": [
                            {
                                "kind": "NewLineTrivia",
                                "fullStart": 431,
                                "fullEnd": 432,
                                "text": "\n"
                            }
                        ]
                    }
                }
            }
        ],
        "endOfFileToken": {
            "kind": "EndOfFileToken",
            "fullStart": 433,
            "start": 436,
            "fullWidth": 3,
            "width": 0,
            "text": "",
            "hasLeadingTrivia": true,
            "hasLeadingNewLine": true,
            "leadingTrivia": [
                {
                    "kind": "NewLineTrivia",
                    "fullStart": 433,
                    "fullEnd": 434,
                    "text": "\n"
                },
                {
                    "kind": "NewLineTrivia",
                    "fullStart": 434,
                    "fullEnd": 435,
                    "text": "\n"
                },
                {
                    "kind": "NewLineTrivia",
                    "fullStart": 435,
                    "fullEnd": 436,
                    "text": "\n"
                }
            ]
        }
    },
    "lineMap": {
        "lineStarts": [
            0,
            61,
            132,
            133,
            137,
            177,
            180,
            233,
            271,
            275,
            276,
            286,
            331,
            432,
            434,
            435,
            436
        ],
        "length": 436
    }
}