{
    "isDeclaration": false,
    "languageVersion": "EcmaScript5",
    "sourceUnit": {
        "kind": "SourceUnit",
        "start": 290,
        "end": 467,
        "width": 177,
        "moduleElements": [
            {
                "kind": "IfStatement",
                "start": 290,
                "end": 465,
                "width": 175,
                "ifKeyword": {
                    "kind": "IfKeyword",
                    "fullStart": 0,
                    "start": 290,
                    "fullWidth": 292,
                    "width": 2,
                    "text": "if",
                    "value": "if",
                    "valueText": "if",
                    "hasLeadingTrivia": true,
                    "hasLeadingComment": true,
                    "hasLeadingNewLine": true,
                    "leadingTrivia": [
                        {
                            "kind": "SingleLineCommentTrivia",
                            "fullStart": 0,
                            "fullEnd": 60,
                            "text": "// Copyright 2011 the Sputnik authors.  All rights reserved."
                        },
                        {
                            "kind": "NewLineTrivia",
                            "fullStart": 60,
                            "fullEnd": 61,
                            "text": "\n"
                        },
                        {
                            "kind": "SingleLineCommentTrivia",
                            "fullStart": 61,
                            "fullEnd": 131,
                            "text": "// This code is governed by the BSD license found in the LICENSE file."
                        },
                        {
                            "kind": "NewLineTrivia",
                            "fullStart": 131,
                            "fullEnd": 132,
                            "text": "\n"
                        },
                        {
                            "kind": "NewLineTrivia",
                            "fullStart": 132,
                            "fullEnd": 133,
                            "text": "\n"
                        },
                        {
                            "kind": "MultiLineCommentTrivia",
                            "fullStart": 133,
                            "fullEnd": 288,
                            "text": "/**\n * @path ch15/15.2/15.2.4/15.2.4.2/S15.2.4.2_A15.js\n * @description Let O be the result of calling ToObject passing the this value as the argument.\n */"
                        },
                        {
                            "kind": "NewLineTrivia",
                            "fullStart": 288,
                            "fullEnd": 289,
                            "text": "\n"
                        },
                        {
                            "kind": "NewLineTrivia",
                            "fullStart": 289,
                            "fullEnd": 290,
                            "text": "\n"
                        }
                    ]
                },
                "openParenToken": {
                    "kind": "OpenParenToken",
                    "fullStart": 292,
                    "start": 293,
                    "fullWidth": 2,
                    "width": 1,
                    "text": "(",
                    "value": "(",
                    "valueText": "(",
                    "hasLeadingTrivia": true,
                    "leadingTrivia": [
                        {
                            "kind": "WhitespaceTrivia",
                            "fullStart": 292,
                            "fullEnd": 293,
                            "text": " "
                        }
                    ]
                },
                "condition": {
                    "kind": "BinaryExpression",
                    "start": 294,
                    "end": 353,
                    "width": 59,
                    "left": {
                        "kind": "InvocationExpression",
                        "start": 294,
                        "end": 330,
                        "width": 36,
                        "expression": {
                            "kind": "MemberAccessExpression",
                            "start": 294,
                            "end": 324,
                            "width": 30,
                            "expression": {
                                "kind": "MemberAccessExpression",
                                "start": 294,
                                "end": 319,
                                "width": 25,
                                "expression": {
                                    "kind": "MemberAccessExpression",
                                    "start": 294,
                                    "end": 310,
                                    "width": 16,
                                    "expression": {
                                        "kind": "IdentifierName",
                                        "fullStart": 294,
                                        "start": 294,
                                        "fullWidth": 6,
                                        "width": 6,
                                        "text": "Object",
                                        "value": "Object",
                                        "valueText": "Object"
                                    },
                                    "dotToken": {
                                        "kind": "DotToken",
                                        "fullStart": 300,
                                        "start": 300,
                                        "fullWidth": 1,
                                        "width": 1,
                                        "text": ".",
                                        "value": ".",
                                        "valueText": "."
                                    },
                                    "name": {
                                        "kind": "IdentifierName",
                                        "fullStart": 301,
                                        "start": 301,
                                        "fullWidth": 9,
                                        "width": 9,
                                        "text": "prototype",
                                        "value": "prototype",
                                        "valueText": "prototype"
                                    }
                                },
                                "dotToken": {
                                    "kind": "DotToken",
                                    "fullStart": 310,
                                    "start": 310,
                                    "fullWidth": 1,
                                    "width": 1,
                                    "text": ".",
                                    "value": ".",
                                    "valueText": "."
                                },
                                "name": {
                                    "kind": "IdentifierName",
                                    "fullStart": 311,
                                    "start": 311,
                                    "fullWidth": 8,
                                    "width": 8,
                                    "text": "toString",
                                    "value": "toString",
                                    "valueText": "toString"
                                }
                            },
                            "dotToken": {
                                "kind": "DotToken",
                                "fullStart": 319,
                                "start": 319,
                                "fullWidth": 1,
                                "width": 1,
                                "text": ".",
                                "value": ".",
                                "valueText": "."
                            },
                            "name": {
                                "kind": "IdentifierName",
                                "fullStart": 320,
                                "start": 320,
                                "fullWidth": 4,
                                "width": 4,
                                "text": "call",
                                "value": "call",
                                "valueText": "call"
                            }
                        },
                        "argumentList": {
                            "kind": "ArgumentList",
                            "start": 324,
                            "end": 330,
                            "width": 6,
                            "openParenToken": {
                                "kind": "OpenParenToken",
                                "fullStart": 324,
                                "start": 324,
                                "fullWidth": 1,
                                "width": 1,
                                "text": "(",
                                "value": "(",
                                "valueText": "("
                            },
                            "arguments": [
                                {
                                    "kind": "TrueKeyword",
                                    "fullStart": 325,
                                    "start": 325,
                                    "fullWidth": 4,
                                    "width": 4,
                                    "text": "true",
                                    "value": true,
                                    "valueText": "true"
                                }
                            ],
                            "closeParenToken": {
                                "kind": "CloseParenToken",
                                "fullStart": 329,
                                "start": 329,
                                "fullWidth": 1,
                                "width": 1,
                                "text": ")",
                                "value": ")",
                                "valueText": ")"
                            }
                        }
                    },
                    "operatorToken": {
                        "kind": "ExclamationEqualsEqualsToken",
                        "fullStart": 330,
                        "start": 331,
                        "fullWidth": 4,
                        "width": 3,
                        "text": "!==",
                        "value": "!==",
                        "valueText": "!==",
                        "hasLeadingTrivia": true,
                        "leadingTrivia": [
                            {
                                "kind": "WhitespaceTrivia",
                                "fullStart": 330,
                                "fullEnd": 331,
                                "text": " "
                            }
                        ]
                    },
                    "right": {
                        "kind": "StringLiteral",
                        "fullStart": 334,
                        "start": 335,
                        "fullWidth": 19,
                        "width": 18,
                        "text": "\"[object Boolean]\"",
                        "value": "[object Boolean]",
                        "valueText": "[object Boolean]",
                        "hasLeadingTrivia": true,
                        "leadingTrivia": [
                            {
                                "kind": "WhitespaceTrivia",
                                "fullStart": 334,
                                "fullEnd": 335,
                                "text": " "
                            }
                        ]
                    }
                },
                "closeParenToken": {
                    "kind": "CloseParenToken",
                    "fullStart": 353,
                    "start": 353,
                    "fullWidth": 1,
                    "width": 1,
                    "text": ")",
                    "value": ")",
                    "valueText": ")"
                },
                "statement": {
                    "kind": "Block",
                    "start": 355,
                    "end": 465,
                    "width": 110,
                    "openBraceToken": {
                        "kind": "OpenBraceToken",
                        "fullStart": 354,
                        "start": 355,
                        "fullWidth": 2,
                        "width": 1,
                        "text": "{",
                        "value": "{",
                        "valueText": "{",
                        "hasLeadingTrivia": true,
                        "leadingTrivia": [
                            {
                                "kind": "WhitespaceTrivia",
                                "fullStart": 354,
                                "fullEnd": 355,
                                "text": " "
                            }
                        ]
                    },
                    "statements": [
                        {
                            "kind": "ExpressionStatement",
                            "start": 359,
                            "end": 463,
                            "width": 104,
                            "expression": {
                                "kind": "InvocationExpression",
                                "start": 359,
                                "end": 462,
                                "width": 103,
                                "expression": {
                                    "kind": "IdentifierName",
                                    "fullStart": 356,
                                    "start": 359,
                                    "fullWidth": 9,
                                    "width": 6,
                                    "text": "$ERROR",
                                    "value": "$ERROR",
                                    "valueText": "$ERROR",
                                    "hasLeadingTrivia": true,
                                    "hasLeadingNewLine": true,
                                    "leadingTrivia": [
                                        {
                                            "kind": "NewLineTrivia",
                                            "fullStart": 356,
                                            "fullEnd": 357,
                                            "text": "\n"
                                        },
                                        {
                                            "kind": "WhitespaceTrivia",
                                            "fullStart": 357,
                                            "fullEnd": 359,
                                            "text": "  "
                                        }
                                    ]
                                },
                                "argumentList": {
                                    "kind": "ArgumentList",
                                    "start": 365,
                                    "end": 462,
                                    "width": 97,
                                    "openParenToken": {
                                        "kind": "OpenParenToken",
                                        "fullStart": 365,
                                        "start": 365,
                                        "fullWidth": 1,
                                        "width": 1,
                                        "text": "(",
                                        "value": "(",
                                        "valueText": "("
                                    },
                                    "arguments": [
                                        {
                                            "kind": "BinaryExpression",
                                            "start": 366,
                                            "end": 461,
                                            "width": 95,
                                            "left": {
                                                "kind": "StringLiteral",
                                                "fullStart": 366,
                                                "start": 366,
                                                "fullWidth": 59,
                                                "width": 59,
                                                "text": "'Let O be the result of calling ToObject passing the this '",
                                                "value": "Let O be the result of calling ToObject passing the this ",
                                                "valueText": "Let O be the result of calling ToObject passing the this "
                                            },
                                            "operatorToken": {
                                                "kind": "PlusToken",
                                                "fullStart": 425,
                                                "start": 426,
                                                "fullWidth": 2,
                                                "width": 1,
                                                "text": "+",
                                                "value": "+",
                                                "valueText": "+",
                                                "hasLeadingTrivia": true,
                                                "leadingTrivia": [
                                                    {
                                                        "kind": "WhitespaceTrivia",
                                                        "fullStart": 425,
                                                        "fullEnd": 426,
                                                        "text": " "
                                                    }
                                                ]
                                            },
                                            "right": {
                                                "kind": "StringLiteral",
                                                "fullStart": 427,
                                                "start": 437,
                                                "fullWidth": 34,
                                                "width": 24,
                                                "text": "'value as the argument.'",
                                                "value": "value as the argument.",
                                                "valueText": "value as the argument.",
                                                "hasLeadingTrivia": true,
                                                "hasLeadingNewLine": true,
                                                "leadingTrivia": [
                                                    {
                                                        "kind": "NewLineTrivia",
                                                        "fullStart": 427,
                                                        "fullEnd": 428,
                                                        "text": "\n"
                                                    },
                                                    {
                                                        "kind": "WhitespaceTrivia",
                                                        "fullStart": 428,
                                                        "fullEnd": 437,
                                                        "text": "         "
                                                    }
                                                ]
                                            }
                                        }
                                    ],
                                    "closeParenToken": {
                                        "kind": "CloseParenToken",
                                        "fullStart": 461,
                                        "start": 461,
                                        "fullWidth": 1,
                                        "width": 1,
                                        "text": ")",
                                        "value": ")",
                                        "valueText": ")"
                                    }
                                }
                            },
                            "semicolonToken": {
                                "kind": "SemicolonToken",
                                "fullStart": 462,
                                "start": 462,
                                "fullWidth": 1,
                                "width": 1,
                                "text": ";",
                                "value": ";",
                                "valueText": ";"
                            }
                        }
                    ],
                    "closeBraceToken": {
                        "kind": "CloseBraceToken",
                        "fullStart": 463,
                        "start": 464,
                        "fullWidth": 2,
                        "width": 1,
                        "text": "}",
                        "value": "}",
                        "valueText": "}",
                        "hasLeadingTrivia": true,
                        "hasLeadingNewLine": true,
                        "leadingTrivia": [
                            {
                                "kind": "NewLineTrivia",
                                "fullStart": 463,
                                "fullEnd": 464,
                                "text": "\n"
                            }
                        ]
                    }
                }
            }
        ],
        "endOfFileToken": {
            "kind": "EndOfFileToken",
            "fullStart": 465,
            "start": 467,
            "fullWidth": 2,
            "width": 0,
            "text": "",
            "hasLeadingTrivia": true,
            "hasLeadingNewLine": true,
            "leadingTrivia": [
                {
                    "kind": "NewLineTrivia",
                    "fullStart": 465,
                    "fullEnd": 466,
                    "text": "\n"
                },
                {
                    "kind": "NewLineTrivia",
                    "fullStart": 466,
                    "fullEnd": 467,
                    "text": "\n"
                }
            ]
        }
    },
    "lineMap": {
        "lineStarts": [
            0,
            61,
            132,
            133,
            137,
            189,
            285,
            289,
            290,
            357,
            428,
            464,
            466,
            467
        ],
        "length": 467
    }
}