{
    "isDeclaration": false,
    "languageVersion": "EcmaScript5",
    "sourceUnit": {
        "kind": "SourceUnit",
        "start": 329,
        "end": 582,
        "width": 253,
        "moduleElements": [
            {
                "kind": "IfStatement",
                "start": 329,
                "end": 456,
                "width": 127,
                "ifKeyword": {
                    "kind": "IfKeyword",
                    "fullStart": 0,
                    "start": 329,
                    "fullWidth": 331,
                    "width": 2,
                    "text": "if",
                    "value": "if",
                    "valueText": "if",
                    "hasLeadingTrivia": true,
                    "hasLeadingComment": true,
                    "hasLeadingNewLine": true,
                    "leadingTrivia": [
                        {
                            "kind": "SingleLineCommentTrivia",
                            "fullStart": 0,
                            "fullEnd": 60,
                            "text": "// Copyright 2009 the Sputnik authors.  All rights reserved."
                        },
                        {
                            "kind": "NewLineTrivia",
                            "fullStart": 60,
                            "fullEnd": 61,
                            "text": "\n"
                        },
                        {
                            "kind": "SingleLineCommentTrivia",
                            "fullStart": 61,
                            "fullEnd": 131,
                            "text": "// This code is governed by the BSD license found in the LICENSE file."
                        },
                        {
                            "kind": "NewLineTrivia",
                            "fullStart": 131,
                            "fullEnd": 132,
                            "text": "\n"
                        },
                        {
                            "kind": "NewLineTrivia",
                            "fullStart": 132,
                            "fullEnd": 133,
                            "text": "\n"
                        },
                        {
                            "kind": "MultiLineCommentTrivia",
                            "fullStart": 133,
                            "fullEnd": 317,
                            "text": "/**\n * The length property of the toString method is 0\n *\n * @path ch15/15.2/15.2.4/15.2.4.2/S15.2.4.2_A11.js\n * @description Checking the Object.prototype.toString.length property\n */"
                        },
                        {
                            "kind": "NewLineTrivia",
                            "fullStart": 317,
                            "fullEnd": 318,
                            "text": "\n"
                        },
                        {
                            "kind": "NewLineTrivia",
                            "fullStart": 318,
                            "fullEnd": 319,
                            "text": "\n"
                        },
                        {
                            "kind": "SingleLineCommentTrivia",
                            "fullStart": 319,
                            "fullEnd": 328,
                            "text": "//CHECK#1"
                        },
                        {
                            "kind": "NewLineTrivia",
                            "fullStart": 328,
                            "fullEnd": 329,
                            "text": "\n"
                        }
                    ]
                },
                "openParenToken": {
                    "kind": "OpenParenToken",
                    "fullStart": 331,
                    "start": 332,
                    "fullWidth": 2,
                    "width": 1,
                    "text": "(",
                    "value": "(",
                    "valueText": "(",
                    "hasLeadingTrivia": true,
                    "leadingTrivia": [
                        {
                            "kind": "WhitespaceTrivia",
                            "fullStart": 331,
                            "fullEnd": 332,
                            "text": " "
                        }
                    ]
                },
                "condition": {
                    "kind": "PrefixUnaryExpression",
                    "start": 333,
                    "end": 386,
                    "width": 53,
                    "operatorToken": {
                        "kind": "ExclamationToken",
                        "fullStart": 333,
                        "start": 333,
                        "fullWidth": 1,
                        "width": 1,
                        "text": "!",
                        "value": "!",
                        "valueText": "!"
                    },
                    "operand": {
                        "kind": "ParenthesizedExpression",
                        "start": 334,
                        "end": 386,
                        "width": 52,
                        "openParenToken": {
                            "kind": "OpenParenToken",
                            "fullStart": 334,
                            "start": 334,
                            "fullWidth": 1,
                            "width": 1,
                            "text": "(",
                            "value": "(",
                            "valueText": "("
                        },
                        "expression": {
                            "kind": "InvocationExpression",
                            "start": 335,
                            "end": 385,
                            "width": 50,
                            "expression": {
                                "kind": "PropertyAccessExpression",
                                "start": 335,
                                "end": 375,
                                "width": 40,
                                "expression": {
                                    "kind": "PropertyAccessExpression",
                                    "start": 335,
                                    "end": 360,
                                    "width": 25,
                                    "expression": {
                                        "kind": "PropertyAccessExpression",
                                        "start": 335,
                                        "end": 351,
                                        "width": 16,
                                        "expression": {
                                            "kind": "IdentifierName",
                                            "fullStart": 335,
                                            "start": 335,
                                            "fullWidth": 6,
                                            "width": 6,
                                            "text": "Object",
                                            "value": "Object",
                                            "valueText": "Object"
                                        },
                                        "dotToken": {
                                            "kind": "DotToken",
                                            "fullStart": 341,
                                            "start": 341,
                                            "fullWidth": 1,
                                            "width": 1,
                                            "text": ".",
                                            "value": ".",
                                            "valueText": "."
                                        },
                                        "name": {
                                            "kind": "IdentifierName",
                                            "fullStart": 342,
                                            "start": 342,
                                            "fullWidth": 9,
                                            "width": 9,
                                            "text": "prototype",
                                            "value": "prototype",
                                            "valueText": "prototype"
                                        }
                                    },
                                    "dotToken": {
                                        "kind": "DotToken",
                                        "fullStart": 351,
                                        "start": 351,
                                        "fullWidth": 1,
                                        "width": 1,
                                        "text": ".",
                                        "value": ".",
                                        "valueText": "."
                                    },
                                    "name": {
                                        "kind": "IdentifierName",
                                        "fullStart": 352,
                                        "start": 352,
                                        "fullWidth": 8,
                                        "width": 8,
                                        "text": "toString",
                                        "value": "toString",
                                        "valueText": "toString"
                                    }
                                },
                                "dotToken": {
                                    "kind": "DotToken",
                                    "fullStart": 360,
                                    "start": 360,
                                    "fullWidth": 1,
                                    "width": 1,
                                    "text": ".",
                                    "value": ".",
                                    "valueText": "."
                                },
                                "name": {
                                    "kind": "IdentifierName",
                                    "fullStart": 361,
                                    "start": 361,
                                    "fullWidth": 14,
                                    "width": 14,
                                    "text": "hasOwnProperty",
                                    "value": "hasOwnProperty",
                                    "valueText": "hasOwnProperty"
                                }
                            },
                            "argumentList": {
                                "kind": "ArgumentList",
                                "start": 375,
                                "end": 385,
                                "width": 10,
                                "openParenToken": {
                                    "kind": "OpenParenToken",
                                    "fullStart": 375,
                                    "start": 375,
                                    "fullWidth": 1,
                                    "width": 1,
                                    "text": "(",
                                    "value": "(",
                                    "valueText": "("
                                },
                                "arguments": [
                                    {
                                        "kind": "StringLiteral",
                                        "fullStart": 376,
                                        "start": 376,
                                        "fullWidth": 8,
                                        "width": 8,
                                        "text": "\"length\"",
                                        "value": "length",
                                        "valueText": "length"
                                    }
                                ],
                                "closeParenToken": {
                                    "kind": "CloseParenToken",
                                    "fullStart": 384,
                                    "start": 384,
                                    "fullWidth": 1,
                                    "width": 1,
                                    "text": ")",
                                    "value": ")",
                                    "valueText": ")"
                                }
                            }
                        },
                        "closeParenToken": {
                            "kind": "CloseParenToken",
                            "fullStart": 385,
                            "start": 385,
                            "fullWidth": 1,
                            "width": 1,
                            "text": ")",
                            "value": ")",
                            "valueText": ")"
                        }
                    }
                },
                "closeParenToken": {
                    "kind": "CloseParenToken",
                    "fullStart": 386,
                    "start": 386,
                    "fullWidth": 1,
                    "width": 1,
                    "text": ")",
                    "value": ")",
                    "valueText": ")"
                },
                "statement": {
                    "kind": "Block",
                    "start": 388,
                    "end": 456,
                    "width": 68,
                    "openBraceToken": {
                        "kind": "OpenBraceToken",
                        "fullStart": 387,
                        "start": 388,
                        "fullWidth": 2,
                        "width": 1,
                        "text": "{",
                        "value": "{",
                        "valueText": "{",
                        "hasLeadingTrivia": true,
                        "leadingTrivia": [
                            {
                                "kind": "WhitespaceTrivia",
                                "fullStart": 387,
                                "fullEnd": 388,
                                "text": " "
                            }
                        ]
                    },
                    "statements": [
                        {
                            "kind": "ExpressionStatement",
                            "start": 392,
                            "end": 454,
                            "width": 62,
                            "expression": {
                                "kind": "InvocationExpression",
                                "start": 392,
                                "end": 453,
                                "width": 61,
                                "expression": {
                                    "kind": "IdentifierName",
                                    "fullStart": 389,
                                    "start": 392,
                                    "fullWidth": 9,
                                    "width": 6,
                                    "text": "$ERROR",
                                    "value": "$ERROR",
                                    "valueText": "$ERROR",
                                    "hasLeadingTrivia": true,
                                    "hasLeadingNewLine": true,
                                    "leadingTrivia": [
                                        {
                                            "kind": "NewLineTrivia",
                                            "fullStart": 389,
                                            "fullEnd": 390,
                                            "text": "\n"
                                        },
                                        {
                                            "kind": "WhitespaceTrivia",
                                            "fullStart": 390,
                                            "fullEnd": 392,
                                            "text": "  "
                                        }
                                    ]
                                },
                                "argumentList": {
                                    "kind": "ArgumentList",
                                    "start": 398,
                                    "end": 453,
                                    "width": 55,
                                    "openParenToken": {
                                        "kind": "OpenParenToken",
                                        "fullStart": 398,
                                        "start": 398,
                                        "fullWidth": 1,
                                        "width": 1,
                                        "text": "(",
                                        "value": "(",
                                        "valueText": "("
                                    },
                                    "arguments": [
                                        {
                                            "kind": "StringLiteral",
                                            "fullStart": 399,
                                            "start": 399,
                                            "fullWidth": 53,
                                            "width": 53,
                                            "text": "'#1: The length property of the toString method is 0'",
                                            "value": "#1: The length property of the toString method is 0",
                                            "valueText": "#1: The length property of the toString method is 0"
                                        }
                                    ],
                                    "closeParenToken": {
                                        "kind": "CloseParenToken",
                                        "fullStart": 452,
                                        "start": 452,
                                        "fullWidth": 1,
                                        "width": 1,
                                        "text": ")",
                                        "value": ")",
                                        "valueText": ")"
                                    }
                                }
                            },
                            "semicolonToken": {
                                "kind": "SemicolonToken",
                                "fullStart": 453,
                                "start": 453,
                                "fullWidth": 1,
                                "width": 1,
                                "text": ";",
                                "value": ";",
                                "valueText": ";"
                            }
                        }
                    ],
                    "closeBraceToken": {
                        "kind": "CloseBraceToken",
                        "fullStart": 454,
                        "start": 455,
                        "fullWidth": 2,
                        "width": 1,
                        "text": "}",
                        "value": "}",
                        "valueText": "}",
                        "hasLeadingTrivia": true,
                        "hasLeadingNewLine": true,
                        "leadingTrivia": [
                            {
                                "kind": "NewLineTrivia",
                                "fullStart": 454,
                                "fullEnd": 455,
                                "text": "\n"
                            }
                        ]
                    }
                }
            },
            {
                "kind": "IfStatement",
                "start": 468,
                "end": 580,
                "width": 112,
                "ifKeyword": {
                    "kind": "IfKeyword",
                    "fullStart": 456,
                    "start": 468,
                    "fullWidth": 14,
                    "width": 2,
                    "text": "if",
                    "value": "if",
                    "valueText": "if",
                    "hasLeadingTrivia": true,
                    "hasLeadingComment": true,
                    "hasLeadingNewLine": true,
                    "leadingTrivia": [
                        {
                            "kind": "NewLineTrivia",
                            "fullStart": 456,
                            "fullEnd": 457,
                            "text": "\n"
                        },
                        {
                            "kind": "NewLineTrivia",
                            "fullStart": 457,
                            "fullEnd": 458,
                            "text": "\n"
                        },
                        {
                            "kind": "SingleLineCommentTrivia",
                            "fullStart": 458,
                            "fullEnd": 467,
                            "text": "//CHECK#2"
                        },
                        {
                            "kind": "NewLineTrivia",
                            "fullStart": 467,
                            "fullEnd": 468,
                            "text": "\n"
                        }
                    ]
                },
                "openParenToken": {
                    "kind": "OpenParenToken",
                    "fullStart": 470,
                    "start": 471,
                    "fullWidth": 2,
                    "width": 1,
                    "text": "(",
                    "value": "(",
                    "valueText": "(",
                    "hasLeadingTrivia": true,
                    "leadingTrivia": [
                        {
                            "kind": "WhitespaceTrivia",
                            "fullStart": 470,
                            "fullEnd": 471,
                            "text": " "
                        }
                    ]
                },
                "condition": {
                    "kind": "BinaryExpression",
                    "start": 472,
                    "end": 510,
                    "width": 38,
                    "left": {
                        "kind": "PropertyAccessExpression",
                        "start": 472,
                        "end": 504,
                        "width": 32,
                        "expression": {
                            "kind": "PropertyAccessExpression",
                            "start": 472,
                            "end": 497,
                            "width": 25,
                            "expression": {
                                "kind": "PropertyAccessExpression",
                                "start": 472,
                                "end": 488,
                                "width": 16,
                                "expression": {
                                    "kind": "IdentifierName",
                                    "fullStart": 472,
                                    "start": 472,
                                    "fullWidth": 6,
                                    "width": 6,
                                    "text": "Object",
                                    "value": "Object",
                                    "valueText": "Object"
                                },
                                "dotToken": {
                                    "kind": "DotToken",
                                    "fullStart": 478,
                                    "start": 478,
                                    "fullWidth": 1,
                                    "width": 1,
                                    "text": ".",
                                    "value": ".",
                                    "valueText": "."
                                },
                                "name": {
                                    "kind": "IdentifierName",
                                    "fullStart": 479,
                                    "start": 479,
                                    "fullWidth": 9,
                                    "width": 9,
                                    "text": "prototype",
                                    "value": "prototype",
                                    "valueText": "prototype"
                                }
                            },
                            "dotToken": {
                                "kind": "DotToken",
                                "fullStart": 488,
                                "start": 488,
                                "fullWidth": 1,
                                "width": 1,
                                "text": ".",
                                "value": ".",
                                "valueText": "."
                            },
                            "name": {
                                "kind": "IdentifierName",
                                "fullStart": 489,
                                "start": 489,
                                "fullWidth": 8,
                                "width": 8,
                                "text": "toString",
                                "value": "toString",
                                "valueText": "toString"
                            }
                        },
                        "dotToken": {
                            "kind": "DotToken",
                            "fullStart": 497,
                            "start": 497,
                            "fullWidth": 1,
                            "width": 1,
                            "text": ".",
                            "value": ".",
                            "valueText": "."
                        },
                        "name": {
                            "kind": "IdentifierName",
                            "fullStart": 498,
                            "start": 498,
                            "fullWidth": 6,
                            "width": 6,
                            "text": "length",
                            "value": "length",
                            "valueText": "length"
                        }
                    },
                    "operatorToken": {
                        "kind": "ExclamationEqualsEqualsToken",
                        "fullStart": 504,
                        "start": 505,
                        "fullWidth": 4,
                        "width": 3,
                        "text": "!==",
                        "value": "!==",
                        "valueText": "!==",
                        "hasLeadingTrivia": true,
                        "leadingTrivia": [
                            {
                                "kind": "WhitespaceTrivia",
                                "fullStart": 504,
                                "fullEnd": 505,
                                "text": " "
                            }
                        ]
                    },
                    "right": {
                        "kind": "NumericLiteral",
                        "fullStart": 508,
                        "start": 509,
                        "fullWidth": 2,
                        "width": 1,
                        "text": "0",
                        "value": 0,
                        "valueText": "0",
                        "hasLeadingTrivia": true,
                        "leadingTrivia": [
                            {
                                "kind": "WhitespaceTrivia",
                                "fullStart": 508,
                                "fullEnd": 509,
                                "text": " "
                            }
                        ]
                    }
                },
                "closeParenToken": {
                    "kind": "CloseParenToken",
                    "fullStart": 510,
                    "start": 510,
                    "fullWidth": 1,
                    "width": 1,
                    "text": ")",
                    "value": ")",
                    "valueText": ")"
                },
                "statement": {
                    "kind": "Block",
                    "start": 512,
                    "end": 580,
                    "width": 68,
                    "openBraceToken": {
                        "kind": "OpenBraceToken",
                        "fullStart": 511,
                        "start": 512,
                        "fullWidth": 2,
                        "width": 1,
                        "text": "{",
                        "value": "{",
                        "valueText": "{",
                        "hasLeadingTrivia": true,
                        "leadingTrivia": [
                            {
                                "kind": "WhitespaceTrivia",
                                "fullStart": 511,
                                "fullEnd": 512,
                                "text": " "
                            }
                        ]
                    },
                    "statements": [
                        {
                            "kind": "ExpressionStatement",
                            "start": 516,
                            "end": 578,
                            "width": 62,
                            "expression": {
                                "kind": "InvocationExpression",
                                "start": 516,
                                "end": 577,
                                "width": 61,
                                "expression": {
                                    "kind": "IdentifierName",
                                    "fullStart": 513,
                                    "start": 516,
                                    "fullWidth": 9,
                                    "width": 6,
                                    "text": "$ERROR",
                                    "value": "$ERROR",
                                    "valueText": "$ERROR",
                                    "hasLeadingTrivia": true,
                                    "hasLeadingNewLine": true,
                                    "leadingTrivia": [
                                        {
                                            "kind": "NewLineTrivia",
                                            "fullStart": 513,
                                            "fullEnd": 514,
                                            "text": "\n"
                                        },
                                        {
                                            "kind": "WhitespaceTrivia",
                                            "fullStart": 514,
                                            "fullEnd": 516,
                                            "text": "  "
                                        }
                                    ]
                                },
                                "argumentList": {
                                    "kind": "ArgumentList",
                                    "start": 522,
                                    "end": 577,
                                    "width": 55,
                                    "openParenToken": {
                                        "kind": "OpenParenToken",
                                        "fullStart": 522,
                                        "start": 522,
                                        "fullWidth": 1,
                                        "width": 1,
                                        "text": "(",
                                        "value": "(",
                                        "valueText": "("
                                    },
                                    "arguments": [
                                        {
                                            "kind": "StringLiteral",
                                            "fullStart": 523,
                                            "start": 523,
                                            "fullWidth": 53,
                                            "width": 53,
                                            "text": "'#2: The length property of the toString method is 0'",
                                            "value": "#2: The length property of the toString method is 0",
                                            "valueText": "#2: The length property of the toString method is 0"
                                        }
                                    ],
                                    "closeParenToken": {
                                        "kind": "CloseParenToken",
                                        "fullStart": 576,
                                        "start": 576,
                                        "fullWidth": 1,
                                        "width": 1,
                                        "text": ")",
                                        "value": ")",
                                        "valueText": ")"
                                    }
                                }
                            },
                            "semicolonToken": {
                                "kind": "SemicolonToken",
                                "fullStart": 577,
                                "start": 577,
                                "fullWidth": 1,
                                "width": 1,
                                "text": ";",
                                "value": ";",
                                "valueText": ";"
                            }
                        }
                    ],
                    "closeBraceToken": {
                        "kind": "CloseBraceToken",
                        "fullStart": 578,
                        "start": 579,
                        "fullWidth": 2,
                        "width": 1,
                        "text": "}",
                        "value": "}",
                        "valueText": "}",
                        "hasLeadingTrivia": true,
                        "hasLeadingNewLine": true,
                        "leadingTrivia": [
                            {
                                "kind": "NewLineTrivia",
                                "fullStart": 578,
                                "fullEnd": 579,
                                "text": "\n"
                            }
                        ]
                    }
                }
            }
        ],
        "endOfFileToken": {
            "kind": "EndOfFileToken",
            "fullStart": 580,
            "start": 582,
            "fullWidth": 2,
            "width": 0,
            "text": "",
            "hasLeadingTrivia": true,
            "hasLeadingNewLine": true,
            "leadingTrivia": [
                {
                    "kind": "NewLineTrivia",
                    "fullStart": 580,
                    "fullEnd": 581,
                    "text": "\n"
                },
                {
                    "kind": "NewLineTrivia",
                    "fullStart": 581,
                    "fullEnd": 582,
                    "text": "\n"
                }
            ]
        }
    },
    "lineMap": {
        "lineStarts": [
            0,
            61,
            132,
            133,
            137,
            188,
            191,
            243,
            314,
            318,
            319,
            329,
            390,
            455,
            457,
            458,
            468,
            514,
            579,
            581,
            582
        ],
        "length": 582
    }
}