{
    "isDeclaration": false,
    "languageVersion": "EcmaScript5",
    "sourceUnit": {
        "kind": "SourceUnit",
        "fullStart": 0,
        "fullEnd": 438,
        "start": 259,
        "fullWidth": 438,
        "width": 179,
        "moduleElements": [
            {
                "kind": "IfStatement",
                "fullStart": 0,
                "fullEnd": 436,
                "start": 259,
                "fullWidth": 436,
                "width": 177,
                "ifKeyword": {
                    "kind": "IfKeyword",
                    "fullStart": 0,
                    "start": 259,
                    "fullWidth": 261,
                    "width": 2,
                    "text": "if",
                    "value": "if",
                    "valueText": "if",
                    "hasLeadingTrivia": true,
                    "hasLeadingComment": true,
                    "hasLeadingNewLine": true,
                    "leadingTrivia": [
                        {
                            "kind": "SingleLineCommentTrivia",
                            "fullStart": 0,
                            "fullEnd": 51,
                            "text": "// Copyright 2012 Google Inc.  All rights reserved."
                        },
                        {
                            "kind": "NewLineTrivia",
                            "fullStart": 51,
                            "fullEnd": 52,
                            "text": "\n"
                        },
                        {
                            "kind": "SingleLineCommentTrivia",
                            "fullStart": 52,
                            "fullEnd": 122,
                            "text": "// This code is governed by the BSD license found in the LICENSE file."
                        },
                        {
                            "kind": "NewLineTrivia",
                            "fullStart": 122,
                            "fullEnd": 123,
                            "text": "\n"
                        },
                        {
                            "kind": "NewLineTrivia",
                            "fullStart": 123,
                            "fullEnd": 124,
                            "text": "\n"
                        },
                        {
                            "kind": "MultiLineCommentTrivia",
                            "fullStart": 124,
                            "fullEnd": 257,
                            "text": "/**\n * @description Tests that Intl.NumberFormat.prototype.constructor is the\n * Intl.NumberFormat.\n * @author: Roozbeh Pournader\n */"
                        },
                        {
                            "kind": "NewLineTrivia",
                            "fullStart": 257,
                            "fullEnd": 258,
                            "text": "\n"
                        },
                        {
                            "kind": "NewLineTrivia",
                            "fullStart": 258,
                            "fullEnd": 259,
                            "text": "\n"
                        }
                    ]
                },
                "openParenToken": {
                    "kind": "OpenParenToken",
                    "fullStart": 261,
                    "start": 262,
                    "fullWidth": 2,
                    "width": 1,
                    "text": "(",
                    "value": "(",
                    "valueText": "(",
                    "hasLeadingTrivia": true,
                    "leadingTrivia": [
                        {
                            "kind": "WhitespaceTrivia",
                            "fullStart": 261,
                            "fullEnd": 262,
                            "text": " "
                        }
                    ]
                },
                "condition": {
                    "kind": "BinaryExpression",
                    "fullStart": 263,
                    "fullEnd": 324,
                    "start": 263,
                    "fullWidth": 61,
                    "width": 61,
                    "left": {
                        "kind": "MemberAccessExpression",
                        "fullStart": 263,
                        "fullEnd": 302,
                        "start": 263,
                        "fullWidth": 39,
                        "width": 39,
                        "expression": {
                            "kind": "MemberAccessExpression",
                            "fullStart": 263,
                            "fullEnd": 290,
                            "start": 263,
                            "fullWidth": 27,
                            "width": 27,
                            "expression": {
                                "kind": "MemberAccessExpression",
                                "fullStart": 263,
                                "fullEnd": 280,
                                "start": 263,
                                "fullWidth": 17,
                                "width": 17,
                                "expression": {
                                    "kind": "IdentifierName",
                                    "fullStart": 263,
                                    "start": 263,
                                    "fullWidth": 4,
                                    "width": 4,
                                    "text": "Intl",
                                    "value": "Intl",
                                    "valueText": "Intl"
                                },
                                "dotToken": {
                                    "kind": "DotToken",
                                    "fullStart": 267,
                                    "start": 267,
                                    "fullWidth": 1,
                                    "width": 1,
                                    "text": ".",
                                    "value": ".",
                                    "valueText": "."
                                },
                                "name": {
                                    "kind": "IdentifierName",
                                    "fullStart": 268,
                                    "start": 268,
                                    "fullWidth": 12,
                                    "width": 12,
                                    "text": "NumberFormat",
                                    "value": "NumberFormat",
                                    "valueText": "NumberFormat"
                                }
                            },
                            "dotToken": {
                                "kind": "DotToken",
                                "fullStart": 280,
                                "start": 280,
                                "fullWidth": 1,
                                "width": 1,
                                "text": ".",
                                "value": ".",
                                "valueText": "."
                            },
                            "name": {
                                "kind": "IdentifierName",
                                "fullStart": 281,
                                "start": 281,
                                "fullWidth": 9,
                                "width": 9,
                                "text": "prototype",
                                "value": "prototype",
                                "valueText": "prototype"
                            }
                        },
                        "dotToken": {
                            "kind": "DotToken",
                            "fullStart": 290,
                            "start": 290,
                            "fullWidth": 1,
                            "width": 1,
                            "text": ".",
                            "value": ".",
                            "valueText": "."
                        },
                        "name": {
                            "kind": "IdentifierName",
                            "fullStart": 291,
                            "start": 291,
                            "fullWidth": 11,
                            "width": 11,
                            "text": "constructor",
                            "value": "constructor",
                            "valueText": "constructor",
                            "isKeywordConvertedToIdentifier": true
                        }
                    },
                    "operatorToken": {
                        "kind": "ExclamationEqualsEqualsToken",
                        "fullStart": 302,
                        "start": 303,
                        "fullWidth": 4,
                        "width": 3,
                        "text": "!==",
                        "value": "!==",
                        "valueText": "!==",
                        "hasLeadingTrivia": true,
                        "leadingTrivia": [
                            {
                                "kind": "WhitespaceTrivia",
                                "fullStart": 302,
                                "fullEnd": 303,
                                "text": " "
                            }
                        ]
                    },
                    "right": {
                        "kind": "MemberAccessExpression",
                        "fullStart": 306,
                        "fullEnd": 324,
                        "start": 307,
                        "fullWidth": 18,
                        "width": 17,
                        "expression": {
                            "kind": "IdentifierName",
                            "fullStart": 306,
                            "start": 307,
                            "fullWidth": 5,
                            "width": 4,
                            "text": "Intl",
                            "value": "Intl",
                            "valueText": "Intl",
                            "hasLeadingTrivia": true,
                            "leadingTrivia": [
                                {
                                    "kind": "WhitespaceTrivia",
                                    "fullStart": 306,
                                    "fullEnd": 307,
                                    "text": " "
                                }
                            ]
                        },
                        "dotToken": {
                            "kind": "DotToken",
                            "fullStart": 311,
                            "start": 311,
                            "fullWidth": 1,
                            "width": 1,
                            "text": ".",
                            "value": ".",
                            "valueText": "."
                        },
                        "name": {
                            "kind": "IdentifierName",
                            "fullStart": 312,
                            "start": 312,
                            "fullWidth": 12,
                            "width": 12,
                            "text": "NumberFormat",
                            "value": "NumberFormat",
                            "valueText": "NumberFormat"
                        }
                    }
                },
                "closeParenToken": {
                    "kind": "CloseParenToken",
                    "fullStart": 324,
                    "start": 324,
                    "fullWidth": 1,
                    "width": 1,
                    "text": ")",
                    "value": ")",
                    "valueText": ")"
                },
                "statement": {
                    "kind": "Block",
                    "fullStart": 325,
                    "fullEnd": 436,
                    "start": 326,
                    "fullWidth": 111,
                    "width": 110,
                    "openBraceToken": {
                        "kind": "OpenBraceToken",
                        "fullStart": 325,
                        "start": 326,
                        "fullWidth": 2,
                        "width": 1,
                        "text": "{",
                        "value": "{",
                        "valueText": "{",
                        "hasLeadingTrivia": true,
                        "leadingTrivia": [
                            {
                                "kind": "WhitespaceTrivia",
                                "fullStart": 325,
                                "fullEnd": 326,
                                "text": " "
                            }
                        ]
                    },
                    "statements": [
                        {
                            "kind": "ExpressionStatement",
                            "fullStart": 327,
                            "fullEnd": 434,
                            "start": 332,
                            "fullWidth": 107,
                            "width": 102,
                            "expression": {
                                "kind": "InvocationExpression",
                                "fullStart": 327,
                                "fullEnd": 433,
                                "start": 332,
                                "fullWidth": 106,
                                "width": 101,
                                "expression": {
                                    "kind": "IdentifierName",
                                    "fullStart": 327,
                                    "start": 332,
                                    "fullWidth": 11,
                                    "width": 6,
                                    "text": "$ERROR",
                                    "value": "$ERROR",
                                    "valueText": "$ERROR",
                                    "hasLeadingTrivia": true,
                                    "hasLeadingNewLine": true,
                                    "leadingTrivia": [
                                        {
                                            "kind": "NewLineTrivia",
                                            "fullStart": 327,
                                            "fullEnd": 328,
                                            "text": "\n"
                                        },
                                        {
                                            "kind": "WhitespaceTrivia",
                                            "fullStart": 328,
                                            "fullEnd": 332,
                                            "text": "    "
                                        }
                                    ]
                                },
                                "argumentList": {
                                    "kind": "ArgumentList",
                                    "fullStart": 338,
                                    "fullEnd": 433,
                                    "start": 338,
                                    "fullWidth": 95,
                                    "width": 95,
                                    "openParenToken": {
                                        "kind": "OpenParenToken",
                                        "fullStart": 338,
                                        "start": 338,
                                        "fullWidth": 1,
                                        "width": 1,
                                        "text": "(",
                                        "value": "(",
                                        "valueText": "("
                                    },
                                    "arguments": [
                                        {
                                            "kind": "BinaryExpression",
                                            "fullStart": 339,
                                            "fullEnd": 432,
                                            "start": 339,
                                            "fullWidth": 93,
                                            "width": 93,
                                            "left": {
                                                "kind": "StringLiteral",
                                                "fullStart": 339,
                                                "start": 339,
                                                "fullWidth": 61,
                                                "width": 61,
                                                "text": "\"Intl.NumberFormat.prototype.constructor is not the same as \"",
                                                "value": "Intl.NumberFormat.prototype.constructor is not the same as ",
                                                "valueText": "Intl.NumberFormat.prototype.constructor is not the same as "
                                            },
                                            "operatorToken": {
                                                "kind": "PlusToken",
                                                "fullStart": 400,
                                                "start": 401,
                                                "fullWidth": 2,
                                                "width": 1,
                                                "text": "+",
                                                "value": "+",
                                                "valueText": "+",
                                                "hasLeadingTrivia": true,
                                                "leadingTrivia": [
                                                    {
                                                        "kind": "WhitespaceTrivia",
                                                        "fullStart": 400,
                                                        "fullEnd": 401,
                                                        "text": " "
                                                    }
                                                ]
                                            },
                                            "right": {
                                                "kind": "StringLiteral",
                                                "fullStart": 402,
                                                "start": 413,
                                                "fullWidth": 30,
                                                "width": 19,
                                                "text": "\"Intl.NumberFormat\"",
                                                "value": "Intl.NumberFormat",
                                                "valueText": "Intl.NumberFormat",
                                                "hasLeadingTrivia": true,
                                                "hasLeadingNewLine": true,
                                                "leadingTrivia": [
                                                    {
                                                        "kind": "NewLineTrivia",
                                                        "fullStart": 402,
                                                        "fullEnd": 403,
                                                        "text": "\n"
                                                    },
                                                    {
                                                        "kind": "WhitespaceTrivia",
                                                        "fullStart": 403,
                                                        "fullEnd": 413,
                                                        "text": "          "
                                                    }
                                                ]
                                            }
                                        }
                                    ],
                                    "closeParenToken": {
                                        "kind": "CloseParenToken",
                                        "fullStart": 432,
                                        "start": 432,
                                        "fullWidth": 1,
                                        "width": 1,
                                        "text": ")",
                                        "value": ")",
                                        "valueText": ")"
                                    }
                                }
                            },
                            "semicolonToken": {
                                "kind": "SemicolonToken",
                                "fullStart": 433,
                                "start": 433,
                                "fullWidth": 1,
                                "width": 1,
                                "text": ";",
                                "value": ";",
                                "valueText": ";"
                            }
                        }
                    ],
                    "closeBraceToken": {
                        "kind": "CloseBraceToken",
                        "fullStart": 434,
                        "start": 435,
                        "fullWidth": 2,
                        "width": 1,
                        "text": "}",
                        "value": "}",
                        "valueText": "}",
                        "hasLeadingTrivia": true,
                        "hasLeadingNewLine": true,
                        "leadingTrivia": [
                            {
                                "kind": "NewLineTrivia",
                                "fullStart": 434,
                                "fullEnd": 435,
                                "text": "\n"
                            }
                        ]
                    }
                }
            }
        ],
        "endOfFileToken": {
            "kind": "EndOfFileToken",
            "fullStart": 436,
            "start": 438,
            "fullWidth": 2,
            "width": 0,
            "text": "",
            "hasLeadingTrivia": true,
            "hasLeadingNewLine": true,
            "leadingTrivia": [
                {
                    "kind": "NewLineTrivia",
                    "fullStart": 436,
                    "fullEnd": 437,
                    "text": "\n"
                },
                {
                    "kind": "NewLineTrivia",
                    "fullStart": 437,
                    "fullEnd": 438,
                    "text": "\n"
                }
            ]
        }
    },
    "lineMap": {
        "lineStarts": [
            0,
            52,
            123,
            124,
            128,
            202,
            224,
            254,
            258,
            259,
            328,
            403,
            435,
            437,
            438
        ],
        "length": 438
    }
}