{
    "isDeclaration": false,
    "languageVersion": "EcmaScript5",
    "sourceUnit": {
        "kind": "SourceUnit",
        "fullStart": 0,
        "fullEnd": 651,
        "start": 532,
        "fullWidth": 651,
        "width": 119,
        "moduleElements": [
            {
                "kind": "FunctionDeclaration",
                "fullStart": 0,
                "fullEnd": 625,
                "start": 532,
                "fullWidth": 625,
                "width": 93,
                "modifiers": [],
                "functionKeyword": {
                    "kind": "FunctionKeyword",
                    "fullStart": 0,
                    "start": 532,
                    "fullWidth": 540,
                    "width": 8,
                    "text": "function",
                    "value": "function",
                    "valueText": "function",
                    "hasLeadingTrivia": true,
                    "hasLeadingComment": true,
                    "hasLeadingNewLine": true,
                    "leadingTrivia": [
                        {
                            "kind": "SingleLineCommentTrivia",
                            "fullStart": 0,
                            "fullEnd": 65,
                            "text": "/// Copyright (c) 2012 Ecma International.  All rights reserved. "
                        },
                        {
                            "kind": "NewLineTrivia",
                            "fullStart": 65,
                            "fullEnd": 67,
                            "text": "\r\n"
                        },
                        {
                            "kind": "SingleLineCommentTrivia",
                            "fullStart": 67,
                            "fullEnd": 150,
                            "text": "/// Ecma International makes this code available under the terms and conditions set"
                        },
                        {
                            "kind": "NewLineTrivia",
                            "fullStart": 150,
                            "fullEnd": 152,
                            "text": "\r\n"
                        },
                        {
                            "kind": "SingleLineCommentTrivia",
                            "fullStart": 152,
                            "fullEnd": 230,
                            "text": "/// forth on http://hg.ecmascript.org/tests/test262/raw-file/tip/LICENSE (the "
                        },
                        {
                            "kind": "NewLineTrivia",
                            "fullStart": 230,
                            "fullEnd": 232,
                            "text": "\r\n"
                        },
                        {
                            "kind": "SingleLineCommentTrivia",
                            "fullStart": 232,
                            "fullEnd": 306,
                            "text": "/// \"Use Terms\").   Any redistribution of this code must retain the above "
                        },
                        {
                            "kind": "NewLineTrivia",
                            "fullStart": 306,
                            "fullEnd": 308,
                            "text": "\r\n"
                        },
                        {
                            "kind": "SingleLineCommentTrivia",
                            "fullStart": 308,
                            "fullEnd": 378,
                            "text": "/// copyright and this notice and otherwise comply with the Use Terms."
                        },
                        {
                            "kind": "NewLineTrivia",
                            "fullStart": 378,
                            "fullEnd": 380,
                            "text": "\r\n"
                        },
                        {
                            "kind": "MultiLineCommentTrivia",
                            "fullStart": 380,
                            "fullEnd": 526,
                            "text": "/**\r\n * @path ch15/15.5/15.5.4/15.5.4.20/15.5.4.20-0-2.js\r\n * @description String.prototype.trim must exist as a function taking 0 parameters\r\n */"
                        },
                        {
                            "kind": "NewLineTrivia",
                            "fullStart": 526,
                            "fullEnd": 528,
                            "text": "\r\n"
                        },
                        {
                            "kind": "NewLineTrivia",
                            "fullStart": 528,
                            "fullEnd": 530,
                            "text": "\r\n"
                        },
                        {
                            "kind": "NewLineTrivia",
                            "fullStart": 530,
                            "fullEnd": 532,
                            "text": "\r\n"
                        }
                    ]
                },
                "identifier": {
                    "kind": "IdentifierName",
                    "fullStart": 540,
                    "start": 541,
                    "fullWidth": 9,
                    "width": 8,
                    "text": "testcase",
                    "value": "testcase",
                    "valueText": "testcase",
                    "hasLeadingTrivia": true,
                    "leadingTrivia": [
                        {
                            "kind": "WhitespaceTrivia",
                            "fullStart": 540,
                            "fullEnd": 541,
                            "text": " "
                        }
                    ]
                },
                "callSignature": {
                    "kind": "CallSignature",
                    "fullStart": 549,
                    "fullEnd": 551,
                    "start": 549,
                    "fullWidth": 2,
                    "width": 2,
                    "parameterList": {
                        "kind": "ParameterList",
                        "fullStart": 549,
                        "fullEnd": 551,
                        "start": 549,
                        "fullWidth": 2,
                        "width": 2,
                        "openParenToken": {
                            "kind": "OpenParenToken",
                            "fullStart": 549,
                            "start": 549,
                            "fullWidth": 1,
                            "width": 1,
                            "text": "(",
                            "value": "(",
                            "valueText": "("
                        },
                        "parameters": [],
                        "closeParenToken": {
                            "kind": "CloseParenToken",
                            "fullStart": 550,
                            "start": 550,
                            "fullWidth": 1,
                            "width": 1,
                            "text": ")",
                            "value": ")",
                            "valueText": ")"
                        }
                    }
                },
                "block": {
                    "kind": "Block",
                    "fullStart": 551,
                    "fullEnd": 625,
                    "start": 552,
                    "fullWidth": 74,
                    "width": 73,
                    "openBraceToken": {
                        "kind": "OpenBraceToken",
                        "fullStart": 551,
                        "start": 552,
                        "fullWidth": 2,
                        "width": 1,
                        "text": "{",
                        "value": "{",
                        "valueText": "{",
                        "hasLeadingTrivia": true,
                        "leadingTrivia": [
                            {
                                "kind": "WhitespaceTrivia",
                                "fullStart": 551,
                                "fullEnd": 552,
                                "text": " "
                            }
                        ]
                    },
                    "statements": [
                        {
                            "kind": "IfStatement",
                            "fullStart": 553,
                            "fullEnd": 621,
                            "start": 557,
                            "fullWidth": 68,
                            "width": 64,
                            "ifKeyword": {
                                "kind": "IfKeyword",
                                "fullStart": 553,
                                "start": 557,
                                "fullWidth": 6,
                                "width": 2,
                                "text": "if",
                                "value": "if",
                                "valueText": "if",
                                "hasLeadingTrivia": true,
                                "hasLeadingNewLine": true,
                                "leadingTrivia": [
                                    {
                                        "kind": "NewLineTrivia",
                                        "fullStart": 553,
                                        "fullEnd": 555,
                                        "text": "\r\n"
                                    },
                                    {
                                        "kind": "WhitespaceTrivia",
                                        "fullStart": 555,
                                        "fullEnd": 557,
                                        "text": "  "
                                    }
                                ]
                            },
                            "openParenToken": {
                                "kind": "OpenParenToken",
                                "fullStart": 559,
                                "start": 560,
                                "fullWidth": 2,
                                "width": 1,
                                "text": "(",
                                "value": "(",
                                "valueText": "(",
                                "hasLeadingTrivia": true,
                                "leadingTrivia": [
                                    {
                                        "kind": "WhitespaceTrivia",
                                        "fullStart": 559,
                                        "fullEnd": 560,
                                        "text": " "
                                    }
                                ]
                            },
                            "condition": {
                                "kind": "BinaryExpression",
                                "fullStart": 561,
                                "fullEnd": 595,
                                "start": 561,
                                "fullWidth": 34,
                                "width": 34,
                                "left": {
                                    "kind": "MemberAccessExpression",
                                    "fullStart": 561,
                                    "fullEnd": 589,
                                    "start": 561,
                                    "fullWidth": 28,
                                    "width": 28,
                                    "expression": {
                                        "kind": "MemberAccessExpression",
                                        "fullStart": 561,
                                        "fullEnd": 582,
                                        "start": 561,
                                        "fullWidth": 21,
                                        "width": 21,
                                        "expression": {
                                            "kind": "MemberAccessExpression",
                                            "fullStart": 561,
                                            "fullEnd": 577,
                                            "start": 561,
                                            "fullWidth": 16,
                                            "width": 16,
                                            "expression": {
                                                "kind": "IdentifierName",
                                                "fullStart": 561,
                                                "start": 561,
                                                "fullWidth": 6,
                                                "width": 6,
                                                "text": "String",
                                                "value": "String",
                                                "valueText": "String"
                                            },
                                            "dotToken": {
                                                "kind": "DotToken",
                                                "fullStart": 567,
                                                "start": 567,
                                                "fullWidth": 1,
                                                "width": 1,
                                                "text": ".",
                                                "value": ".",
                                                "valueText": "."
                                            },
                                            "name": {
                                                "kind": "IdentifierName",
                                                "fullStart": 568,
                                                "start": 568,
                                                "fullWidth": 9,
                                                "width": 9,
                                                "text": "prototype",
                                                "value": "prototype",
                                                "valueText": "prototype"
                                            }
                                        },
                                        "dotToken": {
                                            "kind": "DotToken",
                                            "fullStart": 577,
                                            "start": 577,
                                            "fullWidth": 1,
                                            "width": 1,
                                            "text": ".",
                                            "value": ".",
                                            "valueText": "."
                                        },
                                        "name": {
                                            "kind": "IdentifierName",
                                            "fullStart": 578,
                                            "start": 578,
                                            "fullWidth": 4,
                                            "width": 4,
                                            "text": "trim",
                                            "value": "trim",
                                            "valueText": "trim"
                                        }
                                    },
                                    "dotToken": {
                                        "kind": "DotToken",
                                        "fullStart": 582,
                                        "start": 582,
                                        "fullWidth": 1,
                                        "width": 1,
                                        "text": ".",
                                        "value": ".",
                                        "valueText": "."
                                    },
                                    "name": {
                                        "kind": "IdentifierName",
                                        "fullStart": 583,
                                        "start": 583,
                                        "fullWidth": 6,
                                        "width": 6,
                                        "text": "length",
                                        "value": "length",
                                        "valueText": "length"
                                    }
                                },
                                "operatorToken": {
                                    "kind": "EqualsEqualsEqualsToken",
                                    "fullStart": 589,
                                    "start": 590,
                                    "fullWidth": 4,
                                    "width": 3,
                                    "text": "===",
                                    "value": "===",
                                    "valueText": "===",
                                    "hasLeadingTrivia": true,
                                    "leadingTrivia": [
                                        {
                                            "kind": "WhitespaceTrivia",
                                            "fullStart": 589,
                                            "fullEnd": 590,
                                            "text": " "
                                        }
                                    ]
                                },
                                "right": {
                                    "kind": "NumericLiteral",
                                    "fullStart": 593,
                                    "start": 594,
                                    "fullWidth": 2,
                                    "width": 1,
                                    "text": "0",
                                    "value": 0,
                                    "valueText": "0",
                                    "hasLeadingTrivia": true,
                                    "leadingTrivia": [
                                        {
                                            "kind": "WhitespaceTrivia",
                                            "fullStart": 593,
                                            "fullEnd": 594,
                                            "text": " "
                                        }
                                    ]
                                }
                            },
                            "closeParenToken": {
                                "kind": "CloseParenToken",
                                "fullStart": 595,
                                "start": 595,
                                "fullWidth": 1,
                                "width": 1,
                                "text": ")",
                                "value": ")",
                                "valueText": ")"
                            },
                            "statement": {
                                "kind": "Block",
                                "fullStart": 596,
                                "fullEnd": 621,
                                "start": 597,
                                "fullWidth": 25,
                                "width": 24,
                                "openBraceToken": {
                                    "kind": "OpenBraceToken",
                                    "fullStart": 596,
                                    "start": 597,
                                    "fullWidth": 2,
                                    "width": 1,
                                    "text": "{",
                                    "value": "{",
                                    "valueText": "{",
                                    "hasLeadingTrivia": true,
                                    "leadingTrivia": [
                                        {
                                            "kind": "WhitespaceTrivia",
                                            "fullStart": 596,
                                            "fullEnd": 597,
                                            "text": " "
                                        }
                                    ]
                                },
                                "statements": [
                                    {
                                        "kind": "ReturnStatement",
                                        "fullStart": 598,
                                        "fullEnd": 616,
                                        "start": 604,
                                        "fullWidth": 18,
                                        "width": 12,
                                        "returnKeyword": {
                                            "kind": "ReturnKeyword",
                                            "fullStart": 598,
                                            "start": 604,
                                            "fullWidth": 12,
                                            "width": 6,
                                            "text": "return",
                                            "value": "return",
                                            "valueText": "return",
                                            "hasLeadingTrivia": true,
                                            "hasLeadingNewLine": true,
                                            "leadingTrivia": [
                                                {
                                                    "kind": "NewLineTrivia",
                                                    "fullStart": 598,
                                                    "fullEnd": 600,
                                                    "text": "\r\n"
                                                },
                                                {
                                                    "kind": "WhitespaceTrivia",
                                                    "fullStart": 600,
                                                    "fullEnd": 604,
                                                    "text": "    "
                                                }
                                            ]
                                        },
                                        "expression": {
                                            "kind": "TrueKeyword",
                                            "fullStart": 610,
                                            "start": 611,
                                            "fullWidth": 5,
                                            "width": 4,
                                            "text": "true",
                                            "value": true,
                                            "valueText": "true",
                                            "hasLeadingTrivia": true,
                                            "leadingTrivia": [
                                                {
                                                    "kind": "WhitespaceTrivia",
                                                    "fullStart": 610,
                                                    "fullEnd": 611,
                                                    "text": " "
                                                }
                                            ]
                                        },
                                        "semicolonToken": {
                                            "kind": "SemicolonToken",
                                            "fullStart": 615,
                                            "start": 615,
                                            "fullWidth": 1,
                                            "width": 1,
                                            "text": ";",
                                            "value": ";",
                                            "valueText": ";"
                                        }
                                    }
                                ],
                                "closeBraceToken": {
                                    "kind": "CloseBraceToken",
                                    "fullStart": 616,
                                    "start": 620,
                                    "fullWidth": 5,
                                    "width": 1,
                                    "text": "}",
                                    "value": "}",
                                    "valueText": "}",
                                    "hasLeadingTrivia": true,
                                    "hasLeadingNewLine": true,
                                    "leadingTrivia": [
                                        {
                                            "kind": "NewLineTrivia",
                                            "fullStart": 616,
                                            "fullEnd": 618,
                                            "text": "\r\n"
                                        },
                                        {
                                            "kind": "WhitespaceTrivia",
                                            "fullStart": 618,
                                            "fullEnd": 620,
                                            "text": "  "
                                        }
                                    ]
                                }
                            }
                        }
                    ],
                    "closeBraceToken": {
                        "kind": "CloseBraceToken",
                        "fullStart": 621,
                        "start": 624,
                        "fullWidth": 4,
                        "width": 1,
                        "text": "}",
                        "value": "}",
                        "valueText": "}",
                        "hasLeadingTrivia": true,
                        "hasLeadingNewLine": true,
                        "leadingTrivia": [
                            {
                                "kind": "NewLineTrivia",
                                "fullStart": 621,
                                "fullEnd": 623,
                                "text": "\r\n"
                            },
                            {
                                "kind": "WhitespaceTrivia",
                                "fullStart": 623,
                                "fullEnd": 624,
                                "text": " "
                            }
                        ]
                    }
                }
            },
            {
                "kind": "ExpressionStatement",
                "fullStart": 625,
                "fullEnd": 649,
                "start": 627,
                "fullWidth": 24,
                "width": 22,
                "expression": {
                    "kind": "InvocationExpression",
                    "fullStart": 625,
                    "fullEnd": 648,
                    "start": 627,
                    "fullWidth": 23,
                    "width": 21,
                    "expression": {
                        "kind": "IdentifierName",
                        "fullStart": 625,
                        "start": 627,
                        "fullWidth": 13,
                        "width": 11,
                        "text": "runTestCase",
                        "value": "runTestCase",
                        "valueText": "runTestCase",
                        "hasLeadingTrivia": true,
                        "hasLeadingNewLine": true,
                        "leadingTrivia": [
                            {
                                "kind": "NewLineTrivia",
                                "fullStart": 625,
                                "fullEnd": 627,
                                "text": "\r\n"
                            }
                        ]
                    },
                    "argumentList": {
                        "kind": "ArgumentList",
                        "fullStart": 638,
                        "fullEnd": 648,
                        "start": 638,
                        "fullWidth": 10,
                        "width": 10,
                        "openParenToken": {
                            "kind": "OpenParenToken",
                            "fullStart": 638,
                            "start": 638,
                            "fullWidth": 1,
                            "width": 1,
                            "text": "(",
                            "value": "(",
                            "valueText": "("
                        },
                        "arguments": [
                            {
                                "kind": "IdentifierName",
                                "fullStart": 639,
                                "start": 639,
                                "fullWidth": 8,
                                "width": 8,
                                "text": "testcase",
                                "value": "testcase",
                                "valueText": "testcase"
                            }
                        ],
                        "closeParenToken": {
                            "kind": "CloseParenToken",
                            "fullStart": 647,
                            "start": 647,
                            "fullWidth": 1,
                            "width": 1,
                            "text": ")",
                            "value": ")",
                            "valueText": ")"
                        }
                    }
                },
                "semicolonToken": {
                    "kind": "SemicolonToken",
                    "fullStart": 648,
                    "start": 648,
                    "fullWidth": 1,
                    "width": 1,
                    "text": ";",
                    "value": ";",
                    "valueText": ";"
                }
            }
        ],
        "endOfFileToken": {
            "kind": "EndOfFileToken",
            "fullStart": 649,
            "start": 651,
            "fullWidth": 2,
            "width": 0,
            "text": "",
            "hasLeadingTrivia": true,
            "hasLeadingNewLine": true,
            "leadingTrivia": [
                {
                    "kind": "NewLineTrivia",
                    "fullStart": 649,
                    "fullEnd": 651,
                    "text": "\r\n"
                }
            ]
        }
    },
    "lineMap": {
        "lineStarts": [
            0,
            67,
            152,
            232,
            308,
            380,
            385,
            439,
            523,
            528,
            530,
            532,
            555,
            600,
            618,
            623,
            627,
            651
        ],
        "length": 651
    }
}