{
    "isDeclaration": false,
    "languageVersion": "EcmaScript5",
    "sourceUnit": {
        "kind": "SourceUnit",
        "fullStart": 0,
        "fullEnd": 706,
        "start": 541,
        "fullWidth": 706,
        "width": 165,
        "moduleElements": [
            {
                "kind": "FunctionDeclaration",
                "fullStart": 0,
                "fullEnd": 680,
                "start": 541,
                "fullWidth": 680,
                "width": 139,
                "modifiers": [],
                "functionKeyword": {
                    "kind": "FunctionKeyword",
                    "fullStart": 0,
                    "start": 541,
                    "fullWidth": 549,
                    "width": 8,
                    "text": "function",
                    "value": "function",
                    "valueText": "function",
                    "hasLeadingTrivia": true,
                    "hasLeadingComment": true,
                    "hasLeadingNewLine": true,
                    "leadingTrivia": [
                        {
                            "kind": "SingleLineCommentTrivia",
                            "fullStart": 0,
                            "fullEnd": 65,
                            "text": "/// Copyright (c) 2012 Ecma International.  All rights reserved. "
                        },
                        {
                            "kind": "NewLineTrivia",
                            "fullStart": 65,
                            "fullEnd": 67,
                            "text": "\r\n"
                        },
                        {
                            "kind": "SingleLineCommentTrivia",
                            "fullStart": 67,
                            "fullEnd": 150,
                            "text": "/// Ecma International makes this code available under the terms and conditions set"
                        },
                        {
                            "kind": "NewLineTrivia",
                            "fullStart": 150,
                            "fullEnd": 152,
                            "text": "\r\n"
                        },
                        {
                            "kind": "SingleLineCommentTrivia",
                            "fullStart": 152,
                            "fullEnd": 230,
                            "text": "/// forth on http://hg.ecmascript.org/tests/test262/raw-file/tip/LICENSE (the "
                        },
                        {
                            "kind": "NewLineTrivia",
                            "fullStart": 230,
                            "fullEnd": 232,
                            "text": "\r\n"
                        },
                        {
                            "kind": "SingleLineCommentTrivia",
                            "fullStart": 232,
                            "fullEnd": 306,
                            "text": "/// \"Use Terms\").   Any redistribution of this code must retain the above "
                        },
                        {
                            "kind": "NewLineTrivia",
                            "fullStart": 306,
                            "fullEnd": 308,
                            "text": "\r\n"
                        },
                        {
                            "kind": "SingleLineCommentTrivia",
                            "fullStart": 308,
                            "fullEnd": 378,
                            "text": "/// copyright and this notice and otherwise comply with the Use Terms."
                        },
                        {
                            "kind": "NewLineTrivia",
                            "fullStart": 378,
                            "fullEnd": 380,
                            "text": "\r\n"
                        },
                        {
                            "kind": "MultiLineCommentTrivia",
                            "fullStart": 380,
                            "fullEnd": 535,
                            "text": "/**\r\n * @path ch15/15.5/15.5.4/15.5.4.20/15.5.4.20-2-50.js\r\n * @description String.prototype.trim - 'this' is a Error Object that converts to a string\r\n */"
                        },
                        {
                            "kind": "NewLineTrivia",
                            "fullStart": 535,
                            "fullEnd": 537,
                            "text": "\r\n"
                        },
                        {
                            "kind": "NewLineTrivia",
                            "fullStart": 537,
                            "fullEnd": 539,
                            "text": "\r\n"
                        },
                        {
                            "kind": "NewLineTrivia",
                            "fullStart": 539,
                            "fullEnd": 541,
                            "text": "\r\n"
                        }
                    ]
                },
                "identifier": {
                    "kind": "IdentifierName",
                    "fullStart": 549,
                    "start": 550,
                    "fullWidth": 9,
                    "width": 8,
                    "text": "testcase",
                    "value": "testcase",
                    "valueText": "testcase",
                    "hasLeadingTrivia": true,
                    "leadingTrivia": [
                        {
                            "kind": "WhitespaceTrivia",
                            "fullStart": 549,
                            "fullEnd": 550,
                            "text": " "
                        }
                    ]
                },
                "callSignature": {
                    "kind": "CallSignature",
                    "fullStart": 558,
                    "fullEnd": 560,
                    "start": 558,
                    "fullWidth": 2,
                    "width": 2,
                    "parameterList": {
                        "kind": "ParameterList",
                        "fullStart": 558,
                        "fullEnd": 560,
                        "start": 558,
                        "fullWidth": 2,
                        "width": 2,
                        "openParenToken": {
                            "kind": "OpenParenToken",
                            "fullStart": 558,
                            "start": 558,
                            "fullWidth": 1,
                            "width": 1,
                            "text": "(",
                            "value": "(",
                            "valueText": "("
                        },
                        "parameters": [],
                        "closeParenToken": {
                            "kind": "CloseParenToken",
                            "fullStart": 559,
                            "start": 559,
                            "fullWidth": 1,
                            "width": 1,
                            "text": ")",
                            "value": ")",
                            "valueText": ")"
                        }
                    }
                },
                "block": {
                    "kind": "Block",
                    "fullStart": 560,
                    "fullEnd": 680,
                    "start": 561,
                    "fullWidth": 120,
                    "width": 119,
                    "openBraceToken": {
                        "kind": "OpenBraceToken",
                        "fullStart": 560,
                        "start": 561,
                        "fullWidth": 2,
                        "width": 1,
                        "text": "{",
                        "value": "{",
                        "valueText": "{",
                        "hasLeadingTrivia": true,
                        "leadingTrivia": [
                            {
                                "kind": "WhitespaceTrivia",
                                "fullStart": 560,
                                "fullEnd": 561,
                                "text": " "
                            }
                        ]
                    },
                    "statements": [
                        {
                            "kind": "VariableStatement",
                            "fullStart": 562,
                            "fullEnd": 603,
                            "start": 572,
                            "fullWidth": 41,
                            "width": 31,
                            "modifiers": [],
                            "variableDeclaration": {
                                "kind": "VariableDeclaration",
                                "fullStart": 562,
                                "fullEnd": 602,
                                "start": 572,
                                "fullWidth": 40,
                                "width": 30,
                                "varKeyword": {
                                    "kind": "VarKeyword",
                                    "fullStart": 562,
                                    "start": 572,
                                    "fullWidth": 13,
                                    "width": 3,
                                    "text": "var",
                                    "value": "var",
                                    "valueText": "var",
                                    "hasLeadingTrivia": true,
                                    "hasLeadingNewLine": true,
                                    "leadingTrivia": [
                                        {
                                            "kind": "NewLineTrivia",
                                            "fullStart": 562,
                                            "fullEnd": 564,
                                            "text": "\r\n"
                                        },
                                        {
                                            "kind": "WhitespaceTrivia",
                                            "fullStart": 564,
                                            "fullEnd": 572,
                                            "text": "        "
                                        }
                                    ]
                                },
                                "variableDeclarators": [
                                    {
                                        "kind": "VariableDeclarator",
                                        "fullStart": 575,
                                        "fullEnd": 602,
                                        "start": 576,
                                        "fullWidth": 27,
                                        "width": 26,
                                        "propertyName": {
                                            "kind": "IdentifierName",
                                            "fullStart": 575,
                                            "start": 576,
                                            "fullWidth": 7,
                                            "width": 6,
                                            "text": "errObj",
                                            "value": "errObj",
                                            "valueText": "errObj",
                                            "hasLeadingTrivia": true,
                                            "leadingTrivia": [
                                                {
                                                    "kind": "WhitespaceTrivia",
                                                    "fullStart": 575,
                                                    "fullEnd": 576,
                                                    "text": " "
                                                }
                                            ]
                                        },
                                        "equalsValueClause": {
                                            "kind": "EqualsValueClause",
                                            "fullStart": 582,
                                            "fullEnd": 602,
                                            "start": 583,
                                            "fullWidth": 20,
                                            "width": 19,
                                            "equalsToken": {
                                                "kind": "EqualsToken",
                                                "fullStart": 582,
                                                "start": 583,
                                                "fullWidth": 2,
                                                "width": 1,
                                                "text": "=",
                                                "value": "=",
                                                "valueText": "=",
                                                "hasLeadingTrivia": true,
                                                "leadingTrivia": [
                                                    {
                                                        "kind": "WhitespaceTrivia",
                                                        "fullStart": 582,
                                                        "fullEnd": 583,
                                                        "text": " "
                                                    }
                                                ]
                                            },
                                            "value": {
                                                "kind": "ObjectCreationExpression",
                                                "fullStart": 584,
                                                "fullEnd": 602,
                                                "start": 585,
                                                "fullWidth": 18,
                                                "width": 17,
                                                "newKeyword": {
                                                    "kind": "NewKeyword",
                                                    "fullStart": 584,
                                                    "start": 585,
                                                    "fullWidth": 4,
                                                    "width": 3,
                                                    "text": "new",
                                                    "value": "new",
                                                    "valueText": "new",
                                                    "hasLeadingTrivia": true,
                                                    "leadingTrivia": [
                                                        {
                                                            "kind": "WhitespaceTrivia",
                                                            "fullStart": 584,
                                                            "fullEnd": 585,
                                                            "text": " "
                                                        }
                                                    ]
                                                },
                                                "expression": {
                                                    "kind": "IdentifierName",
                                                    "fullStart": 588,
                                                    "start": 589,
                                                    "fullWidth": 6,
                                                    "width": 5,
                                                    "text": "Error",
                                                    "value": "Error",
                                                    "valueText": "Error",
                                                    "hasLeadingTrivia": true,
                                                    "leadingTrivia": [
                                                        {
                                                            "kind": "WhitespaceTrivia",
                                                            "fullStart": 588,
                                                            "fullEnd": 589,
                                                            "text": " "
                                                        }
                                                    ]
                                                },
                                                "argumentList": {
                                                    "kind": "ArgumentList",
                                                    "fullStart": 594,
                                                    "fullEnd": 602,
                                                    "start": 594,
                                                    "fullWidth": 8,
                                                    "width": 8,
                                                    "openParenToken": {
                                                        "kind": "OpenParenToken",
                                                        "fullStart": 594,
                                                        "start": 594,
                                                        "fullWidth": 1,
                                                        "width": 1,
                                                        "text": "(",
                                                        "value": "(",
                                                        "valueText": "("
                                                    },
                                                    "arguments": [
                                                        {
                                                            "kind": "StringLiteral",
                                                            "fullStart": 595,
                                                            "start": 595,
                                                            "fullWidth": 6,
                                                            "width": 6,
                                                            "text": "\"test\"",
                                                            "value": "test",
                                                            "valueText": "test"
                                                        }
                                                    ],
                                                    "closeParenToken": {
                                                        "kind": "CloseParenToken",
                                                        "fullStart": 601,
                                                        "start": 601,
                                                        "fullWidth": 1,
                                                        "width": 1,
                                                        "text": ")",
                                                        "value": ")",
                                                        "valueText": ")"
                                                    }
                                                }
                                            }
                                        }
                                    }
                                ]
                            },
                            "semicolonToken": {
                                "kind": "SemicolonToken",
                                "fullStart": 602,
                                "start": 602,
                                "fullWidth": 1,
                                "width": 1,
                                "text": ";",
                                "value": ";",
                                "valueText": ";"
                            }
                        },
                        {
                            "kind": "ReturnStatement",
                            "fullStart": 603,
                            "fullEnd": 673,
                            "start": 613,
                            "fullWidth": 70,
                            "width": 60,
                            "returnKeyword": {
                                "kind": "ReturnKeyword",
                                "fullStart": 603,
                                "start": 613,
                                "fullWidth": 16,
                                "width": 6,
                                "text": "return",
                                "value": "return",
                                "valueText": "return",
                                "hasLeadingTrivia": true,
                                "hasLeadingNewLine": true,
                                "leadingTrivia": [
                                    {
                                        "kind": "NewLineTrivia",
                                        "fullStart": 603,
                                        "fullEnd": 605,
                                        "text": "\r\n"
                                    },
                                    {
                                        "kind": "WhitespaceTrivia",
                                        "fullStart": 605,
                                        "fullEnd": 613,
                                        "text": "        "
                                    }
                                ]
                            },
                            "expression": {
                                "kind": "BinaryExpression",
                                "fullStart": 619,
                                "fullEnd": 672,
                                "start": 620,
                                "fullWidth": 53,
                                "width": 52,
                                "left": {
                                    "kind": "InvocationExpression",
                                    "fullStart": 619,
                                    "fullEnd": 654,
                                    "start": 620,
                                    "fullWidth": 35,
                                    "width": 34,
                                    "expression": {
                                        "kind": "MemberAccessExpression",
                                        "fullStart": 619,
                                        "fullEnd": 646,
                                        "start": 620,
                                        "fullWidth": 27,
                                        "width": 26,
                                        "expression": {
                                            "kind": "MemberAccessExpression",
                                            "fullStart": 619,
                                            "fullEnd": 641,
                                            "start": 620,
                                            "fullWidth": 22,
                                            "width": 21,
                                            "expression": {
                                                "kind": "MemberAccessExpression",
                                                "fullStart": 619,
                                                "fullEnd": 636,
                                                "start": 620,
                                                "fullWidth": 17,
                                                "width": 16,
                                                "expression": {
                                                    "kind": "IdentifierName",
                                                    "fullStart": 619,
                                                    "start": 620,
                                                    "fullWidth": 7,
                                                    "width": 6,
                                                    "text": "String",
                                                    "value": "String",
                                                    "valueText": "String",
                                                    "hasLeadingTrivia": true,
                                                    "leadingTrivia": [
                                                        {
                                                            "kind": "WhitespaceTrivia",
                                                            "fullStart": 619,
                                                            "fullEnd": 620,
                                                            "text": " "
                                                        }
                                                    ]
                                                },
                                                "dotToken": {
                                                    "kind": "DotToken",
                                                    "fullStart": 626,
                                                    "start": 626,
                                                    "fullWidth": 1,
                                                    "width": 1,
                                                    "text": ".",
                                                    "value": ".",
                                                    "valueText": "."
                                                },
                                                "name": {
                                                    "kind": "IdentifierName",
                                                    "fullStart": 627,
                                                    "start": 627,
                                                    "fullWidth": 9,
                                                    "width": 9,
                                                    "text": "prototype",
                                                    "value": "prototype",
                                                    "valueText": "prototype"
                                                }
                                            },
                                            "dotToken": {
                                                "kind": "DotToken",
                                                "fullStart": 636,
                                                "start": 636,
                                                "fullWidth": 1,
                                                "width": 1,
                                                "text": ".",
                                                "value": ".",
                                                "valueText": "."
                                            },
                                            "name": {
                                                "kind": "IdentifierName",
                                                "fullStart": 637,
                                                "start": 637,
                                                "fullWidth": 4,
                                                "width": 4,
                                                "text": "trim",
                                                "value": "trim",
                                                "valueText": "trim"
                                            }
                                        },
                                        "dotToken": {
                                            "kind": "DotToken",
                                            "fullStart": 641,
                                            "start": 641,
                                            "fullWidth": 1,
                                            "width": 1,
                                            "text": ".",
                                            "value": ".",
                                            "valueText": "."
                                        },
                                        "name": {
                                            "kind": "IdentifierName",
                                            "fullStart": 642,
                                            "start": 642,
                                            "fullWidth": 4,
                                            "width": 4,
                                            "text": "call",
                                            "value": "call",
                                            "valueText": "call"
                                        }
                                    },
                                    "argumentList": {
                                        "kind": "ArgumentList",
                                        "fullStart": 646,
                                        "fullEnd": 654,
                                        "start": 646,
                                        "fullWidth": 8,
                                        "width": 8,
                                        "openParenToken": {
                                            "kind": "OpenParenToken",
                                            "fullStart": 646,
                                            "start": 646,
                                            "fullWidth": 1,
                                            "width": 1,
                                            "text": "(",
                                            "value": "(",
                                            "valueText": "("
                                        },
                                        "arguments": [
                                            {
                                                "kind": "IdentifierName",
                                                "fullStart": 647,
                                                "start": 647,
                                                "fullWidth": 6,
                                                "width": 6,
                                                "text": "errObj",
                                                "value": "errObj",
                                                "valueText": "errObj"
                                            }
                                        ],
                                        "closeParenToken": {
                                            "kind": "CloseParenToken",
                                            "fullStart": 653,
                                            "start": 653,
                                            "fullWidth": 1,
                                            "width": 1,
                                            "text": ")",
                                            "value": ")",
                                            "valueText": ")"
                                        }
                                    }
                                },
                                "operatorToken": {
                                    "kind": "EqualsEqualsEqualsToken",
                                    "fullStart": 654,
                                    "start": 655,
                                    "fullWidth": 4,
                                    "width": 3,
                                    "text": "===",
                                    "value": "===",
                                    "valueText": "===",
                                    "hasLeadingTrivia": true,
                                    "leadingTrivia": [
                                        {
                                            "kind": "WhitespaceTrivia",
                                            "fullStart": 654,
                                            "fullEnd": 655,
                                            "text": " "
                                        }
                                    ]
                                },
                                "right": {
                                    "kind": "StringLiteral",
                                    "fullStart": 658,
                                    "start": 659,
                                    "fullWidth": 14,
                                    "width": 13,
                                    "text": "\"Error: test\"",
                                    "value": "Error: test",
                                    "valueText": "Error: test",
                                    "hasLeadingTrivia": true,
                                    "leadingTrivia": [
                                        {
                                            "kind": "WhitespaceTrivia",
                                            "fullStart": 658,
                                            "fullEnd": 659,
                                            "text": " "
                                        }
                                    ]
                                }
                            },
                            "semicolonToken": {
                                "kind": "SemicolonToken",
                                "fullStart": 672,
                                "start": 672,
                                "fullWidth": 1,
                                "width": 1,
                                "text": ";",
                                "value": ";",
                                "valueText": ";"
                            }
                        }
                    ],
                    "closeBraceToken": {
                        "kind": "CloseBraceToken",
                        "fullStart": 673,
                        "start": 679,
                        "fullWidth": 7,
                        "width": 1,
                        "text": "}",
                        "value": "}",
                        "valueText": "}",
                        "hasLeadingTrivia": true,
                        "hasLeadingNewLine": true,
                        "leadingTrivia": [
                            {
                                "kind": "NewLineTrivia",
                                "fullStart": 673,
                                "fullEnd": 675,
                                "text": "\r\n"
                            },
                            {
                                "kind": "WhitespaceTrivia",
                                "fullStart": 675,
                                "fullEnd": 679,
                                "text": "    "
                            }
                        ]
                    }
                }
            },
            {
                "kind": "ExpressionStatement",
                "fullStart": 680,
                "fullEnd": 704,
                "start": 682,
                "fullWidth": 24,
                "width": 22,
                "expression": {
                    "kind": "InvocationExpression",
                    "fullStart": 680,
                    "fullEnd": 703,
                    "start": 682,
                    "fullWidth": 23,
                    "width": 21,
                    "expression": {
                        "kind": "IdentifierName",
                        "fullStart": 680,
                        "start": 682,
                        "fullWidth": 13,
                        "width": 11,
                        "text": "runTestCase",
                        "value": "runTestCase",
                        "valueText": "runTestCase",
                        "hasLeadingTrivia": true,
                        "hasLeadingNewLine": true,
                        "leadingTrivia": [
                            {
                                "kind": "NewLineTrivia",
                                "fullStart": 680,
                                "fullEnd": 682,
                                "text": "\r\n"
                            }
                        ]
                    },
                    "argumentList": {
                        "kind": "ArgumentList",
                        "fullStart": 693,
                        "fullEnd": 703,
                        "start": 693,
                        "fullWidth": 10,
                        "width": 10,
                        "openParenToken": {
                            "kind": "OpenParenToken",
                            "fullStart": 693,
                            "start": 693,
                            "fullWidth": 1,
                            "width": 1,
                            "text": "(",
                            "value": "(",
                            "valueText": "("
                        },
                        "arguments": [
                            {
                                "kind": "IdentifierName",
                                "fullStart": 694,
                                "start": 694,
                                "fullWidth": 8,
                                "width": 8,
                                "text": "testcase",
                                "value": "testcase",
                                "valueText": "testcase"
                            }
                        ],
                        "closeParenToken": {
                            "kind": "CloseParenToken",
                            "fullStart": 702,
                            "start": 702,
                            "fullWidth": 1,
                            "width": 1,
                            "text": ")",
                            "value": ")",
                            "valueText": ")"
                        }
                    }
                },
                "semicolonToken": {
                    "kind": "SemicolonToken",
                    "fullStart": 703,
                    "start": 703,
                    "fullWidth": 1,
                    "width": 1,
                    "text": ";",
                    "value": ";",
                    "valueText": ";"
                }
            }
        ],
        "endOfFileToken": {
            "kind": "EndOfFileToken",
            "fullStart": 704,
            "start": 706,
            "fullWidth": 2,
            "width": 0,
            "text": "",
            "hasLeadingTrivia": true,
            "hasLeadingNewLine": true,
            "leadingTrivia": [
                {
                    "kind": "NewLineTrivia",
                    "fullStart": 704,
                    "fullEnd": 706,
                    "text": "\r\n"
                }
            ]
        }
    },
    "lineMap": {
        "lineStarts": [
            0,
            67,
            152,
            232,
            308,
            380,
            385,
            440,
            532,
            537,
            539,
            541,
            564,
            605,
            675,
            682,
            706
        ],
        "length": 706
    }
}