{
    "isDeclaration": false,
    "languageVersion": "EcmaScript5",
    "sourceUnit": {
        "kind": "SourceUnit",
        "fullStart": 0,
        "fullEnd": 36,
        "start": 0,
        "end": 36,
        "fullWidth": 36,
        "width": 36,
        "moduleElements": [
            {
                "kind": "ExpressionStatement",
                "fullStart": 0,
                "fullEnd": 9,
                "start": 0,
                "end": 7,
                "fullWidth": 9,
                "width": 7,
                "expression": {
                    "kind": "InvocationExpression",
                    "fullStart": 0,
                    "fullEnd": 6,
                    "start": 0,
                    "end": 6,
                    "fullWidth": 6,
                    "width": 6,
                    "expression": {
                        "kind": "IdentifierName",
                        "fullStart": 0,
                        "start": 0,
                        "fullWidth": 4,
                        "width": 4,
                        "text": "foo1",
                        "value": "foo1",
                        "valueText": "foo1"
                    },
                    "argumentList": {
                        "kind": "ArgumentList",
                        "fullStart": 4,
                        "fullEnd": 6,
                        "start": 4,
                        "end": 6,
                        "fullWidth": 2,
                        "width": 2,
                        "openParenToken": {
                            "kind": "OpenParenToken",
                            "fullStart": 4,
                            "start": 4,
                            "fullWidth": 1,
                            "width": 1,
                            "text": "(",
                            "value": "(",
                            "valueText": "("
                        },
                        "arguments": [],
                        "closeParenToken": {
                            "kind": "CloseParenToken",
                            "fullStart": 5,
                            "start": 5,
                            "fullWidth": 1,
                            "width": 1,
                            "text": ")",
                            "value": ")",
                            "valueText": ")"
                        }
                    }
                },
                "semicolonToken": {
                    "kind": "SemicolonToken",
                    "fullStart": 6,
                    "start": 6,
                    "fullWidth": 1,
                    "width": 1,
                    "text": ";",
                    "value": ";",
                    "valueText": ";"
                }
            },
            {
                "kind": "ExpressionStatement",
                "fullStart": 9,
                "fullEnd": 18,
                "start": 9,
                "end": 16,
                "fullWidth": 9,
                "width": 7,
                "expression": {
                    "kind": "InvocationExpression",
                    "fullStart": 9,
                    "fullEnd": 15,
                    "start": 9,
                    "end": 15,
                    "fullWidth": 6,
                    "width": 6,
                    "expression": {
                        "kind": "IdentifierName",
                        "fullStart": 7,
                        "start": 9,
                        "fullWidth": 6,
                        "width": 4,
                        "text": "foo1",
                        "value": "foo1",
                        "valueText": "foo1",
                        "hasLeadingTrivia": true,
                        "hasLeadingNewLine": true,
                        "leadingTrivia": [
                            {
                                "kind": "NewLineTrivia",
                                "fullStart": 7,
                                "fullEnd": 9,
                                "text": "\r\n"
                            }
                        ]
                    },
                    "argumentList": {
                        "kind": "ArgumentList",
                        "fullStart": 13,
                        "fullEnd": 15,
                        "start": 13,
                        "end": 15,
                        "fullWidth": 2,
                        "width": 2,
                        "openParenToken": {
                            "kind": "OpenParenToken",
                            "fullStart": 13,
                            "start": 13,
                            "fullWidth": 1,
                            "width": 1,
                            "text": "(",
                            "value": "(",
                            "valueText": "("
                        },
                        "arguments": [],
                        "closeParenToken": {
                            "kind": "CloseParenToken",
                            "fullStart": 14,
                            "start": 14,
                            "fullWidth": 1,
                            "width": 1,
                            "text": ")",
                            "value": ")",
                            "valueText": ")"
                        }
                    }
                },
                "semicolonToken": {
                    "kind": "SemicolonToken",
                    "fullStart": 15,
                    "start": 15,
                    "fullWidth": 1,
                    "width": 1,
                    "text": ";",
                    "value": ";",
                    "valueText": ";"
                }
            },
            {
                "kind": "ExpressionStatement",
                "fullStart": 18,
                "fullEnd": 27,
                "start": 18,
                "end": 25,
                "fullWidth": 9,
                "width": 7,
                "expression": {
                    "kind": "InvocationExpression",
                    "fullStart": 18,
                    "fullEnd": 24,
                    "start": 18,
                    "end": 24,
                    "fullWidth": 6,
                    "width": 6,
                    "expression": {
                        "kind": "IdentifierName",
                        "fullStart": 16,
                        "start": 18,
                        "fullWidth": 6,
                        "width": 4,
                        "text": "foo1",
                        "value": "foo1",
                        "valueText": "foo1",
                        "hasLeadingTrivia": true,
                        "hasLeadingNewLine": true,
                        "leadingTrivia": [
                            {
                                "kind": "NewLineTrivia",
                                "fullStart": 16,
                                "fullEnd": 18,
                                "text": "\r\n"
                            }
                        ]
                    },
                    "argumentList": {
                        "kind": "ArgumentList",
                        "fullStart": 22,
                        "fullEnd": 24,
                        "start": 22,
                        "end": 24,
                        "fullWidth": 2,
                        "width": 2,
                        "openParenToken": {
                            "kind": "OpenParenToken",
                            "fullStart": 22,
                            "start": 22,
                            "fullWidth": 1,
                            "width": 1,
                            "text": "(",
                            "value": "(",
                            "valueText": "("
                        },
                        "arguments": [],
                        "closeParenToken": {
                            "kind": "CloseParenToken",
                            "fullStart": 23,
                            "start": 23,
                            "fullWidth": 1,
                            "width": 1,
                            "text": ")",
                            "value": ")",
                            "valueText": ")"
                        }
                    }
                },
                "semicolonToken": {
                    "kind": "SemicolonToken",
                    "fullStart": 24,
                    "start": 24,
                    "fullWidth": 1,
                    "width": 1,
                    "text": ";",
                    "value": ";",
                    "valueText": ";"
                }
            },
            {
                "kind": "ExpressionStatement",
                "fullStart": 27,
                "fullEnd": 36,
                "start": 27,
                "end": 36,
                "fullWidth": 9,
                "width": 9,
                "expression": {
                    "kind": "InvocationExpression",
                    "fullStart": 27,
                    "fullEnd": 35,
                    "start": 27,
                    "end": 35,
                    "fullWidth": 8,
                    "width": 8,
                    "expression": {
                        "kind": "IdentifierName",
                        "fullStart": 25,
                        "start": 27,
                        "fullWidth": 8,
                        "width": 6,
                        "text": "static",
                        "value": "static",
                        "valueText": "static",
                        "isKeywordConvertedToIdentifier": true,
                        "hasLeadingTrivia": true,
                        "hasLeadingNewLine": true,
                        "leadingTrivia": [
                            {
                                "kind": "NewLineTrivia",
                                "fullStart": 25,
                                "fullEnd": 27,
                                "text": "\r\n"
                            }
                        ]
                    },
                    "argumentList": {
                        "kind": "ArgumentList",
                        "fullStart": 33,
                        "fullEnd": 35,
                        "start": 33,
                        "end": 35,
                        "fullWidth": 2,
                        "width": 2,
                        "openParenToken": {
                            "kind": "OpenParenToken",
                            "fullStart": 33,
                            "start": 33,
                            "fullWidth": 1,
                            "width": 1,
                            "text": "(",
                            "value": "(",
                            "valueText": "("
                        },
                        "arguments": [],
                        "closeParenToken": {
                            "kind": "CloseParenToken",
                            "fullStart": 34,
                            "start": 34,
                            "fullWidth": 1,
                            "width": 1,
                            "text": ")",
                            "value": ")",
                            "valueText": ")"
                        }
                    }
                },
                "semicolonToken": {
                    "kind": "SemicolonToken",
                    "fullStart": 35,
                    "start": 35,
                    "fullWidth": 1,
                    "width": 1,
                    "text": ";",
                    "value": ";",
                    "valueText": ";"
                }
            }
        ],
        "endOfFileToken": {
            "kind": "EndOfFileToken",
            "fullStart": 36,
            "start": 36,
            "fullWidth": 0,
            "width": 0,
            "text": ""
        }
    },
    "lineMap": {
        "lineStarts": [
            0,
            9,
            18,
            27
        ],
        "length": 36
    }
}