{
    "isDeclaration": false,
    "languageVersion": "EcmaScript5",
    "sourceUnit": {
        "kind": "SourceUnit",
        "start": 0,
        "end": 27,
        "width": 27,
        "moduleElements": [
            {
                "kind": "ExpressionStatement",
                "start": 0,
                "end": 13,
                "width": 13,
                "expression": {
                    "kind": "StringLiteral",
                    "fullStart": 0,
                    "start": 0,
                    "fullWidth": 12,
                    "width": 12,
                    "text": "\"use strict\"",
                    "value": "use strict",
                    "valueText": "use strict"
                },
                "semicolonToken": {
                    "kind": "SemicolonToken",
                    "fullStart": 12,
                    "start": 12,
                    "fullWidth": 1,
                    "width": 1,
                    "text": ";",
                    "value": ";",
                    "valueText": ";"
                }
            },
            {
                "kind": "ExpressionStatement",
                "start": 15,
                "end": 27,
                "width": 12,
                "parsedInStrictMode": true,
                "expression": {
                    "kind": "DeleteExpression",
                    "start": 15,
                    "end": 26,
                    "width": 11,
                    "parsedInStrictMode": true,
                    "deleteKeyword": {
                        "kind": "DeleteKeyword",
                        "fullStart": 13,
                        "start": 15,
                        "fullWidth": 8,
                        "width": 6,
                        "text": "delete",
                        "value": "delete",
                        "valueText": "delete",
                        "hasLeadingTrivia": true,
                        "hasLeadingNewLine": true,
                        "leadingTrivia": [
                            {
                                "kind": "NewLineTrivia",
                                "fullStart": 13,
                                "fullEnd": 15,
                                "text": "\r\n"
                            }
                        ]
                    },
                    "expression": {
                        "kind": "ElementAccessExpression",
                        "start": 22,
                        "end": 26,
                        "width": 4,
                        "parsedInStrictMode": true,
                        "expression": {
                            "kind": "IdentifierName",
                            "fullStart": 21,
                            "start": 22,
                            "fullWidth": 2,
                            "width": 1,
                            "text": "a",
                            "value": "a",
                            "valueText": "a",
                            "hasLeadingTrivia": true,
                            "leadingTrivia": [
                                {
                                    "kind": "WhitespaceTrivia",
                                    "fullStart": 21,
                                    "fullEnd": 22,
                                    "text": " "
                                }
                            ]
                        },
                        "openBracketToken": {
                            "kind": "OpenBracketToken",
                            "fullStart": 23,
                            "start": 23,
                            "fullWidth": 1,
                            "width": 1,
                            "text": "[",
                            "value": "[",
                            "valueText": "["
                        },
                        "argumentExpression": {
                            "kind": "IdentifierName",
                            "fullStart": 24,
                            "start": 24,
                            "fullWidth": 1,
                            "width": 1,
                            "text": "b",
                            "value": "b",
                            "valueText": "b"
                        },
                        "closeBracketToken": {
                            "kind": "CloseBracketToken",
                            "fullStart": 25,
                            "start": 25,
                            "fullWidth": 1,
                            "width": 1,
                            "text": "]",
                            "value": "]",
                            "valueText": "]"
                        }
                    }
                },
                "semicolonToken": {
                    "kind": "SemicolonToken",
                    "fullStart": 26,
                    "start": 26,
                    "fullWidth": 1,
                    "width": 1,
                    "text": ";",
                    "value": ";",
                    "valueText": ";"
                }
            }
        ],
        "endOfFileToken": {
            "kind": "EndOfFileToken",
            "fullStart": 27,
            "start": 27,
            "fullWidth": 0,
            "width": 0,
            "text": ""
        }
    },
    "lineMap": {
        "lineStarts": [
            0,
            15
        ],
        "length": 27
    }
}