{
    "isDeclaration": false,
    "languageVersion": "EcmaScript6",
    "sourceUnit": {
        "kind": "SourceUnit",
        "start": 0,
        "end": 36,
        "width": 36,
        "moduleElements": [
            {
                "kind": "ClassDeclaration",
                "start": 0,
                "end": 36,
                "width": 36,
                "classKeyword": {
                    "kind": "ClassKeyword",
                    "fullStart": 0,
                    "start": 0,
                    "fullWidth": 5,
                    "width": 5,
                    "text": "class",
                    "value": "class",
                    "valueText": "class"
                },
                "identifier": {
                    "kind": "IdentifierName",
                    "fullStart": 5,
                    "start": 6,
                    "fullWidth": 2,
                    "width": 1,
                    "text": "C",
                    "value": "C",
                    "valueText": "C",
                    "hasLeadingTrivia": true,
                    "leadingTrivia": [
                        {
                            "kind": "WhitespaceTrivia",
                            "fullStart": 5,
                            "fullEnd": 6,
                            "text": " "
                        }
                    ]
                },
                "openBraceToken": {
                    "kind": "OpenBraceToken",
                    "fullStart": 7,
                    "start": 8,
                    "fullWidth": 2,
                    "width": 1,
                    "text": "{",
                    "value": "{",
                    "valueText": "{",
                    "hasLeadingTrivia": true,
                    "leadingTrivia": [
                        {
                            "kind": "WhitespaceTrivia",
                            "fullStart": 7,
                            "fullEnd": 8,
                            "text": " "
                        }
                    ]
                },
                "classElements": [
                    {
                        "kind": "MemberVariableDeclaration",
                        "start": 14,
                        "end": 19,
                        "width": 5,
                        "variableDeclarator": {
                            "kind": "VariableDeclarator",
                            "start": 14,
                            "end": 19,
                            "width": 5,
                            "propertyName": {
                                "kind": "IdentifierName",
                                "fullStart": 9,
                                "start": 14,
                                "fullWidth": 10,
                                "width": 5,
                                "text": "async",
                                "value": "async",
                                "valueText": "async",
                                "isKeywordConvertedToIdentifier": true,
                                "hasLeadingTrivia": true,
                                "hasLeadingNewLine": true,
                                "leadingTrivia": [
                                    {
                                        "kind": "NewLineTrivia",
                                        "fullStart": 9,
                                        "fullEnd": 11,
                                        "text": "\r\n"
                                    },
                                    {
                                        "kind": "WhitespaceTrivia",
                                        "fullStart": 11,
                                        "fullEnd": 14,
                                        "text": "   "
                                    }
                                ]
                            }
                        }
                    },
                    {
                        "kind": "MemberFunctionDeclaration",
                        "start": 24,
                        "end": 33,
                        "width": 9,
                        "propertyName": {
                            "kind": "IdentifierName",
                            "fullStart": 19,
                            "start": 24,
                            "fullWidth": 8,
                            "width": 3,
                            "text": "foo",
                            "value": "foo",
                            "valueText": "foo",
                            "hasLeadingTrivia": true,
                            "hasLeadingNewLine": true,
                            "leadingTrivia": [
                                {
                                    "kind": "NewLineTrivia",
                                    "fullStart": 19,
                                    "fullEnd": 21,
                                    "text": "\r\n"
                                },
                                {
                                    "kind": "WhitespaceTrivia",
                                    "fullStart": 21,
                                    "fullEnd": 24,
                                    "text": "   "
                                }
                            ]
                        },
                        "callSignature": {
                            "kind": "CallSignature",
                            "start": 27,
                            "end": 29,
                            "width": 2,
                            "parameterList": {
                                "kind": "ParameterList",
                                "start": 27,
                                "end": 29,
                                "width": 2,
                                "openParenToken": {
                                    "kind": "OpenParenToken",
                                    "fullStart": 27,
                                    "start": 27,
                                    "fullWidth": 1,
                                    "width": 1,
                                    "text": "(",
                                    "value": "(",
                                    "valueText": "("
                                },
                                "closeParenToken": {
                                    "kind": "CloseParenToken",
                                    "fullStart": 28,
                                    "start": 28,
                                    "fullWidth": 1,
                                    "width": 1,
                                    "text": ")",
                                    "value": ")",
                                    "valueText": ")"
                                }
                            }
                        },
                        "body": {
                            "kind": "Block",
                            "start": 30,
                            "end": 33,
                            "width": 3,
                            "openBraceToken": {
                                "kind": "OpenBraceToken",
                                "fullStart": 29,
                                "start": 30,
                                "fullWidth": 2,
                                "width": 1,
                                "text": "{",
                                "value": "{",
                                "valueText": "{",
                                "hasLeadingTrivia": true,
                                "leadingTrivia": [
                                    {
                                        "kind": "WhitespaceTrivia",
                                        "fullStart": 29,
                                        "fullEnd": 30,
                                        "text": " "
                                    }
                                ]
                            },
                            "closeBraceToken": {
                                "kind": "CloseBraceToken",
                                "fullStart": 31,
                                "start": 32,
                                "fullWidth": 2,
                                "width": 1,
                                "text": "}",
                                "value": "}",
                                "valueText": "}",
                                "hasLeadingTrivia": true,
                                "leadingTrivia": [
                                    {
                                        "kind": "WhitespaceTrivia",
                                        "fullStart": 31,
                                        "fullEnd": 32,
                                        "text": " "
                                    }
                                ]
                            }
                        }
                    }
                ],
                "closeBraceToken": {
                    "kind": "CloseBraceToken",
                    "fullStart": 33,
                    "start": 35,
                    "fullWidth": 3,
                    "width": 1,
                    "text": "}",
                    "value": "}",
                    "valueText": "}",
                    "hasLeadingTrivia": true,
                    "hasLeadingNewLine": true,
                    "leadingTrivia": [
                        {
                            "kind": "NewLineTrivia",
                            "fullStart": 33,
                            "fullEnd": 35,
                            "text": "\r\n"
                        }
                    ]
                }
            }
        ],
        "endOfFileToken": {
            "kind": "EndOfFileToken",
            "fullStart": 36,
            "start": 36,
            "fullWidth": 0,
            "width": 0,
            "text": ""
        }
    },
    "lineMap": {
        "lineStarts": [
            0,
            11,
            21,
            35
        ],
        "length": 36
    }
}